trcKernelPort.c:164:10:prvTraceGetQueueNumber	16	static
trcKernelPort.c:170:9:prvTraceGetQueueType	16	static
trcKernelPort.c:177:10:prvTraceGetTaskNumberLow16	16	static
trcKernelPort.c:182:10:prvTraceGetTaskNumberHigh16	16	static
trcKernelPort.c:187:6:prvTraceSetTaskNumberLow16	16	static
trcKernelPort.c:192:6:prvTraceSetTaskNumberHigh16	16	static
trcKernelPort.c:197:10:prvTraceGetQueueNumberLow16	16	static
trcKernelPort.c:202:10:prvTraceGetQueueNumberHigh16	16	static
trcKernelPort.c:207:6:prvTraceSetQueueNumberLow16	16	static
trcKernelPort.c:212:6:prvTraceSetQueueNumberHigh16	16	static
trcKernelPort.c:362:6:prvAddTaskToStackMonitor	24	static
trcKernelPort.c:385:6:prvRemoveTaskFromStackMonitor	24	static
trcKernelPort.c:399:6:prvReportStackUsage	24	static
trcKernelPort.c:799:6:vTraceSetQueueName	16	static
trcKernelPort.c:812:6:vTraceSetSemaphoreName	16	static
trcKernelPort.c:825:6:vTraceSetMutexName	16	static
trcKernelPort.c:875:7:prvTraceGetCurrentTaskHandle	8	static
trcKernelPort.c:914:6:vTraceEnable	32	static
trcKernelPort.c:953:8:TzCtrl	16	static
trcKernelPort.c:970:6:vTraceInitObjectPropertyTable	4	static
trcKernelPort.c:1013:6:vTraceInitObjectHandleStack	4	static
trcKernelPort.c:1037:13:pszTraceGetErrorNotEnoughHandles	16	static
trcKernelPort.c:1071:15:prvTraceIsSchedulerSuspended	8	static
