Archive member included to satisfy reference by file (symbol)

c:/st/stm32cubeide_1.5.0/stm32cubeide/plugins/com.st.stm32cube.ide.mcu.externaltools.gnu-tools-for-stm32.7-2018-q2-update.win32_1.5.0.202011040924/tools/bin/../lib/gcc/arm-none-eabi/7.3.1/../../../../arm-none-eabi/lib/thumb/v7e-m/fpv4-sp/hard\libc_nano.a(lib_a-errno.o)
                              Core/Src/syscalls.o (__errno)
c:/st/stm32cubeide_1.5.0/stm32cubeide/plugins/com.st.stm32cube.ide.mcu.externaltools.gnu-tools-for-stm32.7-2018-q2-update.win32_1.5.0.202011040924/tools/bin/../lib/gcc/arm-none-eabi/7.3.1/../../../../arm-none-eabi/lib/thumb/v7e-m/fpv4-sp/hard\libc_nano.a(lib_a-exit.o)
                              c:/st/stm32cubeide_1.5.0/stm32cubeide/plugins/com.st.stm32cube.ide.mcu.externaltools.gnu-tools-for-stm32.7-2018-q2-update.win32_1.5.0.202011040924/tools/bin/../lib/gcc/arm-none-eabi/7.3.1/../../../../arm-none-eabi/lib/thumb/v7e-m/fpv4-sp/hard/crt0.o (exit)
c:/st/stm32cubeide_1.5.0/stm32cubeide/plugins/com.st.stm32cube.ide.mcu.externaltools.gnu-tools-for-stm32.7-2018-q2-update.win32_1.5.0.202011040924/tools/bin/../lib/gcc/arm-none-eabi/7.3.1/../../../../arm-none-eabi/lib/thumb/v7e-m/fpv4-sp/hard\libc_nano.a(lib_a-impure.o)
                              c:/st/stm32cubeide_1.5.0/stm32cubeide/plugins/com.st.stm32cube.ide.mcu.externaltools.gnu-tools-for-stm32.7-2018-q2-update.win32_1.5.0.202011040924/tools/bin/../lib/gcc/arm-none-eabi/7.3.1/../../../../arm-none-eabi/lib/thumb/v7e-m/fpv4-sp/hard\libc_nano.a(lib_a-exit.o) (_global_impure_ptr)
c:/st/stm32cubeide_1.5.0/stm32cubeide/plugins/com.st.stm32cube.ide.mcu.externaltools.gnu-tools-for-stm32.7-2018-q2-update.win32_1.5.0.202011040924/tools/bin/../lib/gcc/arm-none-eabi/7.3.1/../../../../arm-none-eabi/lib/thumb/v7e-m/fpv4-sp/hard\libc_nano.a(lib_a-init.o)
                              c:/st/stm32cubeide_1.5.0/stm32cubeide/plugins/com.st.stm32cube.ide.mcu.externaltools.gnu-tools-for-stm32.7-2018-q2-update.win32_1.5.0.202011040924/tools/bin/../lib/gcc/arm-none-eabi/7.3.1/../../../../arm-none-eabi/lib/thumb/v7e-m/fpv4-sp/hard/crt0.o (__libc_init_array)
c:/st/stm32cubeide_1.5.0/stm32cubeide/plugins/com.st.stm32cube.ide.mcu.externaltools.gnu-tools-for-stm32.7-2018-q2-update.win32_1.5.0.202011040924/tools/bin/../lib/gcc/arm-none-eabi/7.3.1/../../../../arm-none-eabi/lib/thumb/v7e-m/fpv4-sp/hard\libc_nano.a(lib_a-memcpy-stub.o)
                              Middlewares/Third_Party/FreeRTOS/Source/queue.o (memcpy)
c:/st/stm32cubeide_1.5.0/stm32cubeide/plugins/com.st.stm32cube.ide.mcu.externaltools.gnu-tools-for-stm32.7-2018-q2-update.win32_1.5.0.202011040924/tools/bin/../lib/gcc/arm-none-eabi/7.3.1/../../../../arm-none-eabi/lib/thumb/v7e-m/fpv4-sp/hard\libc_nano.a(lib_a-memset.o)
                              c:/st/stm32cubeide_1.5.0/stm32cubeide/plugins/com.st.stm32cube.ide.mcu.externaltools.gnu-tools-for-stm32.7-2018-q2-update.win32_1.5.0.202011040924/tools/bin/../lib/gcc/arm-none-eabi/7.3.1/../../../../arm-none-eabi/lib/thumb/v7e-m/fpv4-sp/hard/crt0.o (memset)
c:/st/stm32cubeide_1.5.0/stm32cubeide/plugins/com.st.stm32cube.ide.mcu.externaltools.gnu-tools-for-stm32.7-2018-q2-update.win32_1.5.0.202011040924/tools/bin/../lib/gcc/arm-none-eabi/7.3.1/../../../../arm-none-eabi/lib/thumb/v7e-m/fpv4-sp/hard\libc_nano.a(lib_a-puts.o)
                              Core/Src/main.o (puts)
c:/st/stm32cubeide_1.5.0/stm32cubeide/plugins/com.st.stm32cube.ide.mcu.externaltools.gnu-tools-for-stm32.7-2018-q2-update.win32_1.5.0.202011040924/tools/bin/../lib/gcc/arm-none-eabi/7.3.1/../../../../arm-none-eabi/lib/thumb/v7e-m/fpv4-sp/hard\libc_nano.a(lib_a-wbuf.o)
                              c:/st/stm32cubeide_1.5.0/stm32cubeide/plugins/com.st.stm32cube.ide.mcu.externaltools.gnu-tools-for-stm32.7-2018-q2-update.win32_1.5.0.202011040924/tools/bin/../lib/gcc/arm-none-eabi/7.3.1/../../../../arm-none-eabi/lib/thumb/v7e-m/fpv4-sp/hard\libc_nano.a(lib_a-puts.o) (__swbuf_r)
c:/st/stm32cubeide_1.5.0/stm32cubeide/plugins/com.st.stm32cube.ide.mcu.externaltools.gnu-tools-for-stm32.7-2018-q2-update.win32_1.5.0.202011040924/tools/bin/../lib/gcc/arm-none-eabi/7.3.1/../../../../arm-none-eabi/lib/thumb/v7e-m/fpv4-sp/hard\libc_nano.a(lib_a-wsetup.o)
                              c:/st/stm32cubeide_1.5.0/stm32cubeide/plugins/com.st.stm32cube.ide.mcu.externaltools.gnu-tools-for-stm32.7-2018-q2-update.win32_1.5.0.202011040924/tools/bin/../lib/gcc/arm-none-eabi/7.3.1/../../../../arm-none-eabi/lib/thumb/v7e-m/fpv4-sp/hard\libc_nano.a(lib_a-puts.o) (__swsetup_r)
c:/st/stm32cubeide_1.5.0/stm32cubeide/plugins/com.st.stm32cube.ide.mcu.externaltools.gnu-tools-for-stm32.7-2018-q2-update.win32_1.5.0.202011040924/tools/bin/../lib/gcc/arm-none-eabi/7.3.1/../../../../arm-none-eabi/lib/thumb/v7e-m/fpv4-sp/hard\libc_nano.a(lib_a-fflush.o)
[...]
Memory Configuration

Name             Origin             Length             Attributes
CCMRAM           0x0000000010000000 0x0000000000010000 xrw
RAM              0x0000000020000000 0x0000000000020000 xrw
FLASH            0x0000000008000000 0x0000000000100000 xr
*default*        0x0000000000000000 0xffffffffffffffff

Linker script and memory map

LOAD c:/st/stm32cubeide_1.5.0/stm32cubeide/plugins/com.st.stm32cube.ide.mcu.externaltools.gnu-tools-for-stm32.7-2018-q2-update.win32_1.5.0.202011040924/tools/bin/../lib/gcc/arm-none-eabi/7.3.1/thumb/v7e-m/fpv4-sp/hard/crti.o
LOAD c:/st/stm32cubeide_1.5.0/stm32cubeide/plugins/com.st.stm32cube.ide.mcu.externaltools.gnu-tools-for-stm32.7-2018-q2-update.win32_1.5.0.202011040924/tools/bin/../lib/gcc/arm-none-eabi/7.3.1/thumb/v7e-m/fpv4-sp/hard/crtbegin.o
LOAD c:/st/stm32cubeide_1.5.0/stm32cubeide/plugins/com.st.stm32cube.ide.mcu.externaltools.gnu-tools-for-stm32.7-2018-q2-update.win32_1.5.0.202011040924/tools/bin/../lib/gcc/arm-none-eabi/7.3.1/../../../../arm-none-eabi/lib/thumb/v7e-m/fpv4-sp/hard/crt0.o
LOAD Core/Src/freertos.o
LOAD Core/Src/main.o
LOAD Core/Src/stm32f4xx_hal_msp.o
LOAD Core/Src/stm32f4xx_it.o
LOAD Core/Src/syscalls.o
LOAD Core/Src/sysmem.o
LOAD Core/Src/system_stm32f4xx.o
LOAD Core/Startup/startup_stm32f407vgtx.o
LOAD Drivers/STM32F4xx_HAL_Driver/Src/stm32f4xx_hal.o
LOAD Drivers/STM32F4xx_HAL_Driver/Src/stm32f4xx_hal_cortex.o
LOAD Drivers/STM32F4xx_HAL_Driver/Src/stm32f4xx_hal_dma.o
LOAD Drivers/STM32F4xx_HAL_Driver/Src/stm32f4xx_hal_dma_ex.o
LOAD Drivers/STM32F4xx_HAL_Driver/Src/stm32f4xx_hal_exti.o
LOAD Drivers/STM32F4xx_HAL_Driver/Src/stm32f4xx_hal_flash.o
LOAD Drivers/STM32F4xx_HAL_Driver/Src/stm32f4xx_hal_flash_ex.o
LOAD Drivers/STM32F4xx_HAL_Driver/Src/stm32f4xx_hal_flash_ramfunc.o
LOAD Drivers/STM32F4xx_HAL_Driver/Src/stm32f4xx_hal_gpio.o
LOAD Drivers/STM32F4xx_HAL_Driver/Src/stm32f4xx_hal_pwr.o
LOAD Drivers/STM32F4xx_HAL_Driver/Src/stm32f4xx_hal_pwr_ex.o
LOAD Drivers/STM32F4xx_HAL_Driver/Src/stm32f4xx_hal_rcc.o
LOAD Drivers/STM32F4xx_HAL_Driver/Src/stm32f4xx_hal_rcc_ex.o
LOAD Drivers/STM32F4xx_HAL_Driver/Src/stm32f4xx_hal_tim.o
LOAD Drivers/STM32F4xx_HAL_Driver/Src/stm32f4xx_hal_tim_ex.o
LOAD Middlewares/Third_Party/FreeRTOS/Source/CMSIS_RTOS/cmsis_os.o
LOAD Middlewares/Third_Party/FreeRTOS/Source/croutine.o
LOAD Middlewares/Third_Party/FreeRTOS/Source/event_groups.o
LOAD Middlewares/Third_Party/FreeRTOS/Source/list.o
LOAD Middlewares/Third_Party/FreeRTOS/Source/queue.o
LOAD Middlewares/Third_Party/FreeRTOS/Source/stream_buffer.o
LOAD Middlewares/Third_Party/FreeRTOS/Source/tasks.o
LOAD Middlewares/Third_Party/FreeRTOS/Source/timers.o
LOAD Middlewares/Third_Party/FreeRTOS/Source/portable/GCC/ARM_CM4F/port.o
LOAD Middlewares/Third_Party/FreeRTOS/Source/portable/MemMang/heap_4.o
START GROUP
LOAD c:/st/stm32cubeide_1.5.0/stm32cubeide/plugins/com.st.stm32cube.ide.mcu.externaltools.gnu-tools-for-stm32.7-2018-q2-update.win32_1.5.0.202011040924/tools/bin/../lib/gcc/arm-none-eabi/7.3.1/../../../../arm-none-eabi/lib/thumb/v7e-m/fpv4-sp/hard\libc_nano.a
LOAD c:/st/stm32cubeide_1.5.0/stm32cubeide/plugins/com.st.stm32cube.ide.mcu.externaltools.gnu-tools-for-stm32.7-2018-q2-update.win32_1.5.0.202011040924/tools/bin/../lib/gcc/arm-none-eabi/7.3.1/../../../../arm-none-eabi/lib/thumb/v7e-m/fpv4-sp/hard\libm.a
END GROUP
START GROUP
LOAD c:/st/stm32cubeide_1.5.0/stm32cubeide/plugins/com.st.stm32cube.ide.mcu.externaltools.gnu-tools-for-stm32.7-2018-q2-update.win32_1.5.0.202011040924/tools/bin/../lib/gcc/arm-none-eabi/7.3.1/thumb/v7e-m/fpv4-sp/hard\libgcc.a
LOAD c:/st/stm32cubeide_1.5.0/stm32cubeide/plugins/com.st.stm32cube.ide.mcu.externaltools.gnu-tools-for-stm32.7-2018-q2-update.win32_1.5.0.202011040924/tools/bin/../lib/gcc/arm-none-eabi/7.3.1/../../../../arm-none-eabi/lib/thumb/v7e-m/fpv4-sp/hard\libc_nano.a
END GROUP
START GROUP
LOAD c:/st/stm32cubeide_1.5.0/stm32cubeide/plugins/com.st.stm32cube.ide.mcu.externaltools.gnu-tools-for-stm32.7-2018-q2-update.win32_1.5.0.202011040924/tools/bin/../lib/gcc/arm-none-eabi/7.3.1/thumb/v7e-m/fpv4-sp/hard\libgcc.a
LOAD c:/st/stm32cubeide_1.5.0/stm32cubeide/plugins/com.st.stm32cube.ide.mcu.externaltools.gnu-tools-for-stm32.7-2018-q2-update.win32_1.5.0.202011040924/tools/bin/../lib/gcc/arm-none-eabi/7.3.1/../../../../arm-none-eabi/lib/thumb/v7e-m/fpv4-sp/hard\libc_nano.a
LOAD c:/st/stm32cubeide_1.5.0/stm32cubeide/plugins/com.st.stm32cube.ide.mcu.externaltools.gnu-tools-for-stm32.7-2018-q2-update.win32_1.5.0.202011040924/tools/bin/../lib/gcc/arm-none-eabi/7.3.1/../../../../arm-none-eabi/lib/thumb/v7e-m/fpv4-sp/hard\libnosys.a
END GROUP
START GROUP
LOAD c:/st/stm32cubeide_1.5.0/stm32cubeide/plugins/com.st.stm32cube.ide.mcu.externaltools.gnu-tools-for-stm32.7-2018-q2-update.win32_1.5.0.202011040924/tools/bin/../lib/gcc/arm-none-eabi/7.3.1/thumb/v7e-m/fpv4-sp/hard\libgcc.a
LOAD c:/st/stm32cubeide_1.5.0/stm32cubeide/plugins/com.st.stm32cube.ide.mcu.externaltools.gnu-tools-for-stm32.7-2018-q2-update.win32_1.5.0.202011040924/tools/bin/../lib/gcc/arm-none-eabi/7.3.1/../../../../arm-none-eabi/lib/thumb/v7e-m/fpv4-sp/hard\libc_nano.a
LOAD c:/st/stm32cubeide_1.5.0/stm32cubeide/plugins/com.st.stm32cube.ide.mcu.externaltools.gnu-tools-for-stm32.7-2018-q2-update.win32_1.5.0.202011040924/tools/bin/../lib/gcc/arm-none-eabi/7.3.1/../../../../arm-none-eabi/lib/thumb/v7e-m/fpv4-sp/hard\libnosys.a
END GROUP
LOAD c:/st/stm32cubeide_1.5.0/stm32cubeide/plugins/com.st.stm32cube.ide.mcu.externaltools.gnu-tools-for-stm32.7-2018-q2-update.win32_1.5.0.202011040924/tools/bin/../lib/gcc/arm-none-eabi/7.3.1/thumb/v7e-m/fpv4-sp/hard/crtend.o
LOAD c:/st/stm32cubeide_1.5.0/stm32cubeide/plugins/com.st.stm32cube.ide.mcu.externaltools.gnu-tools-for-stm32.7-2018-q2-update.win32_1.5.0.202011040924/tools/bin/../lib/gcc/arm-none-eabi/7.3.1/thumb/v7e-m/fpv4-sp/hard/crtn.o
                0x0000000020020000                _estack = (ORIGIN (RAM) + LENGTH (RAM))
                0x0000000000000200                _Min_Heap_Size = 0x200
                0x0000000000000400                _Min_Stack_Size = 0x400

.isr_vector     0x0000000008000000      0x188
                0x0000000008000000                . = ALIGN (0x4)
 *(.isr_vector)
 .isr_vector    0x0000000008000000      0x188 Core/Startup/startup_stm32f407vgtx.o
                0x0000000008000000                g_pfnVectors
                0x0000000008000188                . = ALIGN (0x4)

.text           0x0000000008000190     0x4930
                0x0000000008000190                . = ALIGN (0x4)
 *(.text)
 .text          0x0000000008000190       0x40 c:/st/stm32cubeide_1.5.0/stm32cubeide/plugins/com.st.stm32cube.ide.mcu.externaltools.gnu-tools-for-stm32.7-2018-q2-update.win32_1.5.0.202011040924/tools/bin/../lib/gcc/arm-none-eabi/7.3.1/thumb/v7e-m/fpv4-sp/hard/crtbegin.o
 .text          0x00000000080001d0       0x30 c:/st/stm32cubeide_1.5.0/stm32cubeide/plugins/com.st.stm32cube.ide.mcu.externaltools.gnu-tools-for-stm32.7-2018-q2-update.win32_1.5.0.202011040924/tools/bin/../lib/gcc/arm-none-eabi/7.3.1/thumb/v7e-m/fpv4-sp/hard\libgcc.a(_aeabi_uldivmod.o)
                0x00000000080001d0                __aeabi_uldivmod
 .text          0x0000000008000200      0x2cc c:/st/stm32cubeide_1.5.0/stm32cubeide/plugins/com.st.stm32cube.ide.mcu.externaltools.gnu-tools-for-stm32.7-2018-q2-update.win32_1.5.0.202011040924/tools/bin/../lib/gcc/arm-none-eabi/7.3.1/thumb/v7e-m/fpv4-sp/hard\libgcc.a(_udivmoddi4.o)
                0x0000000008000200                __udivmoddi4
 .text          0x00000000080004cc        0x4 c:/st/stm32cubeide_1.5.0/stm32cubeide/plugins/com.st.stm32cube.ide.mcu.externaltools.gnu-tools-for-stm32.7-2018-q2-update.win32_1.5.0.202011040924/tools/bin/../lib/gcc/arm-none-eabi/7.3.1/thumb/v7e-m/fpv4-sp/hard\libgcc.a(_dvmd_tls.o)
                0x00000000080004cc                __aeabi_idiv0
                0x00000000080004cc                __aeabi_ldiv0
 *(.text*)
 .text.vApplicationGetIdleTaskMemory
                0x00000000080004d0       0x34 Core/Src/freertos.o
                0x00000000080004d0                vApplicationGetIdleTaskMemory
 .text.vApplicationGetTimerTaskMemory
                0x0000000008000504       0x34 Core/Src/freertos.o
                0x0000000008000504                vApplicationGetTimerTaskMemory
 .text.ITM_SendChar
                0x0000000008000538       0x4e Core/Src/main.o
 .text._write   0x0000000008000586       0x3c Core/Src/main.o
                0x0000000008000586                _write
 *fill*         0x00000000080005c2        0x2 
 .text.vBlueLedControllerTask
                0x00000000080005c4       0x50 Core/Src/main.o
                0x00000000080005c4                vBlueLedControllerTask
 .text.vRedLedControllerTask
                0x0000000008000614       0x40 Core/Src/main.o
                0x0000000008000614                vRedLedControllerTask
 .text.main     0x0000000008000654       0x58 Core/Src/main.o
                0x0000000008000654                main
 .text.SystemClock_Config
                0x00000000080006ac       0xbc Core/Src/main.o
                0x00000000080006ac                SystemClock_Config
 .text.MX_GPIO_Init
                0x0000000008000768       0xec Core/Src/main.o
 .text.Error_Handler
                0x0000000008000854        0x8 Core/Src/main.o
                0x0000000008000854                Error_Handler
 .text.HAL_MspInit
                0x000000000800085c       0x58 Core/Src/stm32f4xx_hal_msp.o
                0x000000000800085c                HAL_MspInit
 .text.NMI_Handler
                0x00000000080008b4        0x6 Core/Src/stm32f4xx_it.o
                0x00000000080008b4                NMI_Handler
 .text.HardFault_Handler
                0x00000000080008ba        0x6 Core/Src/stm32f4xx_it.o
                0x00000000080008ba                HardFault_Handler
 .text.MemManage_Handler
                0x00000000080008c0        0x6 Core/Src/stm32f4xx_it.o
                0x00000000080008c0                MemManage_Handler
 .text.BusFault_Handler
                0x00000000080008c6        0x6 Core/Src/stm32f4xx_it.o
                0x00000000080008c6                BusFault_Handler
 .text.UsageFault_Handler
                0x00000000080008cc        0x6 Core/Src/stm32f4xx_it.o
                0x00000000080008cc                UsageFault_Handler
 .text.DebugMon_Handler
                0x00000000080008d2        0xe Core/Src/stm32f4xx_it.o
                0x00000000080008d2                DebugMon_Handler
 .text.SysTick_Handler
                0x00000000080008e0       0x1a Core/Src/stm32f4xx_it.o
                0x00000000080008e0                SysTick_Handler
 .text._read    0x00000000080008fa       0x3a Core/Src/syscalls.o
                0x00000000080008fa                _read
 .text._close   0x0000000008000934       0x18 Core/Src/syscalls.o
                0x0000000008000934                _close
 .text._fstat   0x000000000800094c       0x20 Core/Src/syscalls.o
                0x000000000800094c                _fstat
 .text._isatty  0x000000000800096c       0x16 Core/Src/syscalls.o
                0x000000000800096c                _isatty
 .text._lseek   0x0000000008000982       0x1a Core/Src/syscalls.o
                0x0000000008000982                _lseek
 .text._sbrk    0x000000000800099c       0x6c Core/Src/sysmem.o
                0x000000000800099c                _sbrk
 .text.SystemInit
                0x0000000008000a08       0x2c Core/Src/system_stm32f4xx.o
                0x0000000008000a08                SystemInit
 .text.Reset_Handler
                0x0000000008000a34       0x50 Core/Startup/startup_stm32f407vgtx.o
                0x0000000008000a34                Reset_Handler
 .text.Default_Handler
                0x0000000008000a84        0x2 Core/Startup/startup_stm32f407vgtx.o
                0x0000000008000a84                RTC_Alarm_IRQHandler
                0x0000000008000a84                HASH_RNG_IRQHandler
                0x0000000008000a84                EXTI2_IRQHandler
                0x0000000008000a84                TIM8_CC_IRQHandler
                0x0000000008000a84                TIM1_CC_IRQHandler
                0x0000000008000a84                DMA2_Stream5_IRQHandler
                0x0000000008000a84                DMA1_Stream5_IRQHandler
                0x0000000008000a84                PVD_IRQHandler
                0x0000000008000a84                SDIO_IRQHandler
                0x0000000008000a84                TAMP_STAMP_IRQHandler
                0x0000000008000a84                CAN2_RX1_IRQHandler
                0x0000000008000a84                EXTI3_IRQHandler
                0x0000000008000a84                TIM8_TRG_COM_TIM14_IRQHandler
                0x0000000008000a84                TIM1_UP_TIM10_IRQHandler
                0x0000000008000a84                TIM8_UP_TIM13_IRQHandler
                0x0000000008000a84                I2C3_ER_IRQHandler
                0x0000000008000a84                EXTI0_IRQHandler
                0x0000000008000a84                I2C2_EV_IRQHandler
                0x0000000008000a84                DMA1_Stream2_IRQHandler
                0x0000000008000a84                CAN1_RX0_IRQHandler
                0x0000000008000a84                FPU_IRQHandler
                0x0000000008000a84                OTG_HS_WKUP_IRQHandler
                0x0000000008000a84                CAN2_SCE_IRQHandler
                0x0000000008000a84                DMA2_Stream2_IRQHandler
                0x0000000008000a84                SPI1_IRQHandler
                0x0000000008000a84                TIM6_DAC_IRQHandler
                0x0000000008000a84                TIM1_BRK_TIM9_IRQHandler
                0x0000000008000a84                DCMI_IRQHandler
                0x0000000008000a84                CAN2_RX0_IRQHandler
                0x0000000008000a84                DMA2_Stream3_IRQHandler
                0x0000000008000a84                USART6_IRQHandler
                0x0000000008000a84                USART3_IRQHandler
                0x0000000008000a84                CAN1_RX1_IRQHandler
                0x0000000008000a84                UART5_IRQHandler
                0x0000000008000a84                DMA2_Stream0_IRQHandler
                0x0000000008000a84                TIM4_IRQHandler
                0x0000000008000a84                I2C1_EV_IRQHandler
                0x0000000008000a84                DMA1_Stream6_IRQHandler
                0x0000000008000a84                DMA1_Stream1_IRQHandler
                0x0000000008000a84                UART4_IRQHandler
                0x0000000008000a84                TIM3_IRQHandler
                0x0000000008000a84                RCC_IRQHandler
                0x0000000008000a84                TIM8_BRK_TIM12_IRQHandler
                0x0000000008000a84                Default_Handler
                0x0000000008000a84                EXTI15_10_IRQHandler
                0x0000000008000a84                ADC_IRQHandler
                0x0000000008000a84                DMA1_Stream7_IRQHandler
                0x0000000008000a84                TIM7_IRQHandler
                0x0000000008000a84                CAN2_TX_IRQHandler
                0x0000000008000a84                TIM5_IRQHandler
                0x0000000008000a84                DMA2_Stream7_IRQHandler
                0x0000000008000a84                I2C3_EV_IRQHandler
                0x0000000008000a84                EXTI9_5_IRQHandler
                0x0000000008000a84                RTC_WKUP_IRQHandler
                0x0000000008000a84                ETH_WKUP_IRQHandler
                0x0000000008000a84                SPI2_IRQHandler
                0x0000000008000a84                OTG_HS_EP1_IN_IRQHandler
                0x0000000008000a84                DMA1_Stream0_IRQHandler
                0x0000000008000a84                CAN1_TX_IRQHandler
                0x0000000008000a84                EXTI4_IRQHandler
                0x0000000008000a84                FSMC_IRQHandler
                0x0000000008000a84                ETH_IRQHandler
                0x0000000008000a84                OTG_HS_EP1_OUT_IRQHandler
                0x0000000008000a84                WWDG_IRQHandler
                0x0000000008000a84                TIM2_IRQHandler
                0x0000000008000a84                OTG_FS_WKUP_IRQHandler
                0x0000000008000a84                TIM1_TRG_COM_TIM11_IRQHandler
                0x0000000008000a84                OTG_HS_IRQHandler
                0x0000000008000a84                EXTI1_IRQHandler
                0x0000000008000a84                USART2_IRQHandler
                0x0000000008000a84                I2C2_ER_IRQHandler
                0x0000000008000a84                DMA2_Stream1_IRQHandler
                0x0000000008000a84                CAN1_SCE_IRQHandler
                0x0000000008000a84                FLASH_IRQHandler
                0x0000000008000a84                DMA2_Stream4_IRQHandler
                0x0000000008000a84                USART1_IRQHandler
                0x0000000008000a84                OTG_FS_IRQHandler
                0x0000000008000a84                SPI3_IRQHandler
                0x0000000008000a84                DMA1_Stream4_IRQHandler
                0x0000000008000a84                I2C1_ER_IRQHandler
                0x0000000008000a84                DMA2_Stream6_IRQHandler
                0x0000000008000a84                DMA1_Stream3_IRQHandler
 *fill*         0x0000000008000a86        0x2 
 .text.HAL_Init
                0x0000000008000a88       0x44 Drivers/STM32F4xx_HAL_Driver/Src/stm32f4xx_hal.o
                0x0000000008000a88                HAL_Init
 .text.HAL_InitTick
                0x0000000008000acc       0x60 Drivers/STM32F4xx_HAL_Driver/Src/stm32f4xx_hal.o
                0x0000000008000acc                HAL_InitTick
 .text.HAL_IncTick
                0x0000000008000b2c       0x28 Drivers/STM32F4xx_HAL_Driver/Src/stm32f4xx_hal.o
                0x0000000008000b2c                HAL_IncTick
 .text.HAL_GetTick
                0x0000000008000b54       0x18 Drivers/STM32F4xx_HAL_Driver/Src/stm32f4xx_hal.o
                0x0000000008000b54                HAL_GetTick
 .text.__NVIC_SetPriorityGrouping
                0x0000000008000b6c       0x48 Drivers/STM32F4xx_HAL_Driver/Src/stm32f4xx_hal_cortex.o
 .text.__NVIC_GetPriorityGrouping
                0x0000000008000bb4       0x1c Drivers/STM32F4xx_HAL_Driver/Src/stm32f4xx_hal_cortex.o
 .text.__NVIC_SetPriority
                0x0000000008000bd0       0x54 Drivers/STM32F4xx_HAL_Driver/Src/stm32f4xx_hal_cortex.o
 .text.NVIC_EncodePriority
                0x0000000008000c24       0x66 Drivers/STM32F4xx_HAL_Driver/Src/stm32f4xx_hal_cortex.o
 *fill*         0x0000000008000c8a        0x2 
 .text.SysTick_Config
                0x0000000008000c8c       0x44 Drivers/STM32F4xx_HAL_Driver/Src/stm32f4xx_hal_cortex.o
 .text.HAL_NVIC_SetPriorityGrouping
                0x0000000008000cd0       0x16 Drivers/STM32F4xx_HAL_Driver/Src/stm32f4xx_hal_cortex.o
                0x0000000008000cd0                HAL_NVIC_SetPriorityGrouping
 .text.HAL_NVIC_SetPriority
                0x0000000008000ce6       0x38 Drivers/STM32F4xx_HAL_Driver/Src/stm32f4xx_hal_cortex.o
                0x0000000008000ce6                HAL_NVIC_SetPriority
 .text.HAL_SYSTICK_Config
                0x0000000008000d1e       0x18 Drivers/STM32F4xx_HAL_Driver/Src/stm32f4xx_hal_cortex.o
                0x0000000008000d1e                HAL_SYSTICK_Config
 *fill*         0x0000000008000d36        0x2 
 .text.HAL_GPIO_Init
                0x0000000008000d38      0x334 Drivers/STM32F4xx_HAL_Driver/Src/stm32f4xx_hal_gpio.o
                0x0000000008000d38                HAL_GPIO_Init
 .text.HAL_GPIO_WritePin
                0x000000000800106c       0x32 Drivers/STM32F4xx_HAL_Driver/Src/stm32f4xx_hal_gpio.o
                0x000000000800106c                HAL_GPIO_WritePin
 *fill*         0x000000000800109e        0x2 
 .text.HAL_RCC_OscConfig
                0x00000000080010a0      0x4e0 Drivers/STM32F4xx_HAL_Driver/Src/stm32f4xx_hal_rcc.o
                0x00000000080010a0                HAL_RCC_OscConfig
 .text.HAL_RCC_ClockConfig
                0x0000000008001580      0x1cc Drivers/STM32F4xx_HAL_Driver/Src/stm32f4xx_hal_rcc.o
                0x0000000008001580                HAL_RCC_ClockConfig
 .text.HAL_RCC_GetSysClockFreq
                0x000000000800174c      0x164 Drivers/STM32F4xx_HAL_Driver/Src/stm32f4xx_hal_rcc.o
                0x000000000800174c                HAL_RCC_GetSysClockFreq
 .text.vListInitialise
                0x00000000080018b0       0x40 Middlewares/Third_Party/FreeRTOS/Source/list.o
                0x00000000080018b0                vListInitialise
 .text.vListInitialiseItem
                0x00000000080018f0       0x1a Middlewares/Third_Party/FreeRTOS/Source/list.o
                0x00000000080018f0                vListInitialiseItem
 .text.vListInsertEnd
                0x000000000800190a       0x48 Middlewares/Third_Party/FreeRTOS/Source/list.o
                0x000000000800190a                vListInsertEnd
 .text.vListInsert
                0x0000000008001952       0x72 Middlewares/Third_Party/FreeRTOS/Source/list.o
                0x0000000008001952                vListInsert
 .text.uxListRemove
                0x00000000080019c4       0x54 Middlewares/Third_Party/FreeRTOS/Source/list.o
                0x00000000080019c4                uxListRemove
 .text.xQueueGenericReset
                0x0000000008001a18       0xd0 Middlewares/Third_Party/FreeRTOS/Source/queue.o
                0x0000000008001a18                xQueueGenericReset
 .text.xQueueGenericCreateStatic
                0x0000000008001ae8       0xe6 Middlewares/Third_Party/FreeRTOS/Source/queue.o
                0x0000000008001ae8                xQueueGenericCreateStatic
 .text.prvInitialiseNewQueue
                0x0000000008001bce       0x3e Middlewares/Third_Party/FreeRTOS/Source/queue.o
 .text.xQueueGenericSend
                0x0000000008001c0c      0x1f4 Middlewares/Third_Party/FreeRTOS/Source/queue.o
                0x0000000008001c0c                xQueueGenericSend
 .text.xQueueGenericSendFromISR
                0x0000000008001e00      0x128 Middlewares/Third_Party/FreeRTOS/Source/queue.o
                0x0000000008001e00                xQueueGenericSendFromISR
 .text.xQueueReceive
                0x0000000008001f28      0x1b8 Middlewares/Third_Party/FreeRTOS/Source/queue.o
                0x0000000008001f28                xQueueReceive
 .text.prvCopyDataToQueue
                0x00000000080020e0       0xd4 Middlewares/Third_Party/FreeRTOS/Source/queue.o
 .text.prvCopyDataFromQueue
                0x00000000080021b4       0x4c Middlewares/Third_Party/FreeRTOS/Source/queue.o
 .text.prvUnlockQueue
                0x0000000008002200       0xa4 Middlewares/Third_Party/FreeRTOS/Source/queue.o
 .text.prvIsQueueEmpty
                0x00000000080022a4       0x2c Middlewares/Third_Party/FreeRTOS/Source/queue.o
 .text.prvIsQueueFull
                0x00000000080022d0       0x30 Middlewares/Third_Party/FreeRTOS/Source/queue.o
 .text.vQueueAddToRegistry
                0x0000000008002300       0x50 Middlewares/Third_Party/FreeRTOS/Source/queue.o
                0x0000000008002300                vQueueAddToRegistry
 .text.vQueueWaitForMessageRestricted
                0x0000000008002350       0x68 Middlewares/Third_Party/FreeRTOS/Source/queue.o
                0x0000000008002350                vQueueWaitForMessageRestricted
 .text.xTaskCreateStatic
                0x00000000080023b8       0xb4 Middlewares/Third_Party/FreeRTOS/Source/tasks.o
                0x00000000080023b8                xTaskCreateStatic
 .text.xTaskCreate
                0x000000000800246c       0x8a Middlewares/Third_Party/FreeRTOS/Source/tasks.o
                0x000000000800246c                xTaskCreate
 .text.prvInitialiseNewTask
                0x00000000080024f6      0x10c Middlewares/Third_Party/FreeRTOS/Source/tasks.o
 *fill*         0x0000000008002602        0x2 
 .text.prvAddNewTaskToReadyList
                0x0000000008002604       0xd4 Middlewares/Third_Party/FreeRTOS/Source/tasks.o
 .text.vTaskDelete
                0x00000000080026d8      0x11c Middlewares/Third_Party/FreeRTOS/Source/tasks.o
                0x00000000080026d8                vTaskDelete
 .text.vTaskDelay
                0x00000000080027f4       0x68 Middlewares/Third_Party/FreeRTOS/Source/tasks.o
                0x00000000080027f4                vTaskDelay
 .text.vTaskStartScheduler
                0x000000000800285c       0xc8 Middlewares/Third_Party/FreeRTOS/Source/tasks.o
                0x000000000800285c                vTaskStartScheduler
 .text.vTaskSuspendAll
                0x0000000008002924       0x1c Middlewares/Third_Party/FreeRTOS/Source/tasks.o
                0x0000000008002924                vTaskSuspendAll
 .text.xTaskResumeAll
                0x0000000008002940      0x138 Middlewares/Third_Party/FreeRTOS/Source/tasks.o
                0x0000000008002940                xTaskResumeAll
 .text.xTaskGetTickCount
                0x0000000008002a78       0x20 Middlewares/Third_Party/FreeRTOS/Source/tasks.o
                0x0000000008002a78                xTaskGetTickCount
 .text.xTaskIncrementTick
                0x0000000008002a98      0x170 Middlewares/Third_Party/FreeRTOS/Source/tasks.o
                0x0000000008002a98                xTaskIncrementTick
 .text.vTaskSwitchContext
                0x0000000008002c08       0xb4 Middlewares/Third_Party/FreeRTOS/Source/tasks.o
                0x0000000008002c08                vTaskSwitchContext
 .text.vTaskPlaceOnEventList
                0x0000000008002cbc       0x48 Middlewares/Third_Party/FreeRTOS/Source/tasks.o
                0x0000000008002cbc                vTaskPlaceOnEventList
 .text.vTaskPlaceOnEventListRestricted
                0x0000000008002d04       0x54 Middlewares/Third_Party/FreeRTOS/Source/tasks.o
                0x0000000008002d04                vTaskPlaceOnEventListRestricted
 .text.xTaskRemoveFromEventList
                0x0000000008002d58       0xc4 Middlewares/Third_Party/FreeRTOS/Source/tasks.o
                0x0000000008002d58                xTaskRemoveFromEventList
 .text.vTaskInternalSetTimeOutState
                0x0000000008002e1c       0x2c Middlewares/Third_Party/FreeRTOS/Source/tasks.o
                0x0000000008002e1c                vTaskInternalSetTimeOutState
 .text.xTaskCheckForTimeOut
                0x0000000008002e48       0xc0 Middlewares/Third_Party/FreeRTOS/Source/tasks.o
                0x0000000008002e48                xTaskCheckForTimeOut
 .text.vTaskMissedYield
                0x0000000008002f08       0x18 Middlewares/Third_Party/FreeRTOS/Source/tasks.o
                0x0000000008002f08                vTaskMissedYield
 .text.prvIdleTask
                0x0000000008002f20       0x30 Middlewares/Third_Party/FreeRTOS/Source/tasks.o
 .text.prvInitialiseTaskLists
                0x0000000008002f50       0x80 Middlewares/Third_Party/FreeRTOS/Source/tasks.o
 .text.prvCheckTasksWaitingTermination
                0x0000000008002fd0       0x58 Middlewares/Third_Party/FreeRTOS/Source/tasks.o
 .text.prvDeleteTCB
                0x0000000008003028       0x5c Middlewares/Third_Party/FreeRTOS/Source/tasks.o
 .text.prvResetNextTaskUnblockTime
                0x0000000008003084       0x40 Middlewares/Third_Party/FreeRTOS/Source/tasks.o
 .text.xTaskGetSchedulerState
                0x00000000080030c4       0x3c Middlewares/Third_Party/FreeRTOS/Source/tasks.o
                0x00000000080030c4                xTaskGetSchedulerState
 .text.xTaskPriorityDisinherit
                0x0000000008003100      0x108 Middlewares/Third_Party/FreeRTOS/Source/tasks.o
                0x0000000008003100                xTaskPriorityDisinherit
 .text.prvAddCurrentTaskToDelayedList
                0x0000000008003208       0xcc Middlewares/Third_Party/FreeRTOS/Source/tasks.o
 .text.xTimerCreateTimerTask
                0x00000000080032d4       0x90 Middlewares/Third_Party/FreeRTOS/Source/timers.o
                0x00000000080032d4                xTimerCreateTimerTask
 .text.xTimerGenericCommand
                0x0000000008003364       0x98 Middlewares/Third_Party/FreeRTOS/Source/timers.o
                0x0000000008003364                xTimerGenericCommand
 .text.prvProcessExpiredTimer
                0x00000000080033fc       0x98 Middlewares/Third_Party/FreeRTOS/Source/timers.o
 .text.prvTimerTask
                0x0000000008003494       0x24 Middlewares/Third_Party/FreeRTOS/Source/timers.o
 .text.prvProcessTimerOrBlockTask
                0x00000000080034b8       0x9c Middlewares/Third_Party/FreeRTOS/Source/timers.o
 .text.prvGetNextExpireTime
                0x0000000008003554       0x48 Middlewares/Third_Party/FreeRTOS/Source/timers.o
 .text.prvSampleTimeNow
                0x000000000800359c       0x40 Middlewares/Third_Party/FreeRTOS/Source/timers.o
 .text.prvInsertTimerInActiveList
                0x00000000080035dc       0x84 Middlewares/Third_Party/FreeRTOS/Source/timers.o
 .text.prvProcessReceivedCommands
                0x0000000008003660      0x188 Middlewares/Third_Party/FreeRTOS/Source/timers.o
 .text.prvSwitchTimerLists
                0x00000000080037e8       0xc8 Middlewares/Third_Party/FreeRTOS/Source/timers.o
 .text.prvCheckForValidListAndQueue
                0x00000000080038b0       0x80 Middlewares/Third_Party/FreeRTOS/Source/timers.o
 .text.pxPortInitialiseStack
                0x0000000008003930       0x68 Middlewares/Third_Party/FreeRTOS/Source/portable/GCC/ARM_CM4F/port.o
                0x0000000008003930                pxPortInitialiseStack
 .text.prvTaskExitError
                0x0000000008003998       0x54 Middlewares/Third_Party/FreeRTOS/Source/portable/GCC/ARM_CM4F/port.o
 *fill*         0x00000000080039ec        0x4 
 .text.SVC_Handler
                0x00000000080039f0       0x28 Middlewares/Third_Party/FreeRTOS/Source/portable/GCC/ARM_CM4F/port.o
                0x00000000080039f0                SVC_Handler
 .text.prvPortStartFirstTask
                0x0000000008003a18       0x28 Middlewares/Third_Party/FreeRTOS/Source/portable/GCC/ARM_CM4F/port.o
 .text.xPortStartScheduler
                0x0000000008003a40      0x13c Middlewares/Third_Party/FreeRTOS/Source/portable/GCC/ARM_CM4F/port.o
                0x0000000008003a40                xPortStartScheduler
 .text.vPortEnterCritical
                0x0000000008003b7c       0x5c Middlewares/Third_Party/FreeRTOS/Source/portable/GCC/ARM_CM4F/port.o
                0x0000000008003b7c                vPortEnterCritical
 .text.vPortExitCritical
                0x0000000008003bd8       0x50 Middlewares/Third_Party/FreeRTOS/Source/portable/GCC/ARM_CM4F/port.o
                0x0000000008003bd8                vPortExitCritical
 *fill*         0x0000000008003c28        0x8 
 .text.PendSV_Handler
                0x0000000008003c30       0x68 Middlewares/Third_Party/FreeRTOS/Source/portable/GCC/ARM_CM4F/port.o
                0x0000000008003c30                PendSV_Handler
 .text.xPortSysTickHandler
                0x0000000008003c98       0x40 Middlewares/Third_Party/FreeRTOS/Source/portable/GCC/ARM_CM4F/port.o
                0x0000000008003c98                xPortSysTickHandler
 .text.vPortSetupTimerInterrupt
                0x0000000008003cd8       0x48 Middlewares/Third_Party/FreeRTOS/Source/portable/GCC/ARM_CM4F/port.o
                0x0000000008003cd8                vPortSetupTimerInterrupt
 .text.vPortEnableVFP
                0x0000000008003d20       0x14 Middlewares/Third_Party/FreeRTOS/Source/portable/GCC/ARM_CM4F/port.o
 .text.vPortValidateInterruptPriority
                0x0000000008003d34       0x7c Middlewares/Third_Party/FreeRTOS/Source/portable/GCC/ARM_CM4F/port.o
                0x0000000008003d34                vPortValidateInterruptPriority
 .text.pvPortMalloc
                0x0000000008003db0      0x184 Middlewares/Third_Party/FreeRTOS/Source/portable/MemMang/heap_4.o
                0x0000000008003db0                pvPortMalloc
 .text.vPortFree
                0x0000000008003f34       0xb0 Middlewares/Third_Party/FreeRTOS/Source/portable/MemMang/heap_4.o
                0x0000000008003f34                vPortFree
 .text.prvHeapInit
                0x0000000008003fe4       0xc4 Middlewares/Third_Party/FreeRTOS/Source/portable/MemMang/heap_4.o
 .text.prvInsertBlockIntoFreeList
                0x00000000080040a8       0xb4 Middlewares/Third_Party/FreeRTOS/Source/portable/MemMang/heap_4.o
 .text.__errno  0x000000000800415c        0xc c:/st/stm32cubeide_1.5.0/stm32cubeide/plugins/com.st.stm32cube.ide.mcu.externaltools.gnu-tools-for-stm32.7-2018-q2-update.win32_1.5.0.202011040924/tools/bin/../lib/gcc/arm-none-eabi/7.3.1/../../../../arm-none-eabi/lib/thumb/v7e-m/fpv4-sp/hard\libc_nano.a(lib_a-errno.o)
                0x000000000800415c                __errno
 .text.__libc_init_array
                0x0000000008004168       0x48 c:/st/stm32cubeide_1.5.0/stm32cubeide/plugins/com.st.stm32cube.ide.mcu.externaltools.gnu-tools-for-stm32.7-2018-q2-update.win32_1.5.0.202011040924/tools/bin/../lib/gcc/arm-none-eabi/7.3.1/../../../../arm-none-eabi/lib/thumb/v7e-m/fpv4-sp/hard\libc_nano.a(lib_a-init.o)
                0x0000000008004168                __libc_init_array
 .text.memcpy   0x00000000080041b0       0x16 c:/st/stm32cubeide_1.5.0/stm32cubeide/plugins/com.st.stm32cube.ide.mcu.externaltools.gnu-tools-for-stm32.7-2018-q2-update.win32_1.5.0.202011040924/tools/bin/../lib/gcc/arm-none-eabi/7.3.1/../../../../arm-none-eabi/lib/thumb/v7e-m/fpv4-sp/hard\libc_nano.a(lib_a-memcpy-stub.o)
                0x00000000080041b0                memcpy
 .text.memset   0x00000000080041c6       0x10 c:/st/stm32cubeide_1.5.0/stm32cubeide/plugins/com.st.stm32cube.ide.mcu.externaltools.gnu-tools-for-stm32.7-2018-q2-update.win32_1.5.0.202011040924/tools/bin/../lib/gcc/arm-none-eabi/7.3.1/../../../../arm-none-eabi/lib/thumb/v7e-m/fpv4-sp/hard\libc_nano.a(lib_a-memset.o)
                0x00000000080041c6                memset
 *fill*         0x00000000080041d6        0x2 
 .text._puts_r  0x00000000080041d8       0xb8 c:/st/stm32cubeide_1.5.0/stm32cubeide/plugins/com.st.stm32cube.ide.mcu.externaltools.gnu-tools-for-stm32.7-2018-q2-update.win32_1.5.0.202011040924/tools/bin/../lib/gcc/arm-none-eabi/7.3.1/../../../../arm-none-eabi/lib/thumb/v7e-m/fpv4-sp/hard\libc_nano.a(lib_a-puts.o)
                0x00000000080041d8                _puts_r
 .text.puts     0x0000000008004290       0x10 c:/st/stm32cubeide_1.5.0/stm32cubeide/plugins/com.st.stm32cube.ide.mcu.externaltools.gnu-tools-for-stm32.7-2018-q2-update.win32_1.5.0.202011040924/tools/bin/../lib/gcc/arm-none-eabi/7.3.1/../../../../arm-none-eabi/lib/thumb/v7e-m/fpv4-sp/hard\libc_nano.a(lib_a-puts.o)
                0x0000000008004290                puts
 .text.__swbuf_r
                0x00000000080042a0       0xa4 c:/st/stm32cubeide_1.5.0/stm32cubeide/plugins/com.st.stm32cube.ide.mcu.externaltools.gnu-tools-for-stm32.7-2018-q2-update.win32_1.5.0.202011040924/tools/bin/../lib/gcc/arm-none-eabi/7.3.1/../../../../arm-none-eabi/lib/thumb/v7e-m/fpv4-sp/hard\libc_nano.a(lib_a-wbuf.o)
                0x00000000080042a0                __swbuf_r
 .text.__swsetup_r
                0x0000000008004344       0xdc c:/st/stm32cubeide_1.5.0/stm32cubeide/plugins/com.st.stm32cube.ide.mcu.externaltools.gnu-tools-for-stm32.7-2018-q2-update.win32_1.5.0.202011040924/tools/bin/../lib/gcc/arm-none-eabi/7.3.1/../../../../arm-none-eabi/lib/thumb/v7e-m/fpv4-sp/hard\libc_nano.a(lib_a-wsetup.o)
                0x0000000008004344                __swsetup_r
 .text.__sflush_r
                0x0000000008004420      0x10c c:/st/stm32cubeide_1.5.0/stm32cubeide/plugins/com.st.stm32cube.ide.mcu.externaltools.gnu-tools-for-stm32.7-2018-q2-update.win32_1.5.0.202011040924/tools/bin/../lib/gcc/arm-none-eabi/7.3.1/../../../../arm-none-eabi/lib/thumb/v7e-m/fpv4-sp/hard\libc_nano.a(lib_a-fflush.o)
                0x0000000008004420                __sflush_r
 .text._fflush_r
                0x000000000800452c       0x54 c:/st/stm32cubeide_1.5.0/stm32cubeide/plugins/com.st.stm32cube.ide.mcu.externaltools.gnu-tools-for-stm32.7-2018-q2-update.win32_1.5.0.202011040924/tools/bin/../lib/gcc/arm-none-eabi/7.3.1/../../../../arm-none-eabi/lib/thumb/v7e-m/fpv4-sp/hard\libc_nano.a(lib_a-fflush.o)
                0x000000000800452c                _fflush_r
 .text.std      0x0000000008004580       0x48 c:/st/stm32cubeide_1.5.0/stm32cubeide/plugins/com.st.stm32cube.ide.mcu.externaltools.gnu-tools-for-stm32.7-2018-q2-update.win32_1.5.0.202011040924/tools/bin/../lib/gcc/arm-none-eabi/7.3.1/../../../../arm-none-eabi/lib/thumb/v7e-m/fpv4-sp/hard\libc_nano.a(lib_a-findfp.o)
 .text._cleanup_r
                0x00000000080045c8        0xc c:/st/stm32cubeide_1.5.0/stm32cubeide/plugins/com.st.stm32cube.ide.mcu.externaltools.gnu-tools-for-stm32.7-2018-q2-update.win32_1.5.0.202011040924/tools/bin/../lib/gcc/arm-none-eabi/7.3.1/../../../../arm-none-eabi/lib/thumb/v7e-m/fpv4-sp/hard\libc_nano.a(lib_a-findfp.o)
                0x00000000080045c8                _cleanup_r
 .text.__sfmoreglue
                0x00000000080045d4       0x2c c:/st/stm32cubeide_1.5.0/stm32cubeide/plugins/com.st.stm32cube.ide.mcu.externaltools.gnu-tools-for-stm32.7-2018-q2-update.win32_1.5.0.202011040924/tools/bin/../lib/gcc/arm-none-eabi/7.3.1/../../../../arm-none-eabi/lib/thumb/v7e-m/fpv4-sp/hard\libc_nano.a(lib_a-findfp.o)
                0x00000000080045d4                __sfmoreglue
 .text.__sinit  0x0000000008004600       0x60 c:/st/stm32cubeide_1.5.0/stm32cubeide/plugins/com.st.stm32cube.ide.mcu.externaltools.gnu-tools-for-stm32.7-2018-q2-update.win32_1.5.0.202011040924/tools/bin/../lib/gcc/arm-none-eabi/7.3.1/../../../../arm-none-eabi/lib/thumb/v7e-m/fpv4-sp/hard\libc_nano.a(lib_a-findfp.o)
                0x0000000008004600                __sinit
 .text.__sfp    0x0000000008004660       0x78 c:/st/stm32cubeide_1.5.0/stm32cubeide/plugins/com.st.stm32cube.ide.mcu.externaltools.gnu-tools-for-stm32.7-2018-q2-update.win32_1.5.0.202011040924/tools/bin/../lib/gcc/arm-none-eabi/7.3.1/../../../../arm-none-eabi/lib/thumb/v7e-m/fpv4-sp/hard\libc_nano.a(lib_a-findfp.o)
                0x0000000008004660                __sfp
 .text._fwalk_reent
                0x00000000080046d8       0x3c c:/st/stm32cubeide_1.5.0/stm32cubeide/plugins/com.st.stm32cube.ide.mcu.externaltools.gnu-tools-for-stm32.7-2018-q2-update.win32_1.5.0.202011040924/tools/bin/../lib/gcc/arm-none-eabi/7.3.1/../../../../arm-none-eabi/lib/thumb/v7e-m/fpv4-sp/hard\libc_nano.a(lib_a-fwalk.o)
                0x00000000080046d8                _fwalk_reent
 .text.__swhatbuf_r
                0x0000000008004714       0x48 c:/st/stm32cubeide_1.5.0/stm32cubeide/plugins/com.st.stm32cube.ide.mcu.externaltools.gnu-tools-for-stm32.7-2018-q2-update.win32_1.5.0.202011040924/tools/bin/../lib/gcc/arm-none-eabi/7.3.1/../../../../arm-none-eabi/lib/thumb/v7e-m/fpv4-sp/hard\libc_nano.a(lib_a-makebuf.o)
                0x0000000008004714                __swhatbuf_r
 .text.__smakebuf_r
                0x000000000800475c       0x80 c:/st/stm32cubeide_1.5.0/stm32cubeide/plugins/com.st.stm32cube.ide.mcu.externaltools.gnu-tools-for-stm32.7-2018-q2-update.win32_1.5.0.202011040924/tools/bin/../lib/gcc/arm-none-eabi/7.3.1/../../../../arm-none-eabi/lib/thumb/v7e-m/fpv4-sp/hard\libc_nano.a(lib_a-makebuf.o)
                0x000000000800475c                __smakebuf_r
 .text._free_r  0x00000000080047dc       0x9c c:/st/stm32cubeide_1.5.0/stm32cubeide/plugins/com.st.stm32cube.ide.mcu.externaltools.gnu-tools-for-stm32.7-2018-q2-update.win32_1.5.0.202011040924/tools/bin/../lib/gcc/arm-none-eabi/7.3.1/../../../../arm-none-eabi/lib/thumb/v7e-m/fpv4-sp/hard\libc_nano.a(lib_a-nano-freer.o)
                0x00000000080047dc                _free_r
 .text._malloc_r
                0x0000000008004878       0xb4 c:/st/stm32cubeide_1.5.0/stm32cubeide/plugins/com.st.stm32cube.ide.mcu.externaltools.gnu-tools-for-stm32.7-2018-q2-update.win32_1.5.0.202011040924/tools/bin/../lib/gcc/arm-none-eabi/7.3.1/../../../../arm-none-eabi/lib/thumb/v7e-m/fpv4-sp/hard\libc_nano.a(lib_a-nano-mallocr.o)
                0x0000000008004878                _malloc_r
 .text._sbrk_r  0x000000000800492c       0x20 c:/st/stm32cubeide_1.5.0/stm32cubeide/plugins/com.st.stm32cube.ide.mcu.externaltools.gnu-tools-for-stm32.7-2018-q2-update.win32_1.5.0.202011040924/tools/bin/../lib/gcc/arm-none-eabi/7.3.1/../../../../arm-none-eabi/lib/thumb/v7e-m/fpv4-sp/hard\libc_nano.a(lib_a-sbrkr.o)
                0x000000000800492c                _sbrk_r
 .text.__sread  0x000000000800494c       0x22 c:/st/stm32cubeide_1.5.0/stm32cubeide/plugins/com.st.stm32cube.ide.mcu.externaltools.gnu-tools-for-stm32.7-2018-q2-update.win32_1.5.0.202011040924/tools/bin/../lib/gcc/arm-none-eabi/7.3.1/../../../../arm-none-eabi/lib/thumb/v7e-m/fpv4-sp/hard\libc_nano.a(lib_a-stdio.o)
                0x000000000800494c                __sread
 .text.__swrite
                0x000000000800496e       0x38 c:/st/stm32cubeide_1.5.0/stm32cubeide/plugins/com.st.stm32cube.ide.mcu.externaltools.gnu-tools-for-stm32.7-2018-q2-update.win32_1.5.0.202011040924/tools/bin/../lib/gcc/arm-none-eabi/7.3.1/../../../../arm-none-eabi/lib/thumb/v7e-m/fpv4-sp/hard\libc_nano.a(lib_a-stdio.o)
                0x000000000800496e                __swrite
 .text.__sseek  0x00000000080049a6       0x24 c:/st/stm32cubeide_1.5.0/stm32cubeide/plugins/com.st.stm32cube.ide.mcu.externaltools.gnu-tools-for-stm32.7-2018-q2-update.win32_1.5.0.202011040924/tools/bin/../lib/gcc/arm-none-eabi/7.3.1/../../../../arm-none-eabi/lib/thumb/v7e-m/fpv4-sp/hard\libc_nano.a(lib_a-stdio.o)
                0x00000000080049a6                __sseek
 .text.__sclose
                0x00000000080049ca        0x8 c:/st/stm32cubeide_1.5.0/stm32cubeide/plugins/com.st.stm32cube.ide.mcu.externaltools.gnu-tools-for-stm32.7-2018-q2-update.win32_1.5.0.202011040924/tools/bin/../lib/gcc/arm-none-eabi/7.3.1/../../../../arm-none-eabi/lib/thumb/v7e-m/fpv4-sp/hard\libc_nano.a(lib_a-stdio.o)
                0x00000000080049ca                __sclose
 *fill*         0x00000000080049d2        0x2 
 .text._write_r
                0x00000000080049d4       0x24 c:/st/stm32cubeide_1.5.0/stm32cubeide/plugins/com.st.stm32cube.ide.mcu.externaltools.gnu-tools-for-stm32.7-2018-q2-update.win32_1.5.0.202011040924/tools/bin/../lib/gcc/arm-none-eabi/7.3.1/../../../../arm-none-eabi/lib/thumb/v7e-m/fpv4-sp/hard\libc_nano.a(lib_a-writer.o)
                0x00000000080049d4                _write_r
 .text._close_r
                0x00000000080049f8       0x20 c:/st/stm32cubeide_1.5.0/stm32cubeide/plugins/com.st.stm32cube.ide.mcu.externaltools.gnu-tools-for-stm32.7-2018-q2-update.win32_1.5.0.202011040924/tools/bin/../lib/gcc/arm-none-eabi/7.3.1/../../../../arm-none-eabi/lib/thumb/v7e-m/fpv4-sp/hard\libc_nano.a(lib_a-closer.o)
                0x00000000080049f8                _close_r
 .text._fstat_r
                0x0000000008004a18       0x24 c:/st/stm32cubeide_1.5.0/stm32cubeide/plugins/com.st.stm32cube.ide.mcu.externaltools.gnu-tools-for-stm32.7-2018-q2-update.win32_1.5.0.202011040924/tools/bin/../lib/gcc/arm-none-eabi/7.3.1/../../../../arm-none-eabi/lib/thumb/v7e-m/fpv4-sp/hard\libc_nano.a(lib_a-fstatr.o)
                0x0000000008004a18                _fstat_r
 .text._isatty_r
                0x0000000008004a3c       0x20 c:/st/stm32cubeide_1.5.0/stm32cubeide/plugins/com.st.stm32cube.ide.mcu.externaltools.gnu-tools-for-stm32.7-2018-q2-update.win32_1.5.0.202011040924/tools/bin/../lib/gcc/arm-none-eabi/7.3.1/../../../../arm-none-eabi/lib/thumb/v7e-m/fpv4-sp/hard\libc_nano.a(lib_a-isattyr.o)
                0x0000000008004a3c                _isatty_r
 .text._lseek_r
                0x0000000008004a5c       0x24 c:/st/stm32cubeide_1.5.0/stm32cubeide/plugins/com.st.stm32cube.ide.mcu.externaltools.gnu-tools-for-stm32.7-2018-q2-update.win32_1.5.0.202011040924/tools/bin/../lib/gcc/arm-none-eabi/7.3.1/../../../../arm-none-eabi/lib/thumb/v7e-m/fpv4-sp/hard\libc_nano.a(lib_a-lseekr.o)
                0x0000000008004a5c                _lseek_r
 .text.__malloc_lock
                0x0000000008004a80        0x2 c:/st/stm32cubeide_1.5.0/stm32cubeide/plugins/com.st.stm32cube.ide.mcu.externaltools.gnu-tools-for-stm32.7-2018-q2-update.win32_1.5.0.202011040924/tools/bin/../lib/gcc/arm-none-eabi/7.3.1/../../../../arm-none-eabi/lib/thumb/v7e-m/fpv4-sp/hard\libc_nano.a(lib_a-mlock.o)
                0x0000000008004a80                __malloc_lock
 .text.__malloc_unlock
                0x0000000008004a82        0x2 c:/st/stm32cubeide_1.5.0/stm32cubeide/plugins/com.st.stm32cube.ide.mcu.externaltools.gnu-tools-for-stm32.7-2018-q2-update.win32_1.5.0.202011040924/tools/bin/../lib/gcc/arm-none-eabi/7.3.1/../../../../arm-none-eabi/lib/thumb/v7e-m/fpv4-sp/hard\libc_nano.a(lib_a-mlock.o)
                0x0000000008004a82                __malloc_unlock
 .text._read_r  0x0000000008004a84       0x24 c:/st/stm32cubeide_1.5.0/stm32cubeide/plugins/com.st.stm32cube.ide.mcu.externaltools.gnu-tools-for-stm32.7-2018-q2-update.win32_1.5.0.202011040924/tools/bin/../lib/gcc/arm-none-eabi/7.3.1/../../../../arm-none-eabi/lib/thumb/v7e-m/fpv4-sp/hard\libc_nano.a(lib_a-readr.o)
                0x0000000008004a84                _read_r
 *(.glue_7)
 .glue_7        0x0000000008004aa8        0x0 linker stubs
 *(.glue_7t)
 .glue_7t       0x0000000008004aa8        0x0 linker stubs
 *(.eh_frame)
 .eh_frame      0x0000000008004aa8        0x0 c:/st/stm32cubeide_1.5.0/stm32cubeide/plugins/com.st.stm32cube.ide.mcu.externaltools.gnu-tools-for-stm32.7-2018-q2-update.win32_1.5.0.202011040924/tools/bin/../lib/gcc/arm-none-eabi/7.3.1/thumb/v7e-m/fpv4-sp/hard/crtbegin.o
 *(.init)
 .init          0x0000000008004aa8        0x4 c:/st/stm32cubeide_1.5.0/stm32cubeide/plugins/com.st.stm32cube.ide.mcu.externaltools.gnu-tools-for-stm32.7-2018-q2-update.win32_1.5.0.202011040924/tools/bin/../lib/gcc/arm-none-eabi/7.3.1/thumb/v7e-m/fpv4-sp/hard/crti.o
                0x0000000008004aa8                _init
 .init          0x0000000008004aac        0x8 c:/st/stm32cubeide_1.5.0/stm32cubeide/plugins/com.st.stm32cube.ide.mcu.externaltools.gnu-tools-for-stm32.7-2018-q2-update.win32_1.5.0.202011040924/tools/bin/../lib/gcc/arm-none-eabi/7.3.1/thumb/v7e-m/fpv4-sp/hard/crtn.o
 *(.fini)
 .fini          0x0000000008004ab4        0x4 c:/st/stm32cubeide_1.5.0/stm32cubeide/plugins/com.st.stm32cube.ide.mcu.externaltools.gnu-tools-for-stm32.7-2018-q2-update.win32_1.5.0.202011040924/tools/bin/../lib/gcc/arm-none-eabi/7.3.1/thumb/v7e-m/fpv4-sp/hard/crti.o
                0x0000000008004ab4                _fini
 .fini          0x0000000008004ab8        0x8 c:/st/stm32cubeide_1.5.0/stm32cubeide/plugins/com.st.stm32cube.ide.mcu.externaltools.gnu-tools-for-stm32.7-2018-q2-update.win32_1.5.0.202011040924/tools/bin/../lib/gcc/arm-none-eabi/7.3.1/thumb/v7e-m/fpv4-sp/hard/crtn.o
                0x0000000008004ac0                . = ALIGN (0x4)
                0x0000000008004ac0                _etext = .

.vfp11_veneer   0x0000000008004ac0        0x0
 .vfp11_veneer  0x0000000008004ac0        0x0 linker stubs

.v4_bx          0x0000000008004ac0        0x0
 .v4_bx         0x0000000008004ac0        0x0 linker stubs

.iplt           0x0000000008004ac0        0x0
 .iplt          0x0000000008004ac0        0x0 c:/st/stm32cubeide_1.5.0/stm32cubeide/plugins/com.st.stm32cube.ide.mcu.externaltools.gnu-tools-for-stm32.7-2018-q2-update.win32_1.5.0.202011040924/tools/bin/../lib/gcc/arm-none-eabi/7.3.1/thumb/v7e-m/fpv4-sp/hard/crtbegin.o

.rodata         0x0000000008004ac0       0xc0
                0x0000000008004ac0                . = ALIGN (0x4)
 *(.rodata)
 .rodata        0x0000000008004ac0       0x33 Core/Src/main.o
 *fill*         0x0000000008004af3        0x1 
 .rodata        0x0000000008004af4        0x5 Middlewares/Third_Party/FreeRTOS/Source/tasks.o
 *fill*         0x0000000008004af9        0x3 
 .rodata        0x0000000008004afc        0xd Middlewares/Third_Party/FreeRTOS/Source/timers.o
 *(.rodata*)
 *fill*         0x0000000008004b09        0x3 
 .rodata.AHBPrescTable
                0x0000000008004b0c       0x10 Core/Src/system_stm32f4xx.o
                0x0000000008004b0c                AHBPrescTable
 .rodata._global_impure_ptr
                0x0000000008004b1c        0x4 c:/st/stm32cubeide_1.5.0/stm32cubeide/plugins/com.st.stm32cube.ide.mcu.externaltools.gnu-tools-for-stm32.7-2018-q2-update.win32_1.5.0.202011040924/tools/bin/../lib/gcc/arm-none-eabi/7.3.1/../../../../arm-none-eabi/lib/thumb/v7e-m/fpv4-sp/hard\libc_nano.a(lib_a-impure.o)
                0x0000000008004b1c                _global_impure_ptr
 .rodata.__sf_fake_stderr
                0x0000000008004b20       0x20 c:/st/stm32cubeide_1.5.0/stm32cubeide/plugins/com.st.stm32cube.ide.mcu.externaltools.gnu-tools-for-stm32.7-2018-q2-update.win32_1.5.0.202011040924/tools/bin/../lib/gcc/arm-none-eabi/7.3.1/../../../../arm-none-eabi/lib/thumb/v7e-m/fpv4-sp/hard\libc_nano.a(lib_a-findfp.o)
                0x0000000008004b20                __sf_fake_stderr
 .rodata.__sf_fake_stdin
                0x0000000008004b40       0x20 c:/st/stm32cubeide_1.5.0/stm32cubeide/plugins/com.st.stm32cube.ide.mcu.externaltools.gnu-tools-for-stm32.7-2018-q2-update.win32_1.5.0.202011040924/tools/bin/../lib/gcc/arm-none-eabi/7.3.1/../../../../arm-none-eabi/lib/thumb/v7e-m/fpv4-sp/hard\libc_nano.a(lib_a-findfp.o)
                0x0000000008004b40                __sf_fake_stdin
 .rodata.__sf_fake_stdout
                0x0000000008004b60       0x20 c:/st/stm32cubeide_1.5.0/stm32cubeide/plugins/com.st.stm32cube.ide.mcu.externaltools.gnu-tools-for-stm32.7-2018-q2-update.win32_1.5.0.202011040924/tools/bin/../lib/gcc/arm-none-eabi/7.3.1/../../../../arm-none-eabi/lib/thumb/v7e-m/fpv4-sp/hard\libc_nano.a(lib_a-findfp.o)
                0x0000000008004b60                __sf_fake_stdout
                0x0000000008004b80                . = ALIGN (0x4)

.ARM.extab      0x0000000008004b80        0x0
                0x0000000008004b80                . = ALIGN (0x4)
 *(.ARM.extab* .gnu.linkonce.armextab.*)
                0x0000000008004b80                . = ALIGN (0x4)

.ARM            0x0000000008004b80        0x8
                0x0000000008004b80                . = ALIGN (0x4)
                0x0000000008004b80                __exidx_start = .
 *(.ARM.exidx*)
 .ARM.exidx     0x0000000008004b80        0x8 c:/st/stm32cubeide_1.5.0/stm32cubeide/plugins/com.st.stm32cube.ide.mcu.externaltools.gnu-tools-for-stm32.7-2018-q2-update.win32_1.5.0.202011040924/tools/bin/../lib/gcc/arm-none-eabi/7.3.1/thumb/v7e-m/fpv4-sp/hard\libgcc.a(_udivmoddi4.o)
                0x0000000008004b88                __exidx_end = .
                0x0000000008004b88                . = ALIGN (0x4)

.rel.dyn        0x0000000008004b88        0x0
 .rel.iplt      0x0000000008004b88        0x0 c:/st/stm32cubeide_1.5.0/stm32cubeide/plugins/com.st.stm32cube.ide.mcu.externaltools.gnu-tools-for-stm32.7-2018-q2-update.win32_1.5.0.202011040924/tools/bin/../lib/gcc/arm-none-eabi/7.3.1/thumb/v7e-m/fpv4-sp/hard/crtbegin.o

.preinit_array  0x0000000008004b88        0x0
                0x0000000008004b88                . = ALIGN (0x4)
                0x0000000008004b88                PROVIDE (__preinit_array_start = .)
 *(.preinit_array*)
                0x0000000008004b88                PROVIDE (__preinit_array_end = .)
                0x0000000008004b88                . = ALIGN (0x4)

.init_array     0x0000000008004b88        0x4
                0x0000000008004b88                . = ALIGN (0x4)
                0x0000000008004b88                PROVIDE (__init_array_start = .)
 *(SORT_BY_NAME(.init_array.*))
 *(.init_array*)
 .init_array    0x0000000008004b88        0x4 c:/st/stm32cubeide_1.5.0/stm32cubeide/plugins/com.st.stm32cube.ide.mcu.externaltools.gnu-tools-for-stm32.7-2018-q2-update.win32_1.5.0.202011040924/tools/bin/../lib/gcc/arm-none-eabi/7.3.1/thumb/v7e-m/fpv4-sp/hard/crtbegin.o
                0x0000000008004b8c                PROVIDE (__init_array_end = .)
                0x0000000008004b8c                . = ALIGN (0x4)

.fini_array     0x0000000008004b8c        0x4
                0x0000000008004b8c                . = ALIGN (0x4)
                [!provide]                        PROVIDE (__fini_array_start = .)
 *(SORT_BY_NAME(.fini_array.*))
 *(.fini_array*)
 .fini_array    0x0000000008004b8c        0x4 c:/st/stm32cubeide_1.5.0/stm32cubeide/plugins/com.st.stm32cube.ide.mcu.externaltools.gnu-tools-for-stm32.7-2018-q2-update.win32_1.5.0.202011040924/tools/bin/../lib/gcc/arm-none-eabi/7.3.1/thumb/v7e-m/fpv4-sp/hard/crtbegin.o
                [!provide]                        PROVIDE (__fini_array_end = .)
                0x0000000008004b90                . = ALIGN (0x4)
                0x0000000008004b90                _sidata = LOADADDR (.data)

.data           0x0000000020000000       0x74 load address 0x0000000008004b90
                0x0000000020000000                . = ALIGN (0x4)
                0x0000000020000000                _sdata = .
 *(.data)
 *(.data*)
 .data.SystemCoreClock
                0x0000000020000000        0x4 Core/Src/system_stm32f4xx.o
                0x0000000020000000                SystemCoreClock
 .data.uwTickPrio
                0x0000000020000004        0x4 Drivers/STM32F4xx_HAL_Driver/Src/stm32f4xx_hal.o
                0x0000000020000004                uwTickPrio
 .data.uwTickFreq
                0x0000000020000008        0x1 Drivers/STM32F4xx_HAL_Driver/Src/stm32f4xx_hal.o
                0x0000000020000008                uwTickFreq
 *fill*         0x0000000020000009        0x3 
 .data.uxCriticalNesting
                0x000000002000000c        0x4 Middlewares/Third_Party/FreeRTOS/Source/portable/GCC/ARM_CM4F/port.o
 .data._impure_ptr
                0x0000000020000010        0x4 c:/st/stm32cubeide_1.5.0/stm32cubeide/plugins/com.st.stm32cube.ide.mcu.externaltools.gnu-tools-for-stm32.7-2018-q2-update.win32_1.5.0.202011040924/tools/bin/../lib/gcc/arm-none-eabi/7.3.1/../../../../arm-none-eabi/lib/thumb/v7e-m/fpv4-sp/hard\libc_nano.a(lib_a-impure.o)
                0x0000000020000010                _impure_ptr
 .data.impure_data
                0x0000000020000014       0x60 c:/st/stm32cubeide_1.5.0/stm32cubeide/plugins/com.st.stm32cube.ide.mcu.externaltools.gnu-tools-for-stm32.7-2018-q2-update.win32_1.5.0.202011040924/tools/bin/../lib/gcc/arm-none-eabi/7.3.1/../../../../arm-none-eabi/lib/thumb/v7e-m/fpv4-sp/hard\libc_nano.a(lib_a-impure.o)
 *(.RamFunc)
 *(.RamFunc*)
                0x0000000020000074                . = ALIGN (0x4)
                0x0000000020000074                _edata = .

.igot.plt       0x0000000020000074        0x0 load address 0x0000000008004c04
 .igot.plt      0x0000000020000074        0x0 c:/st/stm32cubeide_1.5.0/stm32cubeide/plugins/com.st.stm32cube.ide.mcu.externaltools.gnu-tools-for-stm32.7-2018-q2-update.win32_1.5.0.202011040924/tools/bin/../lib/gcc/arm-none-eabi/7.3.1/thumb/v7e-m/fpv4-sp/hard/crtbegin.o
                0x0000000020000074                . = ALIGN (0x4)

.bss            0x0000000020000074     0x4568 load address 0x0000000008004c04
                0x0000000020000074                _sbss = .
                0x0000000020000074                __bss_start__ = _sbss
 *(.bss)
 .bss           0x0000000020000074       0x1c c:/st/stm32cubeide_1.5.0/stm32cubeide/plugins/com.st.stm32cube.ide.mcu.externaltools.gnu-tools-for-stm32.7-2018-q2-update.win32_1.5.0.202011040924/tools/bin/../lib/gcc/arm-none-eabi/7.3.1/thumb/v7e-m/fpv4-sp/hard/crtbegin.o
 *(.bss*)
 .bss.xIdleTaskTCBBuffer
                0x0000000020000090       0x54 Core/Src/freertos.o
 .bss.xIdleStack
                0x00000000200000e4      0x200 Core/Src/freertos.o
 .bss.xTimerTaskTCBBuffer
                0x00000000200002e4       0x54 Core/Src/freertos.o
 .bss.xTimerStack
                0x0000000020000338      0x400 Core/Src/freertos.o
 .bss.__sbrk_heap_end
                0x0000000020000738        0x4 Core/Src/sysmem.o
 .bss.pxCurrentTCB
                0x000000002000073c        0x4 Middlewares/Third_Party/FreeRTOS/Source/tasks.o
                0x000000002000073c                pxCurrentTCB
 .bss.pxReadyTasksLists
                0x0000000020000740       0x8c Middlewares/Third_Party/FreeRTOS/Source/tasks.o
 .bss.xDelayedTaskList1
                0x00000000200007cc       0x14 Middlewares/Third_Party/FreeRTOS/Source/tasks.o
 .bss.xDelayedTaskList2
                0x00000000200007e0       0x14 Middlewares/Third_Party/FreeRTOS/Source/tasks.o
 .bss.pxDelayedTaskList
                0x00000000200007f4        0x4 Middlewares/Third_Party/FreeRTOS/Source/tasks.o
 .bss.pxOverflowDelayedTaskList
                0x00000000200007f8        0x4 Middlewares/Third_Party/FreeRTOS/Source/tasks.o
 .bss.xPendingReadyList
                0x00000000200007fc       0x14 Middlewares/Third_Party/FreeRTOS/Source/tasks.o
 .bss.xTasksWaitingTermination
                0x0000000020000810       0x14 Middlewares/Third_Party/FreeRTOS/Source/tasks.o
 .bss.uxDeletedTasksWaitingCleanUp
                0x0000000020000824        0x4 Middlewares/Third_Party/FreeRTOS/Source/tasks.o
 .bss.xSuspendedTaskList
                0x0000000020000828       0x14 Middlewares/Third_Party/FreeRTOS/Source/tasks.o
 .bss.uxCurrentNumberOfTasks
                0x000000002000083c        0x4 Middlewares/Third_Party/FreeRTOS/Source/tasks.o
 .bss.xTickCount
                0x0000000020000840        0x4 Middlewares/Third_Party/FreeRTOS/Source/tasks.o
 .bss.uxTopReadyPriority
                0x0000000020000844        0x4 Middlewares/Third_Party/FreeRTOS/Source/tasks.o
 .bss.xSchedulerRunning
                0x0000000020000848        0x4 Middlewares/Third_Party/FreeRTOS/Source/tasks.o
 .bss.uxPendedTicks
                0x000000002000084c        0x4 Middlewares/Third_Party/FreeRTOS/Source/tasks.o
 .bss.xYieldPending
                0x0000000020000850        0x4 Middlewares/Third_Party/FreeRTOS/Source/tasks.o
 .bss.xNumOfOverflows
                0x0000000020000854        0x4 Middlewares/Third_Party/FreeRTOS/Source/tasks.o
 .bss.uxTaskNumber
                0x0000000020000858        0x4 Middlewares/Third_Party/FreeRTOS/Source/tasks.o
 .bss.xNextTaskUnblockTime
                0x000000002000085c        0x4 Middlewares/Third_Party/FreeRTOS/Source/tasks.o
 .bss.xIdleTaskHandle
                0x0000000020000860        0x4 Middlewares/Third_Party/FreeRTOS/Source/tasks.o
 .bss.uxSchedulerSuspended
                0x0000000020000864        0x4 Middlewares/Third_Party/FreeRTOS/Source/tasks.o
 .bss.xActiveTimerList1
                0x0000000020000868       0x14 Middlewares/Third_Party/FreeRTOS/Source/timers.o
 .bss.xActiveTimerList2
                0x000000002000087c       0x14 Middlewares/Third_Party/FreeRTOS/Source/timers.o
 .bss.pxCurrentTimerList
                0x0000000020000890        0x4 Middlewares/Third_Party/FreeRTOS/Source/timers.o
 .bss.pxOverflowTimerList
                0x0000000020000894        0x4 Middlewares/Third_Party/FreeRTOS/Source/timers.o
 .bss.xTimerQueue
                0x0000000020000898        0x4 Middlewares/Third_Party/FreeRTOS/Source/timers.o
 .bss.xTimerTaskHandle
                0x000000002000089c        0x4 Middlewares/Third_Party/FreeRTOS/Source/timers.o
 .bss.xLastTime.6734
                0x00000000200008a0        0x4 Middlewares/Third_Party/FreeRTOS/Source/timers.o
 .bss.ucStaticTimerQueueStorage.6783
                0x00000000200008a4       0x78 Middlewares/Third_Party/FreeRTOS/Source/timers.o
 .bss.xStaticTimerQueue.6782
                0x000000002000091c       0x48 Middlewares/Third_Party/FreeRTOS/Source/timers.o
 .bss.ucMaxSysCallPriority
                0x0000000020000964        0x1 Middlewares/Third_Party/FreeRTOS/Source/portable/GCC/ARM_CM4F/port.o
 *fill*         0x0000000020000965        0x3 
 .bss.ulMaxPRIGROUPValue
                0x0000000020000968        0x4 Middlewares/Third_Party/FreeRTOS/Source/portable/GCC/ARM_CM4F/port.o
 .bss.ucHeap    0x000000002000096c     0x3c00 Middlewares/Third_Party/FreeRTOS/Source/portable/MemMang/heap_4.o
 .bss.xStart    0x000000002000456c        0x8 Middlewares/Third_Party/FreeRTOS/Source/portable/MemMang/heap_4.o
 .bss.pxEnd     0x0000000020004574        0x4 Middlewares/Third_Party/FreeRTOS/Source/portable/MemMang/heap_4.o
 .bss.xFreeBytesRemaining
                0x0000000020004578        0x4 Middlewares/Third_Party/FreeRTOS/Source/portable/MemMang/heap_4.o
 .bss.xMinimumEverFreeBytesRemaining
                0x000000002000457c        0x4 Middlewares/Third_Party/FreeRTOS/Source/portable/MemMang/heap_4.o
 .bss.xBlockAllocatedBit
                0x0000000020004580        0x4 Middlewares/Third_Party/FreeRTOS/Source/portable/MemMang/heap_4.o
 .bss.__malloc_free_list
                0x0000000020004584        0x4 c:/st/stm32cubeide_1.5.0/stm32cubeide/plugins/com.st.stm32cube.ide.mcu.externaltools.gnu-tools-for-stm32.7-2018-q2-update.win32_1.5.0.202011040924/tools/bin/../lib/gcc/arm-none-eabi/7.3.1/../../../../arm-none-eabi/lib/thumb/v7e-m/fpv4-sp/hard\libc_nano.a(lib_a-nano-mallocr.o)
                0x0000000020004584                __malloc_free_list
 .bss.__malloc_sbrk_start
                0x0000000020004588        0x4 c:/st/stm32cubeide_1.5.0/stm32cubeide/plugins/com.st.stm32cube.ide.mcu.externaltools.gnu-tools-for-stm32.7-2018-q2-update.win32_1.5.0.202011040924/tools/bin/../lib/gcc/arm-none-eabi/7.3.1/../../../../arm-none-eabi/lib/thumb/v7e-m/fpv4-sp/hard\libc_nano.a(lib_a-nano-mallocr.o)
                0x0000000020004588                __malloc_sbrk_start
 *(COMMON)
 COMMON         0x000000002000458c        0x8 Core/Src/main.o
                0x000000002000458c                xHandle2
                0x0000000020004590                xHandle1
 COMMON         0x0000000020004594        0x4 Drivers/STM32F4xx_HAL_Driver/Src/stm32f4xx_hal.o
                0x0000000020004594                uwTick
 COMMON         0x0000000020004598       0x40 Middlewares/Third_Party/FreeRTOS/Source/queue.o
                0x0000000020004598                xQueueRegistry
 COMMON         0x00000000200045d8        0x4 c:/st/stm32cubeide_1.5.0/stm32cubeide/plugins/com.st.stm32cube.ide.mcu.externaltools.gnu-tools-for-stm32.7-2018-q2-update.win32_1.5.0.202011040924/tools/bin/../lib/gcc/arm-none-eabi/7.3.1/../../../../arm-none-eabi/lib/thumb/v7e-m/fpv4-sp/hard\libc_nano.a(lib_a-reent.o)
                0x00000000200045d8                errno
                0x00000000200045dc                . = ALIGN (0x4)
                0x00000000200045dc                _ebss = .
                0x00000000200045dc                __bss_end__ = _ebss

._user_heap_stack
                0x00000000200045dc      0x604 load address 0x0000000008004c04
                0x00000000200045e0                . = ALIGN (0x8)
 *fill*         0x00000000200045dc        0x4 
                [!provide]                        PROVIDE (end = .)
                0x00000000200045e0                PROVIDE (_end = .)
                0x00000000200047e0                . = (. + _Min_Heap_Size)
 *fill*         0x00000000200045e0      0x200 
                0x0000000020004be0                . = (. + _Min_Stack_Size)
 *fill*         0x00000000200047e0      0x400 
                0x0000000020004be0                . = ALIGN (0x8)

/DISCARD/
 libc.a(*)
 libm.a(*)
 libgcc.a(*)

.ARM.attributes
                0x0000000000000000       0x30
 *(.ARM.attributes)
 .ARM.attributes
                0x0000000000000000       0x22 c:/st/stm32cubeide_1.5.0/stm32cubeide/plugins/com.st.stm32cube.ide.mcu.externaltools.gnu-tools-for-stm32.7-2018-q2-update.win32_1.5.0.202011040924/tools/bin/../lib/gcc/arm-none-eabi/7.3.1/thumb/v7e-m/fpv4-sp/hard/crti.o
 .ARM.attributes
                0x0000000000000022       0x34 c:/st/stm32cubeide_1.5.0/stm32cubeide/plugins/com.st.stm32cube.ide.mcu.externaltools.gnu-tools-for-stm32.7-2018-q2-update.win32_1.5.0.202011040924/tools/bin/../lib/gcc/arm-none-eabi/7.3.1/thumb/v7e-m/fpv4-sp/hard/crtbegin.o
 .ARM.attributes
                0x0000000000000056       0x39 Core/Src/freertos.o
 .ARM.attributes
                0x000000000000008f       0x39 Core/Src/main.o
 .ARM.attributes
                0x00000000000000c8       0x39 Core/Src/stm32f4xx_hal_msp.o
 .ARM.attributes
                0x0000000000000101       0x39 Core/Src/stm32f4xx_it.o
 .ARM.attributes
                0x000000000000013a       0x39 Core/Src/syscalls.o
 .ARM.attributes
                0x0000000000000173       0x39 Core/Src/sysmem.o
 .ARM.attributes
                0x00000000000001ac       0x39 Core/Src/system_stm32f4xx.o
 .ARM.attributes
                0x00000000000001e5       0x21 Core/Startup/startup_stm32f407vgtx.o
 .ARM.attributes
                0x0000000000000206       0x39 Drivers/STM32F4xx_HAL_Driver/Src/stm32f4xx_hal.o
 .ARM.attributes
                0x000000000000023f       0x39 Drivers/STM32F4xx_HAL_Driver/Src/stm32f4xx_hal_cortex.o
 .ARM.attributes
                0x0000000000000278       0x39 Drivers/STM32F4xx_HAL_Driver/Src/stm32f4xx_hal_gpio.o
 .ARM.attributes
                0x00000000000002b1       0x39 Drivers/STM32F4xx_HAL_Driver/Src/stm32f4xx_hal_rcc.o
 .ARM.attributes
                0x00000000000002ea       0x39 Middlewares/Third_Party/FreeRTOS/Source/list.o
 .ARM.attributes
                0x0000000000000323       0x39 Middlewares/Third_Party/FreeRTOS/Source/queue.o
 .ARM.attributes
                0x000000000000035c       0x39 Middlewares/Third_Party/FreeRTOS/Source/tasks.o
 .ARM.attributes
                0x0000000000000395       0x39 Middlewares/Third_Party/FreeRTOS/Source/timers.o
 .ARM.attributes
                0x00000000000003ce       0x39 Middlewares/Third_Party/FreeRTOS/Source/portable/GCC/ARM_CM4F/port.o
 .ARM.attributes
                0x0000000000000407       0x39 Middlewares/Third_Party/FreeRTOS/Source/portable/MemMang/heap_4.o
 .ARM.attributes
                0x0000000000000440       0x34 c:/st/stm32cubeide_1.5.0/stm32cubeide/plugins/com.st.stm32cube.ide.mcu.externaltools.gnu-tools-for-stm32.7-2018-q2-update.win32_1.5.0.202011040924/tools/bin/../lib/gcc/arm-none-eabi/7.3.1/../../../../arm-none-eabi/lib/thumb/v7e-m/fpv4-sp/hard\libc_nano.a(lib_a-errno.o)
 .ARM.attributes
                0x0000000000000474       0x34 c:/st/stm32cubeide_1.5.0/stm32cubeide/plugins/com.st.stm32cube.ide.mcu.externaltools.gnu-tools-for-stm32.7-2018-q2-update.win32_1.5.0.202011040924/tools/bin/../lib/gcc/arm-none-eabi/7.3.1/../../../../arm-none-eabi/lib/thumb/v7e-m/fpv4-sp/hard\libc_nano.a(lib_a-impure.o)
 .ARM.attributes
                0x00000000000004a8       0x34 c:/st/stm32cubeide_1.5.0/stm32cubeide/plugins/com.st.stm32cube.ide.mcu.externaltools.gnu-tools-for-stm32.7-2018-q2-update.win32_1.5.0.202011040924/tools/bin/../lib/gcc/arm-none-eabi/7.3.1/../../../../arm-none-eabi/lib/thumb/v7e-m/fpv4-sp/hard\libc_nano.a(lib_a-init.o)
 .ARM.attributes
                0x00000000000004dc       0x34 c:/st/stm32cubeide_1.5.0/stm32cubeide/plugins/com.st.stm32cube.ide.mcu.externaltools.gnu-tools-for-stm32.7-2018-q2-update.win32_1.5.0.202011040924/tools/bin/../lib/gcc/arm-none-eabi/7.3.1/../../../../arm-none-eabi/lib/thumb/v7e-m/fpv4-sp/hard\libc_nano.a(lib_a-memcpy-stub.o)
 .ARM.attributes
                0x0000000000000510       0x34 c:/st/stm32cubeide_1.5.0/stm32cubeide/plugins/com.st.stm32cube.ide.mcu.externaltools.gnu-tools-for-stm32.7-2018-q2-update.win32_1.5.0.202011040924/tools/bin/../lib/gcc/arm-none-eabi/7.3.1/../../../../arm-none-eabi/lib/thumb/v7e-m/fpv4-sp/hard\libc_nano.a(lib_a-memset.o)
 .ARM.attributes
                0x0000000000000544       0x34 c:/st/stm32cubeide_1.5.0/stm32cubeide/plugins/com.st.stm32cube.ide.mcu.externaltools.gnu-tools-for-stm32.7-2018-q2-update.win32_1.5.0.202011040924/tools/bin/../lib/gcc/arm-none-eabi/7.3.1/../../../../arm-none-eabi/lib/thumb/v7e-m/fpv4-sp/hard\libc_nano.a(lib_a-puts.o)
 .ARM.attributes
                0x0000000000000578       0x34 c:/st/stm32cubeide_1.5.0/stm32cubeide/plugins/com.st.stm32cube.ide.mcu.externaltools.gnu-tools-for-stm32.7-2018-q2-update.win32_1.5.0.202011040924/tools/bin/../lib/gcc/arm-none-eabi/7.3.1/../../../../arm-none-eabi/lib/thumb/v7e-m/fpv4-sp/hard\libc_nano.a(lib_a-wbuf.o)
 .ARM.attributes
                0x00000000000005ac       0x34 c:/st/stm32cubeide_1.5.0/stm32cubeide/plugins/com.st.stm32cube.ide.mcu.externaltools.gnu-tools-for-stm32.7-2018-q2-update.win32_1.5.0.202011040924/tools/bin/../lib/gcc/arm-none-eabi/7.3.1/../../../../arm-none-eabi/lib/thumb/v7e-m/fpv4-sp/hard\libc_nano.a(lib_a-wsetup.o)
 .ARM.attributes
                0x00000000000005e0       0x34 c:/st/stm32cubeide_1.5.0/stm32cubeide/plugins/com.st.stm32cube.ide.mcu.externaltools.gnu-tools-for-stm32.7-2018-q2-update.win32_1.5.0.202011040924/tools/bin/../lib/gcc/arm-none-eabi/7.3.1/../../../../arm-none-eabi/lib/thumb/v7e-m/fpv4-sp/hard\libc_nano.a(lib_a-fflush.o)
 .ARM.attributes
                0x0000000000000614       0x34 c:/st/stm32cubeide_1.5.0/stm32cubeide/plugins/com.st.stm32cube.ide.mcu.externaltools.gnu-tools-for-stm32.7-2018-q2-update.win32_1.5.0.202011040924/tools/bin/../lib/gcc/arm-none-eabi/7.3.1/../../../../arm-none-eabi/lib/thumb/v7e-m/fpv4-sp/hard\libc_nano.a(lib_a-findfp.o)
 .ARM.attributes
                0x0000000000000648       0x34 c:/st/stm32cubeide_1.5.0/stm32cubeide/plugins/com.st.stm32cube.ide.mcu.externaltools.gnu-tools-for-stm32.7-2018-q2-update.win32_1.5.0.202011040924/tools/bin/../lib/gcc/arm-none-eabi/7.3.1/../../../../arm-none-eabi/lib/thumb/v7e-m/fpv4-sp/hard\libc_nano.a(lib_a-fwalk.o)
 .ARM.attributes
                0x000000000000067c       0x34 c:/st/stm32cubeide_1.5.0/stm32cubeide/plugins/com.st.stm32cube.ide.mcu.externaltools.gnu-tools-for-stm32.7-2018-q2-update.win32_1.5.0.202011040924/tools/bin/../lib/gcc/arm-none-eabi/7.3.1/../../../../arm-none-eabi/lib/thumb/v7e-m/fpv4-sp/hard\libc_nano.a(lib_a-makebuf.o)
 .ARM.attributes
                0x00000000000006b0       0x34 c:/st/stm32cubeide_1.5.0/stm32cubeide/plugins/com.st.stm32cube.ide.mcu.externaltools.gnu-tools-for-stm32.7-2018-q2-update.win32_1.5.0.202011040924/tools/bin/../lib/gcc/arm-none-eabi/7.3.1/../../../../arm-none-eabi/lib/thumb/v7e-m/fpv4-sp/hard\libc_nano.a(lib_a-nano-freer.o)
 .ARM.attributes
                0x00000000000006e4       0x34 c:/st/stm32cubeide_1.5.0/stm32cubeide/plugins/com.st.stm32cube.ide.mcu.externaltools.gnu-tools-for-stm32.7-2018-q2-update.win32_1.5.0.202011040924/tools/bin/../lib/gcc/arm-none-eabi/7.3.1/../../../../arm-none-eabi/lib/thumb/v7e-m/fpv4-sp/hard\libc_nano.a(lib_a-nano-mallocr.o)
 .ARM.attributes
                0x0000000000000718       0x34 c:/st/stm32cubeide_1.5.0/stm32cubeide/plugins/com.st.stm32cube.ide.mcu.externaltools.gnu-tools-for-stm32.7-2018-q2-update.win32_1.5.0.202011040924/tools/bin/../lib/gcc/arm-none-eabi/7.3.1/../../../../arm-none-eabi/lib/thumb/v7e-m/fpv4-sp/hard\libc_nano.a(lib_a-sbrkr.o)
 .ARM.attributes
                0x000000000000074c       0x34 c:/st/stm32cubeide_1.5.0/stm32cubeide/plugins/com.st.stm32cube.ide.mcu.externaltools.gnu-tools-for-stm32.7-2018-q2-update.win32_1.5.0.202011040924/tools/bin/../lib/gcc/arm-none-eabi/7.3.1/../../../../arm-none-eabi/lib/thumb/v7e-m/fpv4-sp/hard\libc_nano.a(lib_a-stdio.o)
 .ARM.attributes
                0x0000000000000780       0x34 c:/st/stm32cubeide_1.5.0/stm32cubeide/plugins/com.st.stm32cube.ide.mcu.externaltools.gnu-tools-for-stm32.7-2018-q2-update.win32_1.5.0.202011040924/tools/bin/../lib/gcc/arm-none-eabi/7.3.1/../../../../arm-none-eabi/lib/thumb/v7e-m/fpv4-sp/hard\libc_nano.a(lib_a-writer.o)
 .ARM.attributes
                0x00000000000007b4       0x34 c:/st/stm32cubeide_1.5.0/stm32cubeide/plugins/com.st.stm32cube.ide.mcu.externaltools.gnu-tools-for-stm32.7-2018-q2-update.win32_1.5.0.202011040924/tools/bin/../lib/gcc/arm-none-eabi/7.3.1/../../../../arm-none-eabi/lib/thumb/v7e-m/fpv4-sp/hard\libc_nano.a(lib_a-closer.o)
 .ARM.attributes
                0x00000000000007e8       0x34 c:/st/stm32cubeide_1.5.0/stm32cubeide/plugins/com.st.stm32cube.ide.mcu.externaltools.gnu-tools-for-stm32.7-2018-q2-update.win32_1.5.0.202011040924/tools/bin/../lib/gcc/arm-none-eabi/7.3.1/../../../../arm-none-eabi/lib/thumb/v7e-m/fpv4-sp/hard\libc_nano.a(lib_a-fstatr.o)
 .ARM.attributes
                0x000000000000081c       0x34 c:/st/stm32cubeide_1.5.0/stm32cubeide/plugins/com.st.stm32cube.ide.mcu.externaltools.gnu-tools-for-stm32.7-2018-q2-update.win32_1.5.0.202011040924/tools/bin/../lib/gcc/arm-none-eabi/7.3.1/../../../../arm-none-eabi/lib/thumb/v7e-m/fpv4-sp/hard\libc_nano.a(lib_a-isattyr.o)
 .ARM.attributes
                0x0000000000000850       0x34 c:/st/stm32cubeide_1.5.0/stm32cubeide/plugins/com.st.stm32cube.ide.mcu.externaltools.gnu-tools-for-stm32.7-2018-q2-update.win32_1.5.0.202011040924/tools/bin/../lib/gcc/arm-none-eabi/7.3.1/../../../../arm-none-eabi/lib/thumb/v7e-m/fpv4-sp/hard\libc_nano.a(lib_a-lseekr.o)
 .ARM.attributes
                0x0000000000000884       0x34 c:/st/stm32cubeide_1.5.0/stm32cubeide/plugins/com.st.stm32cube.ide.mcu.externaltools.gnu-tools-for-stm32.7-2018-q2-update.win32_1.5.0.202011040924/tools/bin/../lib/gcc/arm-none-eabi/7.3.1/../../../../arm-none-eabi/lib/thumb/v7e-m/fpv4-sp/hard\libc_nano.a(lib_a-mlock.o)
 .ARM.attributes
                0x00000000000008b8       0x34 c:/st/stm32cubeide_1.5.0/stm32cubeide/plugins/com.st.stm32cube.ide.mcu.externaltools.gnu-tools-for-stm32.7-2018-q2-update.win32_1.5.0.202011040924/tools/bin/../lib/gcc/arm-none-eabi/7.3.1/../../../../arm-none-eabi/lib/thumb/v7e-m/fpv4-sp/hard\libc_nano.a(lib_a-readr.o)
 .ARM.attributes
                0x00000000000008ec       0x34 c:/st/stm32cubeide_1.5.0/stm32cubeide/plugins/com.st.stm32cube.ide.mcu.externaltools.gnu-tools-for-stm32.7-2018-q2-update.win32_1.5.0.202011040924/tools/bin/../lib/gcc/arm-none-eabi/7.3.1/../../../../arm-none-eabi/lib/thumb/v7e-m/fpv4-sp/hard\libc_nano.a(lib_a-reent.o)
 .ARM.attributes
                0x0000000000000920       0x22 c:/st/stm32cubeide_1.5.0/stm32cubeide/plugins/com.st.stm32cube.ide.mcu.externaltools.gnu-tools-for-stm32.7-2018-q2-update.win32_1.5.0.202011040924/tools/bin/../lib/gcc/arm-none-eabi/7.3.1/thumb/v7e-m/fpv4-sp/hard\libgcc.a(_aeabi_uldivmod.o)
 .ARM.attributes
                0x0000000000000942       0x34 c:/st/stm32cubeide_1.5.0/stm32cubeide/plugins/com.st.stm32cube.ide.mcu.externaltools.gnu-tools-for-stm32.7-2018-q2-update.win32_1.5.0.202011040924/tools/bin/../lib/gcc/arm-none-eabi/7.3.1/thumb/v7e-m/fpv4-sp/hard\libgcc.a(_udivmoddi4.o)
 .ARM.attributes
                0x0000000000000976       0x22 c:/st/stm32cubeide_1.5.0/stm32cubeide/plugins/com.st.stm32cube.ide.mcu.externaltools.gnu-tools-for-stm32.7-2018-q2-update.win32_1.5.0.202011040924/tools/bin/../lib/gcc/arm-none-eabi/7.3.1/thumb/v7e-m/fpv4-sp/hard\libgcc.a(_dvmd_tls.o)
 .ARM.attributes
                0x0000000000000998       0x22 c:/st/stm32cubeide_1.5.0/stm32cubeide/plugins/com.st.stm32cube.ide.mcu.externaltools.gnu-tools-for-stm32.7-2018-q2-update.win32_1.5.0.202011040924/tools/bin/../lib/gcc/arm-none-eabi/7.3.1/thumb/v7e-m/fpv4-sp/hard/crtn.o
OUTPUT(01_8_FreeRTOS_Deleting_Thread.elf elf32-littlearm)

.debug_info     0x0000000000000000     0xdc8f
 .debug_info    0x0000000000000000      0x3b2 Core/Src/freertos.o
 .debug_info    0x00000000000003b2     0x1221 Core/Src/main.o
 .debug_info    0x00000000000015d3      0x586 Core/Src/stm32f4xx_hal_msp.o
 .debug_info    0x0000000000001b59      0x1fa Core/Src/stm32f4xx_it.o
 .debug_info    0x0000000000001d53      0xebd Core/Src/syscalls.o
 .debug_info    0x0000000000002c10      0x985 Core/Src/sysmem.o
 .debug_info    0x0000000000003595      0x554 Core/Src/system_stm32f4xx.o
 .debug_info    0x0000000000003ae9       0x22 Core/Startup/startup_stm32f407vgtx.o
 .debug_info    0x0000000000003b0b      0x945 Drivers/STM32F4xx_HAL_Driver/Src/stm32f4xx_hal.o
 .debug_info    0x0000000000004450      0xe28 Drivers/STM32F4xx_HAL_Driver/Src/stm32f4xx_hal_cortex.o
 .debug_info    0x0000000000005278      0x7b5 Drivers/STM32F4xx_HAL_Driver/Src/stm32f4xx_hal_gpio.o
 .debug_info    0x0000000000005a2d      0x904 Drivers/STM32F4xx_HAL_Driver/Src/stm32f4xx_hal_rcc.o
 .debug_info    0x0000000000006331      0xacb Middlewares/Third_Party/FreeRTOS/Source/list.o
 .debug_info    0x0000000000006dfc     0x2025 Middlewares/Third_Party/FreeRTOS/Source/queue.o
 .debug_info    0x0000000000008e21     0x24fb Middlewares/Third_Party/FreeRTOS/Source/tasks.o
 .debug_info    0x000000000000b31c     0x1856 Middlewares/Third_Party/FreeRTOS/Source/timers.o
 .debug_info    0x000000000000cb72      0x533 Middlewares/Third_Party/FreeRTOS/Source/portable/GCC/ARM_CM4F/port.o
 .debug_info    0x000000000000d0a5      0xbea Middlewares/Third_Party/FreeRTOS/Source/portable/MemMang/heap_4.o

.debug_abbrev   0x0000000000000000     0x23ab
 .debug_abbrev  0x0000000000000000      0x121 Core/Src/freertos.o
 .debug_abbrev  0x0000000000000121      0x302 Core/Src/main.o
 .debug_abbrev  0x0000000000000423      0x112 Core/Src/stm32f4xx_hal_msp.o
 .debug_abbrev  0x0000000000000535       0xc6 Core/Src/stm32f4xx_it.o
 .debug_abbrev  0x00000000000005fb      0x261 Core/Src/syscalls.o
 .debug_abbrev  0x000000000000085c      0x19b Core/Src/sysmem.o
 .debug_abbrev  0x00000000000009f7      0x12b Core/Src/system_stm32f4xx.o
 .debug_abbrev  0x0000000000000b22       0x12 Core/Startup/startup_stm32f407vgtx.o
 .debug_abbrev  0x0000000000000b34      0x1c7 Drivers/STM32F4xx_HAL_Driver/Src/stm32f4xx_hal.o
 .debug_abbrev  0x0000000000000cfb      0x2fa Drivers/STM32F4xx_HAL_Driver/Src/stm32f4xx_hal_cortex.o
 .debug_abbrev  0x0000000000000ff5      0x1c9 Drivers/STM32F4xx_HAL_Driver/Src/stm32f4xx_hal_gpio.o
 .debug_abbrev  0x00000000000011be      0x245 Drivers/STM32F4xx_HAL_Driver/Src/stm32f4xx_hal_rcc.o
 .debug_abbrev  0x0000000000001403      0x1cf Middlewares/Third_Party/FreeRTOS/Source/list.o
 .debug_abbrev  0x00000000000015d2      0x336 Middlewares/Third_Party/FreeRTOS/Source/queue.o
 .debug_abbrev  0x0000000000001908      0x338 Middlewares/Third_Party/FreeRTOS/Source/tasks.o
 .debug_abbrev  0x0000000000001c40      0x2bd Middlewares/Third_Party/FreeRTOS/Source/timers.o
 .debug_abbrev  0x0000000000001efd      0x210 Middlewares/Third_Party/FreeRTOS/Source/portable/GCC/ARM_CM4F/port.o
 .debug_abbrev  0x000000000000210d      0x29e Middlewares/Third_Party/FreeRTOS/Source/portable/MemMang/heap_4.o

.debug_aranges  0x0000000000000000      0x988
 .debug_aranges
                0x0000000000000000       0x28 Core/Src/freertos.o
 .debug_aranges
                0x0000000000000028       0x58 Core/Src/main.o
 .debug_aranges
                0x0000000000000080       0x20 Core/Src/stm32f4xx_hal_msp.o
 .debug_aranges
                0x00000000000000a0       0x50 Core/Src/stm32f4xx_it.o
 .debug_aranges
                0x00000000000000f0       0xa8 Core/Src/syscalls.o
 .debug_aranges
                0x0000000000000198       0x20 Core/Src/sysmem.o
 .debug_aranges
                0x00000000000001b8       0x28 Core/Src/system_stm32f4xx.o
 .debug_aranges
                0x00000000000001e0       0x28 Core/Startup/startup_stm32f407vgtx.o
 .debug_aranges
                0x0000000000000208       0xf0 Drivers/STM32F4xx_HAL_Driver/Src/stm32f4xx_hal.o
 .debug_aranges
                0x00000000000002f8      0x118 Drivers/STM32F4xx_HAL_Driver/Src/stm32f4xx_hal_cortex.o
 .debug_aranges
                0x0000000000000410       0x58 Drivers/STM32F4xx_HAL_Driver/Src/stm32f4xx_hal_gpio.o
 .debug_aranges
                0x0000000000000468       0x88 Drivers/STM32F4xx_HAL_Driver/Src/stm32f4xx_hal_rcc.o
 .debug_aranges
                0x00000000000004f0       0x40 Middlewares/Third_Party/FreeRTOS/Source/list.o
 .debug_aranges
                0x0000000000000530      0x110 Middlewares/Third_Party/FreeRTOS/Source/queue.o
 .debug_aranges
                0x0000000000000640      0x1b0 Middlewares/Third_Party/FreeRTOS/Source/tasks.o
 .debug_aranges
                0x00000000000007f0       0xc8 Middlewares/Third_Party/FreeRTOS/Source/timers.o
 .debug_aranges
                0x00000000000008b8       0x80 Middlewares/Third_Party/FreeRTOS/Source/portable/GCC/ARM_CM4F/port.o
 .debug_aranges
                0x0000000000000938       0x50 Middlewares/Third_Party/FreeRTOS/Source/portable/MemMang/heap_4.o

.debug_ranges   0x0000000000000000      0x870
 .debug_ranges  0x0000000000000000       0x18 Core/Src/freertos.o
 .debug_ranges  0x0000000000000018       0x48 Core/Src/main.o
 .debug_ranges  0x0000000000000060       0x10 Core/Src/stm32f4xx_hal_msp.o
 .debug_ranges  0x0000000000000070       0x40 Core/Src/stm32f4xx_it.o
 .debug_ranges  0x00000000000000b0       0x98 Core/Src/syscalls.o
 .debug_ranges  0x0000000000000148       0x10 Core/Src/sysmem.o
 .debug_ranges  0x0000000000000158       0x18 Core/Src/system_stm32f4xx.o
 .debug_ranges  0x0000000000000170       0x20 Core/Startup/startup_stm32f407vgtx.o
 .debug_ranges  0x0000000000000190       0xe0 Drivers/STM32F4xx_HAL_Driver/Src/stm32f4xx_hal.o
 .debug_ranges  0x0000000000000270      0x108 Drivers/STM32F4xx_HAL_Driver/Src/stm32f4xx_hal_cortex.o
 .debug_ranges  0x0000000000000378       0x48 Drivers/STM32F4xx_HAL_Driver/Src/stm32f4xx_hal_gpio.o
 .debug_ranges  0x00000000000003c0       0x78 Drivers/STM32F4xx_HAL_Driver/Src/stm32f4xx_hal_rcc.o
 .debug_ranges  0x0000000000000438       0x30 Middlewares/Third_Party/FreeRTOS/Source/list.o
 .debug_ranges  0x0000000000000468      0x100 Middlewares/Third_Party/FreeRTOS/Source/queue.o
 .debug_ranges  0x0000000000000568      0x1a0 Middlewares/Third_Party/FreeRTOS/Source/tasks.o
 .debug_ranges  0x0000000000000708       0xb8 Middlewares/Third_Party/FreeRTOS/Source/timers.o
 .debug_ranges  0x00000000000007c0       0x70 Middlewares/Third_Party/FreeRTOS/Source/portable/GCC/ARM_CM4F/port.o
 .debug_ranges  0x0000000000000830       0x40 Middlewares/Third_Party/FreeRTOS/Source/portable/MemMang/heap_4.o

.debug_macro    0x0000000000000000    0x22221
 .debug_macro   0x0000000000000000      0x222 Core/Src/freertos.o
 .debug_macro   0x0000000000000222      0xa5a Core/Src/freertos.o
 .debug_macro   0x0000000000000c7c      0x174 Core/Src/freertos.o
 .debug_macro   0x0000000000000df0       0x22 Core/Src/freertos.o
 .debug_macro   0x0000000000000e12       0x8e Core/Src/freertos.o
 .debug_macro   0x0000000000000ea0       0x51 Core/Src/freertos.o
 .debug_macro   0x0000000000000ef1       0xef Core/Src/freertos.o
 .debug_macro   0x0000000000000fe0       0x6a Core/Src/freertos.o
 .debug_macro   0x000000000000104a      0x1df Core/Src/freertos.o
 .debug_macro   0x0000000000001229       0xfd Core/Src/freertos.o
 .debug_macro   0x0000000000001326      0x15a Core/Src/freertos.o
 .debug_macro   0x0000000000001480       0xde Core/Src/freertos.o
 .debug_macro   0x000000000000155e       0x1c Core/Src/freertos.o
 .debug_macro   0x000000000000157a       0x26 Core/Src/freertos.o
 .debug_macro   0x00000000000015a0      0x4e1 Core/Src/freertos.o
 .debug_macro   0x0000000000001a81       0xb5 Core/Src/freertos.o
 .debug_macro   0x0000000000001b36       0xaa Core/Src/freertos.o
 .debug_macro   0x0000000000001be0      0x288 Core/Src/freertos.o
 .debug_macro   0x0000000000001e68       0x2e Core/Src/freertos.o
 .debug_macro   0x0000000000001e96       0x2f Core/Src/freertos.o
 .debug_macro   0x0000000000001ec5       0x1c Core/Src/freertos.o
 .debug_macro   0x0000000000001ee1       0x22 Core/Src/freertos.o
 .debug_macro   0x0000000000001f03       0xdf Core/Src/freertos.o
 .debug_macro   0x0000000000001fe2     0x102d Core/Src/freertos.o
 .debug_macro   0x000000000000300f      0x11f Core/Src/freertos.o
 .debug_macro   0x000000000000312e    0x15e3c Core/Src/freertos.o
 .debug_macro   0x0000000000018f6a       0x43 Core/Src/freertos.o
 .debug_macro   0x0000000000018fad     0x3659 Core/Src/freertos.o
 .debug_macro   0x000000000001c606       0x5a Core/Src/freertos.o
 .debug_macro   0x000000000001c660      0x96b Core/Src/freertos.o
 .debug_macro   0x000000000001cfcb      0x9fe Core/Src/freertos.o
 .debug_macro   0x000000000001d9c9      0x117 Core/Src/freertos.o
 .debug_macro   0x000000000001dae0      0x13e Core/Src/freertos.o
 .debug_macro   0x000000000001dc1e       0x27 Core/Src/freertos.o
 .debug_macro   0x000000000001dc45      0x174 Core/Src/freertos.o
 .debug_macro   0x000000000001ddb9      0x287 Core/Src/freertos.o
 .debug_macro   0x000000000001e040       0x5f Core/Src/freertos.o
 .debug_macro   0x000000000001e09f      0x236 Core/Src/freertos.o
 .debug_macro   0x000000000001e2d5      0x12c Core/Src/freertos.o
 .debug_macro   0x000000000001e401      0x21e Core/Src/freertos.o
 .debug_macro   0x000000000001e61f       0x2e Core/Src/freertos.o
 .debug_macro   0x000000000001e64d      0x11a Core/Src/freertos.o
 .debug_macro   0x000000000001e767       0x7e Core/Src/freertos.o
 .debug_macro   0x000000000001e7e5       0x89 Core/Src/freertos.o
 .debug_macro   0x000000000001e86e      0x12d Core/Src/freertos.o
 .debug_macro   0x000000000001e99b      0x390 Core/Src/main.o
 .debug_macro   0x000000000001ed2b       0xfd Core/Src/main.o
 .debug_macro   0x000000000001ee28       0x46 Core/Src/main.o
 .debug_macro   0x000000000001ee6e       0x18 Core/Src/main.o
 .debug_macro   0x000000000001ee86       0x3c Core/Src/main.o
 .debug_macro   0x000000000001eec2       0x34 Core/Src/main.o
 .debug_macro   0x000000000001eef6       0x16 Core/Src/main.o
 .debug_macro   0x000000000001ef0c       0x35 Core/Src/main.o
 .debug_macro   0x000000000001ef41      0x32a Core/Src/main.o
 .debug_macro   0x000000000001f26b       0x10 Core/Src/main.o
 .debug_macro   0x000000000001f27b       0x52 Core/Src/main.o
 .debug_macro   0x000000000001f2cd       0x1f Core/Src/main.o
 .debug_macro   0x000000000001f2ec       0x43 Core/Src/main.o
 .debug_macro   0x000000000001f32f       0x20 Core/Src/main.o
 .debug_macro   0x000000000001f34f      0x1a3 Core/Src/main.o
 .debug_macro   0x000000000001f4f2       0x10 Core/Src/main.o
 .debug_macro   0x000000000001f502       0x1c Core/Src/main.o
 .debug_macro   0x000000000001f51e       0x52 Core/Src/main.o
 .debug_macro   0x000000000001f570       0x40 Core/Src/main.o
 .debug_macro   0x000000000001f5b0       0x10 Core/Src/main.o
 .debug_macro   0x000000000001f5c0       0x40 Core/Src/main.o
 .debug_macro   0x000000000001f600       0xd7 Core/Src/main.o
 .debug_macro   0x000000000001f6d7       0x1c Core/Src/main.o
 .debug_macro   0x000000000001f6f3       0x3d Core/Src/main.o
 .debug_macro   0x000000000001f730       0x16 Core/Src/main.o
 .debug_macro   0x000000000001f746      0x145 Core/Src/main.o
 .debug_macro   0x000000000001f88b      0x1ba Core/Src/stm32f4xx_hal_msp.o
 .debug_macro   0x000000000001fa45      0x22c Core/Src/stm32f4xx_it.o
 .debug_macro   0x000000000001fc71      0x243 Core/Src/syscalls.o
 .debug_macro   0x000000000001feb4       0x40 Core/Src/syscalls.o
 .debug_macro   0x000000000001fef4       0x94 Core/Src/syscalls.o
 .debug_macro   0x000000000001ff88       0x57 Core/Src/syscalls.o
 .debug_macro   0x000000000001ffdf      0x330 Core/Src/syscalls.o
 .debug_macro   0x000000000002030f       0x10 Core/Src/syscalls.o
 .debug_macro   0x000000000002031f       0x10 Core/Src/syscalls.o
 .debug_macro   0x000000000002032f       0x10 Core/Src/syscalls.o
 .debug_macro   0x000000000002033f       0x35 Core/Src/syscalls.o
 .debug_macro   0x0000000000020374      0x122 Core/Src/syscalls.o
 .debug_macro   0x0000000000020496       0x16 Core/Src/syscalls.o
 .debug_macro   0x00000000000204ac       0x16 Core/Src/syscalls.o
 .debug_macro   0x00000000000204c2       0x29 Core/Src/syscalls.o
 .debug_macro   0x00000000000204eb       0x10 Core/Src/syscalls.o
 .debug_macro   0x00000000000204fb      0x241 Core/Src/syscalls.o
 .debug_macro   0x000000000002073c       0x1c Core/Src/syscalls.o
 .debug_macro   0x0000000000020758       0x10 Core/Src/syscalls.o
 .debug_macro   0x0000000000020768      0x189 Core/Src/syscalls.o
 .debug_macro   0x00000000000208f1       0x16 Core/Src/syscalls.o
 .debug_macro   0x0000000000020907       0x88 Core/Src/syscalls.o
 .debug_macro   0x000000000002098f       0xee Core/Src/sysmem.o
 .debug_macro   0x0000000000020a7d      0x23b Core/Src/sysmem.o
 .debug_macro   0x0000000000020cb8      0x1b6 Core/Src/system_stm32f4xx.o
 .debug_macro   0x0000000000020e6e      0x210 Drivers/STM32F4xx_HAL_Driver/Src/stm32f4xx_hal.o
 .debug_macro   0x000000000002107e      0x1b0 Drivers/STM32F4xx_HAL_Driver/Src/stm32f4xx_hal_cortex.o
 .debug_macro   0x000000000002122e      0x1e6 Drivers/STM32F4xx_HAL_Driver/Src/stm32f4xx_hal_gpio.o
 .debug_macro   0x0000000000021414      0x1d4 Drivers/STM32F4xx_HAL_Driver/Src/stm32f4xx_hal_rcc.o
 .debug_macro   0x00000000000215e8      0x17a Middlewares/Third_Party/FreeRTOS/Source/list.o
 .debug_macro   0x0000000000021762      0x209 Middlewares/Third_Party/FreeRTOS/Source/queue.o
 .debug_macro   0x000000000002196b       0x16 Middlewares/Third_Party/FreeRTOS/Source/queue.o
 .debug_macro   0x0000000000021981       0x87 Middlewares/Third_Party/FreeRTOS/Source/queue.o
 .debug_macro   0x0000000000021a08      0x26c Middlewares/Third_Party/FreeRTOS/Source/tasks.o
 .debug_macro   0x0000000000021c74       0x10 Middlewares/Third_Party/FreeRTOS/Source/tasks.o
 .debug_macro   0x0000000000021c84      0x1cf Middlewares/Third_Party/FreeRTOS/Source/timers.o
 .debug_macro   0x0000000000021e53       0x97 Middlewares/Third_Party/FreeRTOS/Source/timers.o
 .debug_macro   0x0000000000021eea      0x196 Middlewares/Third_Party/FreeRTOS/Source/portable/GCC/ARM_CM4F/port.o
 .debug_macro   0x0000000000022080      0x1a1 Middlewares/Third_Party/FreeRTOS/Source/portable/MemMang/heap_4.o

.debug_line     0x0000000000000000     0x9640
 .debug_line    0x0000000000000000      0x787 Core/Src/freertos.o
 .debug_line    0x0000000000000787      0xa65 Core/Src/main.o
 .debug_line    0x00000000000011ec      0x679 Core/Src/stm32f4xx_hal_msp.o
 .debug_line    0x0000000000001865      0x803 Core/Src/stm32f4xx_it.o
 .debug_line    0x0000000000002068      0x73e Core/Src/syscalls.o
 .debug_line    0x00000000000027a6      0x4c7 Core/Src/sysmem.o
 .debug_line    0x0000000000002c6d      0x693 Core/Src/system_stm32f4xx.o
 .debug_line    0x0000000000003300       0x85 Core/Startup/startup_stm32f407vgtx.o
 .debug_line    0x0000000000003385      0x87d Drivers/STM32F4xx_HAL_Driver/Src/stm32f4xx_hal.o
 .debug_line    0x0000000000003c02      0x9a1 Drivers/STM32F4xx_HAL_Driver/Src/stm32f4xx_hal_cortex.o
 .debug_line    0x00000000000045a3      0x85c Drivers/STM32F4xx_HAL_Driver/Src/stm32f4xx_hal_gpio.o
 .debug_line    0x0000000000004dff      0x8d5 Drivers/STM32F4xx_HAL_Driver/Src/stm32f4xx_hal_rcc.o
 .debug_line    0x00000000000056d4      0x66c Middlewares/Third_Party/FreeRTOS/Source/list.o
 .debug_line    0x0000000000005d40      0xfa8 Middlewares/Third_Party/FreeRTOS/Source/queue.o
 .debug_line    0x0000000000006ce8     0x1163 Middlewares/Third_Party/FreeRTOS/Source/tasks.o
 .debug_line    0x0000000000007e4b      0xa00 Middlewares/Third_Party/FreeRTOS/Source/timers.o
 .debug_line    0x000000000000884b      0x6a3 Middlewares/Third_Party/FreeRTOS/Source/portable/GCC/ARM_CM4F/port.o
 .debug_line    0x0000000000008eee      0x752 Middlewares/Third_Party/FreeRTOS/Source/portable/MemMang/heap_4.o

.debug_str      0x0000000000000000    0xc81a1
 .debug_str     0x0000000000000000    0xbdc99 Core/Src/freertos.o
                                      0xbdf63 (size before relaxing)
 .debug_str     0x00000000000bdc99     0x447c Core/Src/main.o
                                      0xc2295 (size before relaxing)
 .debug_str     0x00000000000c2115      0x4fd Core/Src/stm32f4xx_hal_msp.o
                                      0xba623 (size before relaxing)
 .debug_str     0x00000000000c2612       0xa2 Core/Src/stm32f4xx_it.o
                                      0xbde30 (size before relaxing)
 .debug_str     0x00000000000c26b4     0x1078 Core/Src/syscalls.o
                                       0x888d (size before relaxing)
 .debug_str     0x00000000000c372c       0x6b Core/Src/sysmem.o
                                       0x5f5b (size before relaxing)
 .debug_str     0x00000000000c3797       0xc4 Core/Src/system_stm32f4xx.o
                                      0xba1bc (size before relaxing)
 .debug_str     0x00000000000c385b       0x36 Core/Startup/startup_stm32f407vgtx.o
                                         0x68 (size before relaxing)
 .debug_str     0x00000000000c3891      0x588 Drivers/STM32F4xx_HAL_Driver/Src/stm32f4xx_hal.o
                                      0xbac89 (size before relaxing)
 .debug_str     0x00000000000c3e19      0x392 Drivers/STM32F4xx_HAL_Driver/Src/stm32f4xx_hal_cortex.o
                                      0xbaa78 (size before relaxing)
 .debug_str     0x00000000000c41ab      0x20c Drivers/STM32F4xx_HAL_Driver/Src/stm32f4xx_hal_gpio.o
                                      0xba3fb (size before relaxing)
 .debug_str     0x00000000000c43b7      0x259 Drivers/STM32F4xx_HAL_Driver/Src/stm32f4xx_hal_rcc.o
                                      0xba5a9 (size before relaxing)
 .debug_str     0x00000000000c4610      0x12d Middlewares/Third_Party/FreeRTOS/Source/list.o
                                       0xa79b (size before relaxing)
 .debug_str     0x00000000000c473d     0x1174 Middlewares/Third_Party/FreeRTOS/Source/queue.o
                                       0xbfb8 (size before relaxing)
 .debug_str     0x00000000000c58b1     0x1929 Middlewares/Third_Party/FreeRTOS/Source/tasks.o
                                       0xc9ee (size before relaxing)
 .debug_str     0x00000000000c71da      0x55f Middlewares/Third_Party/FreeRTOS/Source/timers.o
                                       0xc55f (size before relaxing)
 .debug_str     0x00000000000c7739      0x817 Middlewares/Third_Party/FreeRTOS/Source/portable/GCC/ARM_CM4F/port.o
                                       0x8568 (size before relaxing)
 .debug_str     0x00000000000c7f50      0x251 Middlewares/Third_Party/FreeRTOS/Source/portable/MemMang/heap_4.o
                                       0xaf8e (size before relaxing)

.comment        0x0000000000000000       0x7b
 .comment       0x0000000000000000       0x7b Core/Src/freertos.o
                                         0x7c (size before relaxing)
 .comment       0x000000000000007b       0x7c Core/Src/main.o
 .comment       0x000000000000007b       0x7c Core/Src/stm32f4xx_hal_msp.o
 .comment       0x000000000000007b       0x7c Core/Src/stm32f4xx_it.o
 .comment       0x000000000000007b       0x7c Core/Src/syscalls.o
 .comment       0x000000000000007b       0x7c Core/Src/sysmem.o
 .comment       0x000000000000007b       0x7c Core/Src/system_stm32f4xx.o
 .comment       0x000000000000007b       0x7c Drivers/STM32F4xx_HAL_Driver/Src/stm32f4xx_hal.o