Archive member included to satisfy reference by file (symbol)

c:/st/stm32cubeide_1.5.0/stm32cubeide/plugins/com.st.stm32cube.ide.mcu.externaltools.gnu-tools-for-stm32.7-2018-q2-update.win32_1.5.0.202011040924/tools/bin/../lib/gcc/arm-none-eabi/7.3.1/../../../../arm-none-eabi/lib/thumb/v7e-m/fpv4-sp/hard\libc_nano.a(lib_a-errno.o)
                              Core/Src/syscalls.o (__errno)
c:/st/stm32cubeide_1.5.0/stm32cubeide/plugins/com.st.stm32cube.ide.mcu.externaltools.gnu-tools-for-stm32.7-2018-q2-update.win32_1.5.0.202011040924/tools/bin/../lib/gcc/arm-none-eabi/7.3.1/../../../../arm-none-eabi/lib/thumb/v7e-m/fpv4-sp/hard\libc_nano.a(lib_a-exit.o)
                              c:/st/stm32cubeide_1.5.0/stm32cubeide/plugins/com.st.stm32cube.ide.mcu.externaltools.gnu-tools-for-stm32.7-2018-q2-update.win32_1.5.0.202011040924/tools/bin/../lib/gcc/arm-none-eabi/7.3.1/../../../../arm-none-eabi/lib/thumb/v7e-m/fpv4-sp/hard/crt0.o (exit)
c:/st/stm32cubeide_1.5.0/stm32cubeide/plugins/com.st.stm32cube.ide.mcu.externaltools.gnu-tools-for-stm32.7-2018-q2-update.win32_1.5.0.202011040924/tools/bin/../lib/gcc/arm-none-eabi/7.3.1/../../../../arm-none-eabi/lib/thumb/v7e-m/fpv4-sp/hard\libc_nano.a(lib_a-impure.o)
                              c:/st/stm32cubeide_1.5.0/stm32cubeide/plugins/com.st.stm32cube.ide.mcu.externaltools.gnu-tools-for-stm32.7-2018-q2-update.win32_1.5.0.202011040924/tools/bin/../lib/gcc/arm-none-eabi/7.3.1/../../../../arm-none-eabi/lib/thumb/v7e-m/fpv4-sp/hard\libc_nano.a(lib_a-exit.o) (_global_impure_ptr)
c:/st/stm32cubeide_1.5.0/stm32cubeide/plugins/com.st.stm32cube.ide.mcu.externaltools.gnu-tools-for-stm32.7-2018-q2-update.win32_1.5.0.202011040924/tools/bin/../lib/gcc/arm-none-eabi/7.3.1/../../../../arm-none-eabi/lib/thumb/v7e-m/fpv4-sp/hard\libc_nano.a(lib_a-init.o)
                              c:/st/stm32cubeide_1.5.0/stm32cubeide/plugins/com.st.stm32cube.ide.mcu.externaltools.gnu-tools-for-stm32.7-2018-q2-update.win32_1.5.0.202011040924/tools/bin/../lib/gcc/arm-none-eabi/7.3.1/../../../../arm-none-eabi/lib/thumb/v7e-m/fpv4-sp/hard/crt0.o (__libc_init_array)
c:/st/stm32cubeide_1.5.0/stm32cubeide/plugins/com.st.stm32cube.ide.mcu.externaltools.gnu-tools-for-stm32.7-2018-q2-update.win32_1.5.0.202011040924/tools/bin/../lib/gcc/arm-none-eabi/7.3.1/../../../../arm-none-eabi/lib/thumb/v7e-m/fpv4-sp/hard\libc_nano.a(lib_a-memcpy-stub.o)
                              Core/Trace/trcSnapshotRecorder.o (memcpy)
c:/st/stm32cubeide_1.5.0/stm32cubeide/plugins/com.st.stm32cube.ide.mcu.externaltools.gnu-tools-for-stm32.7-2018-q2-update.win32_1.5.0.202011040924/tools/bin/../lib/gcc/arm-none-eabi/7.3.1/../../../../arm-none-eabi/lib/thumb/v7e-m/fpv4-sp/hard\libc_nano.a(lib_a-memset.o)
                              c:/st/stm32cubeide_1.5.0/stm32cubeide/plugins/com.st.stm32cube.ide.mcu.externaltools.gnu-tools-for-stm32.7-2018-q2-update.win32_1.5.0.202011040924/tools/bin/../lib/gcc/arm-none-eabi/7.3.1/../../../../arm-none-eabi/lib/thumb/v7e-m/fpv4-sp/hard/crt0.o (memset)
c:/st/stm32cubeide_1.5.0/stm32cubeide/plugins/com.st.stm32cube.ide.mcu.externaltools.gnu-tools-for-stm32.7-2018-q2-update.win32_1.5.0.202011040924/tools/bin/../lib/gcc/arm-none-eabi/7.3.1/../../../../arm-none-eabi/lib/thumb/v7e-m/fpv4-sp/hard\libc_nano.a(lib_a-puts.o)
                              Core/Src/main.o (puts)
c:/st/stm32cubeide_1.5.0/stm32cubeide/plugins/com.st.stm32cube.ide.mcu.externaltools.gnu-tools-for-stm32.7-2018-q2-update.win32_1.5.0.202011040924/tools/bin/../lib/gcc/arm-none-eabi/7.3.1/../../../../arm-none-eabi/lib/thumb/v7e-m/fpv4-sp/hard\libc_nano.a(lib_a-strncmp.o)
                              Core/Trace/trcSnapshotRecorder.o (strncmp)
c:/st/stm32cubeide_1.5.0/stm32cubeide/plugins/com.st.stm32cube.ide.mcu.externaltools.gnu-tools-for-stm32.7-2018-q2-update.win32_1.5.0.202011040924/tools/bin/../lib/gcc/arm-none-eabi/7.3.1/../../../../arm-none-eabi/lib/thumb/v7e-m/fpv4-sp/hard\libc_nano.a(lib_a-wbuf.o)
                              c:/st/stm32cubeide_1.5.0/stm32cubeide/plugins/com.st.stm32cube.ide.mcu.externaltools.gnu-tools-for-stm32.7-2018-q2-update.win32_1.5.0.202011040924/tools/bin/../lib/gcc/arm-none-eabi/7.3.1/../../../../arm-none-eabi/lib/thumb/v7e-m/fpv4-sp/hard\libc_nano.a(lib_a-puts.o) (__swbuf_r)
c:/st/stm32cubeide_1.5.0/stm32cubeide/plugins/com.st.stm32cube.ide.mcu.externaltools.gnu-tools-for-stm32.7-2018-q2-update.win32_1.5.0.202011040924/tools/bin/../lib/gcc/arm-none-eabi/7.3.1/../../../../arm-none-eabi/lib/thumb/v7e-m/fpv4-sp/hard\libc_nano.a(lib_a-wsetup.o)
                              c:/st/stm32cubeide_1.5.0/stm32cubeide/plugins/com.st.stm32cube.ide.mcu.externaltools.gnu-tools-for-stm32.7-2018-q2-update.win32_1.5.0.202011040924/tools/bin/../lib/gcc/arm-none-eabi/7.3.1/../../../../arm-none-eabi/lib/thumb/v7e-m/fpv4-sp/hard\libc_nano.a(lib_a-puts.o) (__swsetup_r)
[...]
Memory Configuration

Name             Origin             Length             Attributes
CCMRAM           0x0000000010000000 0x0000000000010000 xrw
RAM              0x0000000020000000 0x0000000000020000 xrw
FLASH            0x0000000008000000 0x0000000000100000 xr
*default*        0x0000000000000000 0xffffffffffffffff

Linker script and memory map

LOAD c:/st/stm32cubeide_1.5.0/stm32cubeide/plugins/com.st.stm32cube.ide.mcu.externaltools.gnu-tools-for-stm32.7-2018-q2-update.win32_1.5.0.202011040924/tools/bin/../lib/gcc/arm-none-eabi/7.3.1/thumb/v7e-m/fpv4-sp/hard/crti.o
LOAD c:/st/stm32cubeide_1.5.0/stm32cubeide/plugins/com.st.stm32cube.ide.mcu.externaltools.gnu-tools-for-stm32.7-2018-q2-update.win32_1.5.0.202011040924/tools/bin/../lib/gcc/arm-none-eabi/7.3.1/thumb/v7e-m/fpv4-sp/hard/crtbegin.o
LOAD c:/st/stm32cubeide_1.5.0/stm32cubeide/plugins/com.st.stm32cube.ide.mcu.externaltools.gnu-tools-for-stm32.7-2018-q2-update.win32_1.5.0.202011040924/tools/bin/../lib/gcc/arm-none-eabi/7.3.1/../../../../arm-none-eabi/lib/thumb/v7e-m/fpv4-sp/hard/crt0.o
LOAD Core/Src/freertos.o
LOAD Core/Src/main.o
LOAD Core/Src/stm32f4xx_hal_msp.o
LOAD Core/Src/stm32f4xx_it.o
LOAD Core/Src/syscalls.o
LOAD Core/Src/sysmem.o
LOAD Core/Src/system_stm32f4xx.o
LOAD Core/Startup/startup_stm32f407vgtx.o
LOAD Core/Trace/trcKernelPort.o
LOAD Core/Trace/trcSnapshotRecorder.o
LOAD Core/Trace/trcStreamingRecorder.o
LOAD Drivers/STM32F4xx_HAL_Driver/Src/stm32f4xx_hal.o
LOAD Drivers/STM32F4xx_HAL_Driver/Src/stm32f4xx_hal_cortex.o
LOAD Drivers/STM32F4xx_HAL_Driver/Src/stm32f4xx_hal_dma.o
LOAD Drivers/STM32F4xx_HAL_Driver/Src/stm32f4xx_hal_dma_ex.o
LOAD Drivers/STM32F4xx_HAL_Driver/Src/stm32f4xx_hal_exti.o
LOAD Drivers/STM32F4xx_HAL_Driver/Src/stm32f4xx_hal_flash.o
LOAD Drivers/STM32F4xx_HAL_Driver/Src/stm32f4xx_hal_flash_ex.o
LOAD Drivers/STM32F4xx_HAL_Driver/Src/stm32f4xx_hal_flash_ramfunc.o
LOAD Drivers/STM32F4xx_HAL_Driver/Src/stm32f4xx_hal_gpio.o
LOAD Drivers/STM32F4xx_HAL_Driver/Src/stm32f4xx_hal_pwr.o
LOAD Drivers/STM32F4xx_HAL_Driver/Src/stm32f4xx_hal_pwr_ex.o
LOAD Drivers/STM32F4xx_HAL_Driver/Src/stm32f4xx_hal_rcc.o
LOAD Drivers/STM32F4xx_HAL_Driver/Src/stm32f4xx_hal_rcc_ex.o
LOAD Drivers/STM32F4xx_HAL_Driver/Src/stm32f4xx_hal_tim.o
LOAD Drivers/STM32F4xx_HAL_Driver/Src/stm32f4xx_hal_tim_ex.o
LOAD Middlewares/Third_Party/FreeRTOS/Source/CMSIS_RTOS/cmsis_os.o
LOAD Middlewares/Third_Party/FreeRTOS/Source/croutine.o
LOAD Middlewares/Third_Party/FreeRTOS/Source/event_groups.o
LOAD Middlewares/Third_Party/FreeRTOS/Source/list.o
LOAD Middlewares/Third_Party/FreeRTOS/Source/queue.o
LOAD Middlewares/Third_Party/FreeRTOS/Source/stream_buffer.o
LOAD Middlewares/Third_Party/FreeRTOS/Source/tasks.o
LOAD Middlewares/Third_Party/FreeRTOS/Source/timers.o
LOAD Middlewares/Third_Party/FreeRTOS/Source/portable/GCC/ARM_CM4F/port.o
LOAD Middlewares/Third_Party/FreeRTOS/Source/portable/MemMang/heap_4.o
START GROUP
LOAD c:/st/stm32cubeide_1.5.0/stm32cubeide/plugins/com.st.stm32cube.ide.mcu.externaltools.gnu-tools-for-stm32.7-2018-q2-update.win32_1.5.0.202011040924/tools/bin/../lib/gcc/arm-none-eabi/7.3.1/../../../../arm-none-eabi/lib/thumb/v7e-m/fpv4-sp/hard\libc_nano.a
LOAD c:/st/stm32cubeide_1.5.0/stm32cubeide/plugins/com.st.stm32cube.ide.mcu.externaltools.gnu-tools-for-stm32.7-2018-q2-update.win32_1.5.0.202011040924/tools/bin/../lib/gcc/arm-none-eabi/7.3.1/../../../../arm-none-eabi/lib/thumb/v7e-m/fpv4-sp/hard\libm.a
END GROUP
START GROUP
LOAD c:/st/stm32cubeide_1.5.0/stm32cubeide/plugins/com.st.stm32cube.ide.mcu.externaltools.gnu-tools-for-stm32.7-2018-q2-update.win32_1.5.0.202011040924/tools/bin/../lib/gcc/arm-none-eabi/7.3.1/thumb/v7e-m/fpv4-sp/hard\libgcc.a
LOAD c:/st/stm32cubeide_1.5.0/stm32cubeide/plugins/com.st.stm32cube.ide.mcu.externaltools.gnu-tools-for-stm32.7-2018-q2-update.win32_1.5.0.202011040924/tools/bin/../lib/gcc/arm-none-eabi/7.3.1/../../../../arm-none-eabi/lib/thumb/v7e-m/fpv4-sp/hard\libc_nano.a
END GROUP
START GROUP
LOAD c:/st/stm32cubeide_1.5.0/stm32cubeide/plugins/com.st.stm32cube.ide.mcu.externaltools.gnu-tools-for-stm32.7-2018-q2-update.win32_1.5.0.202011040924/tools/bin/../lib/gcc/arm-none-eabi/7.3.1/thumb/v7e-m/fpv4-sp/hard\libgcc.a
LOAD c:/st/stm32cubeide_1.5.0/stm32cubeide/plugins/com.st.stm32cube.ide.mcu.externaltools.gnu-tools-for-stm32.7-2018-q2-update.win32_1.5.0.202011040924/tools/bin/../lib/gcc/arm-none-eabi/7.3.1/../../../../arm-none-eabi/lib/thumb/v7e-m/fpv4-sp/hard\libc_nano.a
LOAD c:/st/stm32cubeide_1.5.0/stm32cubeide/plugins/com.st.stm32cube.ide.mcu.externaltools.gnu-tools-for-stm32.7-2018-q2-update.win32_1.5.0.202011040924/tools/bin/../lib/gcc/arm-none-eabi/7.3.1/../../../../arm-none-eabi/lib/thumb/v7e-m/fpv4-sp/hard\libnosys.a
END GROUP
START GROUP
LOAD c:/st/stm32cubeide_1.5.0/stm32cubeide/plugins/com.st.stm32cube.ide.mcu.externaltools.gnu-tools-for-stm32.7-2018-q2-update.win32_1.5.0.202011040924/tools/bin/../lib/gcc/arm-none-eabi/7.3.1/thumb/v7e-m/fpv4-sp/hard\libgcc.a
LOAD c:/st/stm32cubeide_1.5.0/stm32cubeide/plugins/com.st.stm32cube.ide.mcu.externaltools.gnu-tools-for-stm32.7-2018-q2-update.win32_1.5.0.202011040924/tools/bin/../lib/gcc/arm-none-eabi/7.3.1/../../../../arm-none-eabi/lib/thumb/v7e-m/fpv4-sp/hard\libc_nano.a
LOAD c:/st/stm32cubeide_1.5.0/stm32cubeide/plugins/com.st.stm32cube.ide.mcu.externaltools.gnu-tools-for-stm32.7-2018-q2-update.win32_1.5.0.202011040924/tools/bin/../lib/gcc/arm-none-eabi/7.3.1/../../../../arm-none-eabi/lib/thumb/v7e-m/fpv4-sp/hard\libnosys.a
END GROUP
LOAD c:/st/stm32cubeide_1.5.0/stm32cubeide/plugins/com.st.stm32cube.ide.mcu.externaltools.gnu-tools-for-stm32.7-2018-q2-update.win32_1.5.0.202011040924/tools/bin/../lib/gcc/arm-none-eabi/7.3.1/thumb/v7e-m/fpv4-sp/hard/crtend.o
LOAD c:/st/stm32cubeide_1.5.0/stm32cubeide/plugins/com.st.stm32cube.ide.mcu.externaltools.gnu-tools-for-stm32.7-2018-q2-update.win32_1.5.0.202011040924/tools/bin/../lib/gcc/arm-none-eabi/7.3.1/thumb/v7e-m/fpv4-sp/hard/crtn.o
                0x0000000020020000                _estack = (ORIGIN (RAM) + LENGTH (RAM))
                0x0000000000000200                _Min_Heap_Size = 0x200
                0x0000000000000400                _Min_Stack_Size = 0x400

.isr_vector     0x0000000008000000      0x188
                0x0000000008000000                . = ALIGN (0x4)
 *(.isr_vector)
 .isr_vector    0x0000000008000000      0x188 Core/Startup/startup_stm32f407vgtx.o
                0x0000000008000000                g_pfnVectors
                0x0000000008000188                . = ALIGN (0x4)

.text           0x0000000008000190     0x5f00
                0x0000000008000190                . = ALIGN (0x4)
 *(.text)
 .text          0x0000000008000190       0x40 c:/st/stm32cubeide_1.5.0/stm32cubeide/plugins/com.st.stm32cube.ide.mcu.externaltools.gnu-tools-for-stm32.7-2018-q2-update.win32_1.5.0.202011040924/tools/bin/../lib/gcc/arm-none-eabi/7.3.1/thumb/v7e-m/fpv4-sp/hard/crtbegin.o
 *(.text*)
 .text.vApplicationGetIdleTaskMemory
                0x00000000080001d0       0x34 Core/Src/freertos.o
                0x00000000080001d0                vApplicationGetIdleTaskMemory
 .text.vApplicationGetTimerTaskMemory
                0x0000000008000204       0x34 Core/Src/freertos.o
                0x0000000008000204                vApplicationGetTimerTaskMemory
 .text.ITM_SendChar
                0x0000000008000238       0x4e Core/Src/main.o
 .text._write   0x0000000008000286       0x3c Core/Src/main.o
                0x0000000008000286                _write
 *fill*         0x00000000080002c2        0x2 
 .text.main     0x00000000080002c4       0x88 Core/Src/main.o
                0x00000000080002c4                main
 .text.vBlueLedControllerTask
                0x000000000800034c       0x40 Core/Src/main.o
                0x000000000800034c                vBlueLedControllerTask
 .text.vRedLedControllerTask
                0x000000000800038c       0x40 Core/Src/main.o
                0x000000000800038c                vRedLedControllerTask
 .text.vOrangeLedControllerTask
                0x00000000080003cc       0x40 Core/Src/main.o
                0x00000000080003cc                vOrangeLedControllerTask
 .text.vGreenLedControllerTask
                0x000000000800040c       0x3c Core/Src/main.o
                0x000000000800040c                vGreenLedControllerTask
 .text.GPIO_Init
                0x0000000008000448       0x78 Core/Src/main.o
                0x0000000008000448                GPIO_Init
 .text.NMI_Handler
                0x00000000080004c0        0x6 Core/Src/stm32f4xx_it.o
                0x00000000080004c0                NMI_Handler
 .text.HardFault_Handler
                0x00000000080004c6        0x6 Core/Src/stm32f4xx_it.o
                0x00000000080004c6                HardFault_Handler
 .text.MemManage_Handler
                0x00000000080004cc        0x6 Core/Src/stm32f4xx_it.o
                0x00000000080004cc                MemManage_Handler
 .text.BusFault_Handler
                0x00000000080004d2        0x6 Core/Src/stm32f4xx_it.o
                0x00000000080004d2                BusFault_Handler
 .text.UsageFault_Handler
                0x00000000080004d8        0x6 Core/Src/stm32f4xx_it.o
                0x00000000080004d8                UsageFault_Handler
 .text.DebugMon_Handler
                0x00000000080004de        0xe Core/Src/stm32f4xx_it.o
                0x00000000080004de                DebugMon_Handler
 .text.SysTick_Handler
                0x00000000080004ec       0x1a Core/Src/stm32f4xx_it.o
                0x00000000080004ec                SysTick_Handler
 .text._read    0x0000000008000506       0x3a Core/Src/syscalls.o
                0x0000000008000506                _read
 .text._close   0x0000000008000540       0x18 Core/Src/syscalls.o
                0x0000000008000540                _close
 .text._fstat   0x0000000008000558       0x20 Core/Src/syscalls.o
                0x0000000008000558                _fstat
 .text._isatty  0x0000000008000578       0x16 Core/Src/syscalls.o
                0x0000000008000578                _isatty
 .text._lseek   0x000000000800058e       0x1a Core/Src/syscalls.o
                0x000000000800058e                _lseek
 .text._sbrk    0x00000000080005a8       0x6c Core/Src/sysmem.o
                0x00000000080005a8                _sbrk
 .text.SystemInit
                0x0000000008000614       0x2c Core/Src/system_stm32f4xx.o
                0x0000000008000614                SystemInit
 .text.Reset_Handler
                0x0000000008000640       0x50 Core/Startup/startup_stm32f407vgtx.o
                0x0000000008000640                Reset_Handler
 .text.Default_Handler
                0x0000000008000690        0x2 Core/Startup/startup_stm32f407vgtx.o
                0x0000000008000690                RTC_Alarm_IRQHandler
                0x0000000008000690                HASH_RNG_IRQHandler
                0x0000000008000690                EXTI2_IRQHandler
                0x0000000008000690                TIM8_CC_IRQHandler
                0x0000000008000690                TIM1_CC_IRQHandler
                0x0000000008000690                DMA2_Stream5_IRQHandler
                0x0000000008000690                DMA1_Stream5_IRQHandler
                0x0000000008000690                PVD_IRQHandler
                0x0000000008000690                SDIO_IRQHandler
                0x0000000008000690                TAMP_STAMP_IRQHandler
                0x0000000008000690                CAN2_RX1_IRQHandler
                0x0000000008000690                EXTI3_IRQHandler
                0x0000000008000690                TIM8_TRG_COM_TIM14_IRQHandler
                0x0000000008000690                TIM1_UP_TIM10_IRQHandler
                0x0000000008000690                TIM8_UP_TIM13_IRQHandler
                0x0000000008000690                I2C3_ER_IRQHandler
                0x0000000008000690                EXTI0_IRQHandler
                0x0000000008000690                I2C2_EV_IRQHandler
                0x0000000008000690                DMA1_Stream2_IRQHandler
                0x0000000008000690                CAN1_RX0_IRQHandler
                0x0000000008000690                FPU_IRQHandler
                0x0000000008000690                OTG_HS_WKUP_IRQHandler
                0x0000000008000690                CAN2_SCE_IRQHandler
                0x0000000008000690                DMA2_Stream2_IRQHandler
                0x0000000008000690                SPI1_IRQHandler
                0x0000000008000690                TIM6_DAC_IRQHandler
                0x0000000008000690                TIM1_BRK_TIM9_IRQHandler
                0x0000000008000690                DCMI_IRQHandler
                0x0000000008000690                CAN2_RX0_IRQHandler
                0x0000000008000690                DMA2_Stream3_IRQHandler
                0x0000000008000690                USART6_IRQHandler
                0x0000000008000690                USART3_IRQHandler
                0x0000000008000690                CAN1_RX1_IRQHandler
                0x0000000008000690                UART5_IRQHandler
                0x0000000008000690                DMA2_Stream0_IRQHandler
                0x0000000008000690                TIM4_IRQHandler
                0x0000000008000690                I2C1_EV_IRQHandler
                0x0000000008000690                DMA1_Stream6_IRQHandler
                0x0000000008000690                DMA1_Stream1_IRQHandler
                0x0000000008000690                UART4_IRQHandler
                0x0000000008000690                TIM3_IRQHandler
                0x0000000008000690                RCC_IRQHandler
                0x0000000008000690                TIM8_BRK_TIM12_IRQHandler
                0x0000000008000690                Default_Handler
                0x0000000008000690                EXTI15_10_IRQHandler
                0x0000000008000690                ADC_IRQHandler
                0x0000000008000690                DMA1_Stream7_IRQHandler
                0x0000000008000690                TIM7_IRQHandler
                0x0000000008000690                CAN2_TX_IRQHandler
                0x0000000008000690                TIM5_IRQHandler
                0x0000000008000690                DMA2_Stream7_IRQHandler
                0x0000000008000690                I2C3_EV_IRQHandler
                0x0000000008000690                EXTI9_5_IRQHandler
                0x0000000008000690                RTC_WKUP_IRQHandler
                0x0000000008000690                ETH_WKUP_IRQHandler
                0x0000000008000690                SPI2_IRQHandler
                0x0000000008000690                OTG_HS_EP1_IN_IRQHandler
                0x0000000008000690                DMA1_Stream0_IRQHandler
                0x0000000008000690                CAN1_TX_IRQHandler
                0x0000000008000690                EXTI4_IRQHandler
                0x0000000008000690                FSMC_IRQHandler
                0x0000000008000690                ETH_IRQHandler
                0x0000000008000690                OTG_HS_EP1_OUT_IRQHandler
                0x0000000008000690                WWDG_IRQHandler
                0x0000000008000690                TIM2_IRQHandler
                0x0000000008000690                OTG_FS_WKUP_IRQHandler
                0x0000000008000690                TIM1_TRG_COM_TIM11_IRQHandler
                0x0000000008000690                OTG_HS_IRQHandler
                0x0000000008000690                EXTI1_IRQHandler
                0x0000000008000690                USART2_IRQHandler
                0x0000000008000690                I2C2_ER_IRQHandler
                0x0000000008000690                DMA2_Stream1_IRQHandler
                0x0000000008000690                CAN1_SCE_IRQHandler
                0x0000000008000690                FLASH_IRQHandler
                0x0000000008000690                DMA2_Stream4_IRQHandler
                0x0000000008000690                USART1_IRQHandler
                0x0000000008000690                OTG_FS_IRQHandler
                0x0000000008000690                SPI3_IRQHandler
                0x0000000008000690                DMA1_Stream4_IRQHandler
                0x0000000008000690                I2C1_ER_IRQHandler
                0x0000000008000690                DMA2_Stream6_IRQHandler
                0x0000000008000690                DMA1_Stream3_IRQHandler
 .text.prvTraceGetQueueNumber
                0x0000000008000692       0x18 Core/Trace/trcKernelPort.o
                0x0000000008000692                prvTraceGetQueueNumber
 .text.prvTraceGetQueueType
                0x00000000080006aa       0x18 Core/Trace/trcKernelPort.o
                0x00000000080006aa                prvTraceGetQueueType
 .text.prvTraceGetTaskNumberLow16
                0x00000000080006c2       0x1a Core/Trace/trcKernelPort.o
                0x00000000080006c2                prvTraceGetTaskNumberLow16
 .text.prvTraceGetTaskNumberHigh16
                0x00000000080006dc       0x1c Core/Trace/trcKernelPort.o
                0x00000000080006dc                prvTraceGetTaskNumberHigh16
 .text.prvTraceSetTaskNumberLow16
                0x00000000080006f8       0x2c Core/Trace/trcKernelPort.o
                0x00000000080006f8                prvTraceSetTaskNumberLow16
 .text.prvTraceSetTaskNumberHigh16
                0x0000000008000724       0x2c Core/Trace/trcKernelPort.o
                0x0000000008000724                prvTraceSetTaskNumberHigh16
 .text.prvTraceGetQueueNumberLow16
                0x0000000008000750       0x1a Core/Trace/trcKernelPort.o
                0x0000000008000750                prvTraceGetQueueNumberLow16
 .text.prvTraceGetQueueNumberHigh16
                0x000000000800076a       0x1c Core/Trace/trcKernelPort.o
                0x000000000800076a                prvTraceGetQueueNumberHigh16
 .text.prvTraceSetQueueNumberLow16
                0x0000000008000786       0x2c Core/Trace/trcKernelPort.o
                0x0000000008000786                prvTraceSetQueueNumberLow16
 .text.prvTraceSetQueueNumberHigh16
                0x00000000080007b2       0x2c Core/Trace/trcKernelPort.o
                0x00000000080007b2                prvTraceSetQueueNumberHigh16
 *fill*         0x00000000080007de        0x2 
 .text.prvAddTaskToStackMonitor
                0x00000000080007e0       0x6c Core/Trace/trcKernelPort.o
                0x00000000080007e0                prvAddTaskToStackMonitor
 .text.prvReportStackUsage
                0x000000000800084c       0xc8 Core/Trace/trcKernelPort.o
                0x000000000800084c                prvReportStackUsage
 .text.prvTraceGetCurrentTaskHandle
                0x0000000008000914        0xe Core/Trace/trcKernelPort.o
                0x0000000008000914                prvTraceGetCurrentTaskHandle
 *fill*         0x0000000008000922        0x2 
 .text.vTraceEnable
                0x0000000008000924       0x80 Core/Trace/trcKernelPort.o
                0x0000000008000924                vTraceEnable
 .text.TzCtrl   0x00000000080009a4       0x1e Core/Trace/trcKernelPort.o
 *fill*         0x00000000080009c2        0x2 
 .text.vTraceInitObjectPropertyTable
                0x00000000080009c4      0x19c Core/Trace/trcKernelPort.o
                0x00000000080009c4                vTraceInitObjectPropertyTable
 .text.vTraceInitObjectHandleStack
                0x0000000008000b60       0xc8 Core/Trace/trcKernelPort.o
                0x0000000008000b60                vTraceInitObjectHandleStack
 .text.pszTraceGetErrorNotEnoughHandles
                0x0000000008000c28       0x98 Core/Trace/trcKernelPort.o
                0x0000000008000c28                pszTraceGetErrorNotEnoughHandles
 .text.uiTraceStart
                0x0000000008000cc0       0xdc Core/Trace/trcSnapshotRecorder.o
                0x0000000008000cc0                uiTraceStart
 .text.vTraceStart
                0x0000000008000d9c        0xc Core/Trace/trcSnapshotRecorder.o
                0x0000000008000d9c                vTraceStart
 .text.vTraceStop
                0x0000000008000da8       0x30 Core/Trace/trcSnapshotRecorder.o
                0x0000000008000da8                vTraceStop
 .text.xTraceIsRecordingEnabled
                0x0000000008000dd8       0x24 Core/Trace/trcSnapshotRecorder.o
                0x0000000008000dd8                xTraceIsRecordingEnabled
 .text.prvTraceStoreTaskReady
                0x0000000008000dfc       0xc8 Core/Trace/trcSnapshotRecorder.o
                0x0000000008000dfc                prvTraceStoreTaskReady
 .text.vTraceStoreMemMangEvent
                0x0000000008000ec4      0x118 Core/Trace/trcSnapshotRecorder.o
                0x0000000008000ec4                vTraceStoreMemMangEvent
 .text.prvTraceStoreKernelCall
                0x0000000008000fdc       0xf8 Core/Trace/trcSnapshotRecorder.o
                0x0000000008000fdc                prvTraceStoreKernelCall
 .text.prvTraceStoreKernelCallWithParam
                0x00000000080010d4      0x110 Core/Trace/trcSnapshotRecorder.o
                0x00000000080010d4                prvTraceStoreKernelCallWithParam
 .text.prvTraceGetParam
                0x00000000080011e4       0x78 Core/Trace/trcSnapshotRecorder.o
 .text.prvTraceStoreKernelCallWithNumericParamOnly
                0x000000000800125c       0xc8 Core/Trace/trcSnapshotRecorder.o
                0x000000000800125c                prvTraceStoreKernelCallWithNumericParamOnly
 .text.prvTraceStoreTaskswitch
                0x0000000008001324       0xe0 Core/Trace/trcSnapshotRecorder.o
                0x0000000008001324                prvTraceStoreTaskswitch
 .text.prvTraceSetPriorityProperty
                0x0000000008001404       0x78 Core/Trace/trcSnapshotRecorder.o
                0x0000000008001404                prvTraceSetPriorityProperty
 .text.prvTraceGetPriorityProperty
                0x000000000800147c       0x7c Core/Trace/trcSnapshotRecorder.o
                0x000000000800147c                prvTraceGetPriorityProperty
 .text.prvTraceSetObjectState
                0x00000000080014f8       0x78 Core/Trace/trcSnapshotRecorder.o
                0x00000000080014f8                prvTraceSetObjectState
 .text.prvTraceGetObjectState
                0x0000000008001570       0x78 Core/Trace/trcSnapshotRecorder.o
 .text.prvTraceSetTaskInstanceFinished
                0x00000000080015e8       0x54 Core/Trace/trcSnapshotRecorder.o
                0x00000000080015e8                prvTraceSetTaskInstanceFinished
 .text.prvTraceInitTraceData
                0x000000000800163c      0x22c Core/Trace/trcSnapshotRecorder.o
                0x000000000800163c                prvTraceInitTraceData
 .text.prvTraceNextFreeEventBufferSlot
                0x0000000008001868       0x48 Core/Trace/trcSnapshotRecorder.o
 .text.uiIndexOfObject
                0x00000000080018b0       0xb0 Core/Trace/trcSnapshotRecorder.o
                0x00000000080018b0                uiIndexOfObject
 .text.prvTraceGetObjectHandle
                0x0000000008001960      0x158 Core/Trace/trcSnapshotRecorder.o
                0x0000000008001960                prvTraceGetObjectHandle
 .text.prvMarkObjectAsUsed
                0x0000000008001ab8       0x3c Core/Trace/trcSnapshotRecorder.o
                0x0000000008001ab8                prvMarkObjectAsUsed
 .text.prvStrncpy
                0x0000000008001af4       0x4c Core/Trace/trcSnapshotRecorder.o
 .text.prvTraceSetObjectName
                0x0000000008001b40       0xbc Core/Trace/trcSnapshotRecorder.o
                0x0000000008001b40                prvTraceSetObjectName
 .text.prvTraceError
                0x0000000008001bfc       0x58 Core/Trace/trcSnapshotRecorder.o
                0x0000000008001bfc                prvTraceError
 .text.prvCheckDataToBeOverwrittenForMultiEntryEvents
                0x0000000008001c54      0x114 Core/Trace/trcSnapshotRecorder.o
 .text.prvTraceUpdateCounters
                0x0000000008001d68       0x50 Core/Trace/trcSnapshotRecorder.o
 .text.prvTraceGetDTS
                0x0000000008001db8      0x1b0 Core/Trace/trcSnapshotRecorder.o
 .text.prvTraceInitCortexM
                0x0000000008001f68       0x6c Core/Trace/trcSnapshotRecorder.o
                0x0000000008001f68                prvTraceInitCortexM
 .text.prvTracePortGetTimeStamp
                0x0000000008001fd4       0x94 Core/Trace/trcSnapshotRecorder.o
                0x0000000008001fd4                prvTracePortGetTimeStamp
 .text.HAL_IncTick
                0x0000000008002068       0x28 Drivers/STM32F4xx_HAL_Driver/Src/stm32f4xx_hal.o
                0x0000000008002068                HAL_IncTick
 .text.HAL_GPIO_Init
                0x0000000008002090      0x334 Drivers/STM32F4xx_HAL_Driver/Src/stm32f4xx_hal_gpio.o
                0x0000000008002090                HAL_GPIO_Init
 .text.HAL_GPIO_WritePin
                0x00000000080023c4       0x32 Drivers/STM32F4xx_HAL_Driver/Src/stm32f4xx_hal_gpio.o
                0x00000000080023c4                HAL_GPIO_WritePin
 .text.vListInitialise
                0x00000000080023f6       0x40 Middlewares/Third_Party/FreeRTOS/Source/list.o
                0x00000000080023f6                vListInitialise
 .text.vListInitialiseItem
                0x0000000008002436       0x1a Middlewares/Third_Party/FreeRTOS/Source/list.o
                0x0000000008002436                vListInitialiseItem
 .text.vListInsertEnd
                0x0000000008002450       0x48 Middlewares/Third_Party/FreeRTOS/Source/list.o
                0x0000000008002450                vListInsertEnd
 .text.vListInsert
                0x0000000008002498       0x72 Middlewares/Third_Party/FreeRTOS/Source/list.o
                0x0000000008002498                vListInsert
 .text.uxListRemove
                0x000000000800250a       0x54 Middlewares/Third_Party/FreeRTOS/Source/list.o
                0x000000000800250a                uxListRemove
 *fill*         0x000000000800255e        0x2 
 .text.xQueueGenericReset
                0x0000000008002560       0xd0 Middlewares/Third_Party/FreeRTOS/Source/queue.o
                0x0000000008002560                xQueueGenericReset
 .text.xQueueGenericCreateStatic
                0x0000000008002630      0x120 Middlewares/Third_Party/FreeRTOS/Source/queue.o
                0x0000000008002630                xQueueGenericCreateStatic
 .text.prvInitialiseNewQueue
                0x0000000008002750      0x128 Middlewares/Third_Party/FreeRTOS/Source/queue.o
 .text.xQueueGenericSend
                0x0000000008002878      0x414 Middlewares/Third_Party/FreeRTOS/Source/queue.o
                0x0000000008002878                xQueueGenericSend
 .text.xQueueGenericSendFromISR
                0x0000000008002c8c      0x208 Middlewares/Third_Party/FreeRTOS/Source/queue.o
                0x0000000008002c8c                xQueueGenericSendFromISR
 .text.xQueueReceive
                0x0000000008002e94      0x404 Middlewares/Third_Party/FreeRTOS/Source/queue.o
                0x0000000008002e94                xQueueReceive
 .text.uxQueueGetQueueNumber
                0x0000000008003298       0x18 Middlewares/Third_Party/FreeRTOS/Source/queue.o
                0x0000000008003298                uxQueueGetQueueNumber
 .text.vQueueSetQueueNumber
                0x00000000080032b0       0x1c Middlewares/Third_Party/FreeRTOS/Source/queue.o
                0x00000000080032b0                vQueueSetQueueNumber
 .text.ucQueueGetQueueType
                0x00000000080032cc       0x1a Middlewares/Third_Party/FreeRTOS/Source/queue.o
                0x00000000080032cc                ucQueueGetQueueType
 .text.prvCopyDataToQueue
                0x00000000080032e6       0xd4 Middlewares/Third_Party/FreeRTOS/Source/queue.o
 .text.prvCopyDataFromQueue
                0x00000000080033ba       0x4c Middlewares/Third_Party/FreeRTOS/Source/queue.o
 .text.prvUnlockQueue
                0x0000000008003406       0xa4 Middlewares/Third_Party/FreeRTOS/Source/queue.o
 .text.prvIsQueueEmpty
                0x00000000080034aa       0x2c Middlewares/Third_Party/FreeRTOS/Source/queue.o
 .text.prvIsQueueFull
                0x00000000080034d6       0x30 Middlewares/Third_Party/FreeRTOS/Source/queue.o
 *fill*         0x0000000008003506        0x2 
 .text.vQueueAddToRegistry
                0x0000000008003508       0x74 Middlewares/Third_Party/FreeRTOS/Source/queue.o
                0x0000000008003508                vQueueAddToRegistry
 .text.vQueueWaitForMessageRestricted
                0x000000000800357c       0x68 Middlewares/Third_Party/FreeRTOS/Source/queue.o
                0x000000000800357c                vQueueWaitForMessageRestricted
 .text.xTaskCreateStatic
                0x00000000080035e4       0xb4 Middlewares/Third_Party/FreeRTOS/Source/tasks.o
                0x00000000080035e4                xTaskCreateStatic
 .text.xTaskCreate
                0x0000000008003698       0x8a Middlewares/Third_Party/FreeRTOS/Source/tasks.o
                0x0000000008003698                xTaskCreate
 .text.prvInitialiseNewTask
                0x0000000008003722      0x11c Middlewares/Third_Party/FreeRTOS/Source/tasks.o
 *fill*         0x000000000800383e        0x2 
 .text.prvAddNewTaskToReadyList
                0x0000000008003840      0x1a8 Middlewares/Third_Party/FreeRTOS/Source/tasks.o
 .text.vTaskDelay
                0x00000000080039e8       0xd8 Middlewares/Third_Party/FreeRTOS/Source/tasks.o
                0x00000000080039e8                vTaskDelay
 .text.vTaskStartScheduler
                0x0000000008003ac0      0x110 Middlewares/Third_Party/FreeRTOS/Source/tasks.o
                0x0000000008003ac0                vTaskStartScheduler
 .text.vTaskSuspendAll
                0x0000000008003bd0       0x1c Middlewares/Third_Party/FreeRTOS/Source/tasks.o
                0x0000000008003bd0                vTaskSuspendAll
 .text.xTaskResumeAll
                0x0000000008003bec      0x160 Middlewares/Third_Party/FreeRTOS/Source/tasks.o
                0x0000000008003bec                xTaskResumeAll
 .text.xTaskGetTickCount
                0x0000000008003d4c       0x20 Middlewares/Third_Party/FreeRTOS/Source/tasks.o
                0x0000000008003d4c                xTaskGetTickCount
 .text.xTaskIncrementTick
                0x0000000008003d6c      0x1d4 Middlewares/Third_Party/FreeRTOS/Source/tasks.o
                0x0000000008003d6c                xTaskIncrementTick
 .text.vTaskSwitchContext
                0x0000000008003f40       0xf8 Middlewares/Third_Party/FreeRTOS/Source/tasks.o
                0x0000000008003f40                vTaskSwitchContext
 .text.vTaskPlaceOnEventList
                0x0000000008004038       0x48 Middlewares/Third_Party/FreeRTOS/Source/tasks.o
                0x0000000008004038                vTaskPlaceOnEventList
 .text.vTaskPlaceOnEventListRestricted
                0x0000000008004080       0xcc Middlewares/Third_Party/FreeRTOS/Source/tasks.o
                0x0000000008004080                vTaskPlaceOnEventListRestricted
 .text.xTaskRemoveFromEventList
                0x000000000800414c       0xec Middlewares/Third_Party/FreeRTOS/Source/tasks.o
                0x000000000800414c                xTaskRemoveFromEventList
 .text.vTaskInternalSetTimeOutState
                0x0000000008004238       0x2c Middlewares/Third_Party/FreeRTOS/Source/tasks.o
                0x0000000008004238                vTaskInternalSetTimeOutState
 .text.xTaskCheckForTimeOut
                0x0000000008004264       0xc0 Middlewares/Third_Party/FreeRTOS/Source/tasks.o
                0x0000000008004264                xTaskCheckForTimeOut
 .text.vTaskMissedYield
                0x0000000008004324       0x18 Middlewares/Third_Party/FreeRTOS/Source/tasks.o
                0x0000000008004324                vTaskMissedYield
 .text.uxTaskGetTaskNumber
                0x000000000800433c       0x2c Middlewares/Third_Party/FreeRTOS/Source/tasks.o
                0x000000000800433c                uxTaskGetTaskNumber
 .text.vTaskSetTaskNumber
                0x0000000008004368       0x26 Middlewares/Third_Party/FreeRTOS/Source/tasks.o
                0x0000000008004368                vTaskSetTaskNumber
 *fill*         0x000000000800438e        0x2 
 .text.prvIdleTask
                0x0000000008004390       0x30 Middlewares/Third_Party/FreeRTOS/Source/tasks.o
 .text.prvInitialiseTaskLists
                0x00000000080043c0       0x80 Middlewares/Third_Party/FreeRTOS/Source/tasks.o
 .text.prvCheckTasksWaitingTermination
                0x0000000008004440       0x58 Middlewares/Third_Party/FreeRTOS/Source/tasks.o
 .text.prvTaskCheckFreeStackSpace
                0x0000000008004498       0x38 Middlewares/Third_Party/FreeRTOS/Source/tasks.o
 .text.uxTaskGetStackHighWaterMark
                0x00000000080044d0       0x38 Middlewares/Third_Party/FreeRTOS/Source/tasks.o
                0x00000000080044d0                uxTaskGetStackHighWaterMark
 .text.prvDeleteTCB
                0x0000000008004508       0x5c Middlewares/Third_Party/FreeRTOS/Source/tasks.o
 .text.prvResetNextTaskUnblockTime
                0x0000000008004564       0x40 Middlewares/Third_Party/FreeRTOS/Source/tasks.o
 .text.xTaskGetCurrentTaskHandle
                0x00000000080045a4       0x20 Middlewares/Third_Party/FreeRTOS/Source/tasks.o
                0x00000000080045a4                xTaskGetCurrentTaskHandle
 .text.xTaskGetSchedulerState
                0x00000000080045c4       0x3c Middlewares/Third_Party/FreeRTOS/Source/tasks.o
                0x00000000080045c4                xTaskGetSchedulerState
 .text.xTaskPriorityDisinherit
                0x0000000008004600      0x18c Middlewares/Third_Party/FreeRTOS/Source/tasks.o
                0x0000000008004600                xTaskPriorityDisinherit
 .text.prvAddCurrentTaskToDelayedList
                0x000000000800478c       0xcc Middlewares/Third_Party/FreeRTOS/Source/tasks.o
 .text.xTimerCreateTimerTask
                0x0000000008004858       0x90 Middlewares/Third_Party/FreeRTOS/Source/timers.o
                0x0000000008004858                xTimerCreateTimerTask
 .text.xTimerGenericCommand
                0x00000000080048e8       0x98 Middlewares/Third_Party/FreeRTOS/Source/timers.o
                0x00000000080048e8                xTimerGenericCommand
 .text.prvProcessExpiredTimer
                0x0000000008004980       0x98 Middlewares/Third_Party/FreeRTOS/Source/timers.o
 .text.prvTimerTask
                0x0000000008004a18       0x24 Middlewares/Third_Party/FreeRTOS/Source/timers.o
 .text.prvProcessTimerOrBlockTask
                0x0000000008004a3c       0x9c Middlewares/Third_Party/FreeRTOS/Source/timers.o
 .text.prvGetNextExpireTime
                0x0000000008004ad8       0x48 Middlewares/Third_Party/FreeRTOS/Source/timers.o
 .text.prvSampleTimeNow
                0x0000000008004b20       0x40 Middlewares/Third_Party/FreeRTOS/Source/timers.o
 .text.prvInsertTimerInActiveList
                0x0000000008004b60       0x84 Middlewares/Third_Party/FreeRTOS/Source/timers.o
 .text.prvProcessReceivedCommands
                0x0000000008004be4      0x188 Middlewares/Third_Party/FreeRTOS/Source/timers.o
 .text.prvSwitchTimerLists
                0x0000000008004d6c       0xc8 Middlewares/Third_Party/FreeRTOS/Source/timers.o
 .text.prvCheckForValidListAndQueue
                0x0000000008004e34       0x80 Middlewares/Third_Party/FreeRTOS/Source/timers.o
 .text.pxPortInitialiseStack
                0x0000000008004eb4       0x68 Middlewares/Third_Party/FreeRTOS/Source/portable/GCC/ARM_CM4F/port.o
                0x0000000008004eb4                pxPortInitialiseStack
 .text.prvTaskExitError
                0x0000000008004f1c       0x54 Middlewares/Third_Party/FreeRTOS/Source/portable/GCC/ARM_CM4F/port.o
 .text.SVC_Handler
                0x0000000008004f70       0x28 Middlewares/Third_Party/FreeRTOS/Source/portable/GCC/ARM_CM4F/port.o
                0x0000000008004f70                SVC_Handler
 .text.prvPortStartFirstTask
                0x0000000008004f98       0x28 Middlewares/Third_Party/FreeRTOS/Source/portable/GCC/ARM_CM4F/port.o
 .text.xPortStartScheduler
                0x0000000008004fc0      0x15c Middlewares/Third_Party/FreeRTOS/Source/portable/GCC/ARM_CM4F/port.o
                0x0000000008004fc0                xPortStartScheduler
 .text.vPortEnterCritical
                0x000000000800511c       0x5c Middlewares/Third_Party/FreeRTOS/Source/portable/GCC/ARM_CM4F/port.o
                0x000000000800511c                vPortEnterCritical
 .text.vPortExitCritical
                0x0000000008005178       0x50 Middlewares/Third_Party/FreeRTOS/Source/portable/GCC/ARM_CM4F/port.o
                0x0000000008005178                vPortExitCritical
 *fill*         0x00000000080051c8        0x8 
 .text.PendSV_Handler
                0x00000000080051d0       0x68 Middlewares/Third_Party/FreeRTOS/Source/portable/GCC/ARM_CM4F/port.o
                0x00000000080051d0                PendSV_Handler
 .text.xPortSysTickHandler
                0x0000000008005238       0x40 Middlewares/Third_Party/FreeRTOS/Source/portable/GCC/ARM_CM4F/port.o
                0x0000000008005238                xPortSysTickHandler
 .text.vPortSetupTimerInterrupt
                0x0000000008005278       0x48 Middlewares/Third_Party/FreeRTOS/Source/portable/GCC/ARM_CM4F/port.o
                0x0000000008005278                vPortSetupTimerInterrupt
 .text.vPortEnableVFP
                0x00000000080052c0       0x14 Middlewares/Third_Party/FreeRTOS/Source/portable/GCC/ARM_CM4F/port.o
 .text.vPortValidateInterruptPriority
                0x00000000080052d4       0x7c Middlewares/Third_Party/FreeRTOS/Source/portable/GCC/ARM_CM4F/port.o
                0x00000000080052d4                vPortValidateInterruptPriority
 .text.pvPortMalloc
                0x0000000008005350      0x1a4 Middlewares/Third_Party/FreeRTOS/Source/portable/MemMang/heap_4.o
                0x0000000008005350                pvPortMalloc
 .text.vPortFree
                0x00000000080054f4       0xc0 Middlewares/Third_Party/FreeRTOS/Source/portable/MemMang/heap_4.o
                0x00000000080054f4                vPortFree
 .text.prvHeapInit
                0x00000000080055b4       0xc4 Middlewares/Third_Party/FreeRTOS/Source/portable/MemMang/heap_4.o
 .text.prvInsertBlockIntoFreeList
                0x0000000008005678       0xb4 Middlewares/Third_Party/FreeRTOS/Source/portable/MemMang/heap_4.o
 .text.__errno  0x000000000800572c        0xc c:/st/stm32cubeide_1.5.0/stm32cubeide/plugins/com.st.stm32cube.ide.mcu.externaltools.gnu-tools-for-stm32.7-2018-q2-update.win32_1.5.0.202011040924/tools/bin/../lib/gcc/arm-none-eabi/7.3.1/../../../../arm-none-eabi/lib/thumb/v7e-m/fpv4-sp/hard\libc_nano.a(lib_a-errno.o)
                0x000000000800572c                __errno
 .text.__libc_init_array
                0x0000000008005738       0x48 c:/st/stm32cubeide_1.5.0/stm32cubeide/plugins/com.st.stm32cube.ide.mcu.externaltools.gnu-tools-for-stm32.7-2018-q2-update.win32_1.5.0.202011040924/tools/bin/../lib/gcc/arm-none-eabi/7.3.1/../../../../arm-none-eabi/lib/thumb/v7e-m/fpv4-sp/hard\libc_nano.a(lib_a-init.o)
                0x0000000008005738                __libc_init_array
 .text.memcpy   0x0000000008005780       0x16 c:/st/stm32cubeide_1.5.0/stm32cubeide/plugins/com.st.stm32cube.ide.mcu.externaltools.gnu-tools-for-stm32.7-2018-q2-update.win32_1.5.0.202011040924/tools/bin/../lib/gcc/arm-none-eabi/7.3.1/../../../../arm-none-eabi/lib/thumb/v7e-m/fpv4-sp/hard\libc_nano.a(lib_a-memcpy-stub.o)
                0x0000000008005780                memcpy
 .text.memset   0x0000000008005796       0x10 c:/st/stm32cubeide_1.5.0/stm32cubeide/plugins/com.st.stm32cube.ide.mcu.externaltools.gnu-tools-for-stm32.7-2018-q2-update.win32_1.5.0.202011040924/tools/bin/../lib/gcc/arm-none-eabi/7.3.1/../../../../arm-none-eabi/lib/thumb/v7e-m/fpv4-sp/hard\libc_nano.a(lib_a-memset.o)
                0x0000000008005796                memset
 *fill*         0x00000000080057a6        0x2 
 .text._puts_r  0x00000000080057a8       0xb8 c:/st/stm32cubeide_1.5.0/stm32cubeide/plugins/com.st.stm32cube.ide.mcu.externaltools.gnu-tools-for-stm32.7-2018-q2-update.win32_1.5.0.202011040924/tools/bin/../lib/gcc/arm-none-eabi/7.3.1/../../../../arm-none-eabi/lib/thumb/v7e-m/fpv4-sp/hard\libc_nano.a(lib_a-puts.o)
                0x00000000080057a8                _puts_r
 .text.puts     0x0000000008005860       0x10 c:/st/stm32cubeide_1.5.0/stm32cubeide/plugins/com.st.stm32cube.ide.mcu.externaltools.gnu-tools-for-stm32.7-2018-q2-update.win32_1.5.0.202011040924/tools/bin/../lib/gcc/arm-none-eabi/7.3.1/../../../../arm-none-eabi/lib/thumb/v7e-m/fpv4-sp/hard\libc_nano.a(lib_a-puts.o)
                0x0000000008005860                puts
 .text.__swbuf_r
                0x0000000008005870       0xa4 c:/st/stm32cubeide_1.5.0/stm32cubeide/plugins/com.st.stm32cube.ide.mcu.externaltools.gnu-tools-for-stm32.7-2018-q2-update.win32_1.5.0.202011040924/tools/bin/../lib/gcc/arm-none-eabi/7.3.1/../../../../arm-none-eabi/lib/thumb/v7e-m/fpv4-sp/hard\libc_nano.a(lib_a-wbuf.o)
                0x0000000008005870                __swbuf_r
 .text.__swsetup_r
                0x0000000008005914       0xdc c:/st/stm32cubeide_1.5.0/stm32cubeide/plugins/com.st.stm32cube.ide.mcu.externaltools.gnu-tools-for-stm32.7-2018-q2-update.win32_1.5.0.202011040924/tools/bin/../lib/gcc/arm-none-eabi/7.3.1/../../../../arm-none-eabi/lib/thumb/v7e-m/fpv4-sp/hard\libc_nano.a(lib_a-wsetup.o)
                0x0000000008005914                __swsetup_r
 .text.__sflush_r
                0x00000000080059f0      0x10c c:/st/stm32cubeide_1.5.0/stm32cubeide/plugins/com.st.stm32cube.ide.mcu.externaltools.gnu-tools-for-stm32.7-2018-q2-update.win32_1.5.0.202011040924/tools/bin/../lib/gcc/arm-none-eabi/7.3.1/../../../../arm-none-eabi/lib/thumb/v7e-m/fpv4-sp/hard\libc_nano.a(lib_a-fflush.o)
                0x00000000080059f0                __sflush_r
 .text._fflush_r
                0x0000000008005afc       0x54 c:/st/stm32cubeide_1.5.0/stm32cubeide/plugins/com.st.stm32cube.ide.mcu.externaltools.gnu-tools-for-stm32.7-2018-q2-update.win32_1.5.0.202011040924/tools/bin/../lib/gcc/arm-none-eabi/7.3.1/../../../../arm-none-eabi/lib/thumb/v7e-m/fpv4-sp/hard\libc_nano.a(lib_a-fflush.o)
                0x0000000008005afc                _fflush_r
 .text.std      0x0000000008005b50       0x48 c:/st/stm32cubeide_1.5.0/stm32cubeide/plugins/com.st.stm32cube.ide.mcu.externaltools.gnu-tools-for-stm32.7-2018-q2-update.win32_1.5.0.202011040924/tools/bin/../lib/gcc/arm-none-eabi/7.3.1/../../../../arm-none-eabi/lib/thumb/v7e-m/fpv4-sp/hard\libc_nano.a(lib_a-findfp.o)
 .text._cleanup_r
                0x0000000008005b98        0xc c:/st/stm32cubeide_1.5.0/stm32cubeide/plugins/com.st.stm32cube.ide.mcu.externaltools.gnu-tools-for-stm32.7-2018-q2-update.win32_1.5.0.202011040924/tools/bin/../lib/gcc/arm-none-eabi/7.3.1/../../../../arm-none-eabi/lib/thumb/v7e-m/fpv4-sp/hard\libc_nano.a(lib_a-findfp.o)
                0x0000000008005b98                _cleanup_r
 .text.__sfmoreglue
                0x0000000008005ba4       0x2c c:/st/stm32cubeide_1.5.0/stm32cubeide/plugins/com.st.stm32cube.ide.mcu.externaltools.gnu-tools-for-stm32.7-2018-q2-update.win32_1.5.0.202011040924/tools/bin/../lib/gcc/arm-none-eabi/7.3.1/../../../../arm-none-eabi/lib/thumb/v7e-m/fpv4-sp/hard\libc_nano.a(lib_a-findfp.o)
                0x0000000008005ba4                __sfmoreglue
 .text.__sinit  0x0000000008005bd0       0x60 c:/st/stm32cubeide_1.5.0/stm32cubeide/plugins/com.st.stm32cube.ide.mcu.externaltools.gnu-tools-for-stm32.7-2018-q2-update.win32_1.5.0.202011040924/tools/bin/../lib/gcc/arm-none-eabi/7.3.1/../../../../arm-none-eabi/lib/thumb/v7e-m/fpv4-sp/hard\libc_nano.a(lib_a-findfp.o)
                0x0000000008005bd0                __sinit
 .text.__sfp    0x0000000008005c30       0x78 c:/st/stm32cubeide_1.5.0/stm32cubeide/plugins/com.st.stm32cube.ide.mcu.externaltools.gnu-tools-for-stm32.7-2018-q2-update.win32_1.5.0.202011040924/tools/bin/../lib/gcc/arm-none-eabi/7.3.1/../../../../arm-none-eabi/lib/thumb/v7e-m/fpv4-sp/hard\libc_nano.a(lib_a-findfp.o)
                0x0000000008005c30                __sfp
 .text._fwalk_reent
                0x0000000008005ca8       0x3c c:/st/stm32cubeide_1.5.0/stm32cubeide/plugins/com.st.stm32cube.ide.mcu.externaltools.gnu-tools-for-stm32.7-2018-q2-update.win32_1.5.0.202011040924/tools/bin/../lib/gcc/arm-none-eabi/7.3.1/../../../../arm-none-eabi/lib/thumb/v7e-m/fpv4-sp/hard\libc_nano.a(lib_a-fwalk.o)
                0x0000000008005ca8                _fwalk_reent
 .text.__swhatbuf_r
                0x0000000008005ce4       0x48 c:/st/stm32cubeide_1.5.0/stm32cubeide/plugins/com.st.stm32cube.ide.mcu.externaltools.gnu-tools-for-stm32.7-2018-q2-update.win32_1.5.0.202011040924/tools/bin/../lib/gcc/arm-none-eabi/7.3.1/../../../../arm-none-eabi/lib/thumb/v7e-m/fpv4-sp/hard\libc_nano.a(lib_a-makebuf.o)
                0x0000000008005ce4                __swhatbuf_r
 .text.__smakebuf_r
                0x0000000008005d2c       0x80 c:/st/stm32cubeide_1.5.0/stm32cubeide/plugins/com.st.stm32cube.ide.mcu.externaltools.gnu-tools-for-stm32.7-2018-q2-update.win32_1.5.0.202011040924/tools/bin/../lib/gcc/arm-none-eabi/7.3.1/../../../../arm-none-eabi/lib/thumb/v7e-m/fpv4-sp/hard\libc_nano.a(lib_a-makebuf.o)
                0x0000000008005d2c                __smakebuf_r
 .text._free_r  0x0000000008005dac       0x9c c:/st/stm32cubeide_1.5.0/stm32cubeide/plugins/com.st.stm32cube.ide.mcu.externaltools.gnu-tools-for-stm32.7-2018-q2-update.win32_1.5.0.202011040924/tools/bin/../lib/gcc/arm-none-eabi/7.3.1/../../../../arm-none-eabi/lib/thumb/v7e-m/fpv4-sp/hard\libc_nano.a(lib_a-nano-freer.o)
                0x0000000008005dac                _free_r
 .text._malloc_r
                0x0000000008005e48       0xb4 c:/st/stm32cubeide_1.5.0/stm32cubeide/plugins/com.st.stm32cube.ide.mcu.externaltools.gnu-tools-for-stm32.7-2018-q2-update.win32_1.5.0.202011040924/tools/bin/../lib/gcc/arm-none-eabi/7.3.1/../../../../arm-none-eabi/lib/thumb/v7e-m/fpv4-sp/hard\libc_nano.a(lib_a-nano-mallocr.o)
                0x0000000008005e48                _malloc_r
 .text._sbrk_r  0x0000000008005efc       0x20 c:/st/stm32cubeide_1.5.0/stm32cubeide/plugins/com.st.stm32cube.ide.mcu.externaltools.gnu-tools-for-stm32.7-2018-q2-update.win32_1.5.0.202011040924/tools/bin/../lib/gcc/arm-none-eabi/7.3.1/../../../../arm-none-eabi/lib/thumb/v7e-m/fpv4-sp/hard\libc_nano.a(lib_a-sbrkr.o)
                0x0000000008005efc                _sbrk_r
 .text.__sread  0x0000000008005f1c       0x22 c:/st/stm32cubeide_1.5.0/stm32cubeide/plugins/com.st.stm32cube.ide.mcu.externaltools.gnu-tools-for-stm32.7-2018-q2-update.win32_1.5.0.202011040924/tools/bin/../lib/gcc/arm-none-eabi/7.3.1/../../../../arm-none-eabi/lib/thumb/v7e-m/fpv4-sp/hard\libc_nano.a(lib_a-stdio.o)
                0x0000000008005f1c                __sread
 .text.__swrite
                0x0000000008005f3e       0x38 c:/st/stm32cubeide_1.5.0/stm32cubeide/plugins/com.st.stm32cube.ide.mcu.externaltools.gnu-tools-for-stm32.7-2018-q2-update.win32_1.5.0.202011040924/tools/bin/../lib/gcc/arm-none-eabi/7.3.1/../../../../arm-none-eabi/lib/thumb/v7e-m/fpv4-sp/hard\libc_nano.a(lib_a-stdio.o)
                0x0000000008005f3e                __swrite
 .text.__sseek  0x0000000008005f76       0x24 c:/st/stm32cubeide_1.5.0/stm32cubeide/plugins/com.st.stm32cube.ide.mcu.externaltools.gnu-tools-for-stm32.7-2018-q2-update.win32_1.5.0.202011040924/tools/bin/../lib/gcc/arm-none-eabi/7.3.1/../../../../arm-none-eabi/lib/thumb/v7e-m/fpv4-sp/hard\libc_nano.a(lib_a-stdio.o)
                0x0000000008005f76                __sseek
 .text.__sclose
                0x0000000008005f9a        0x8 c:/st/stm32cubeide_1.5.0/stm32cubeide/plugins/com.st.stm32cube.ide.mcu.externaltools.gnu-tools-for-stm32.7-2018-q2-update.win32_1.5.0.202011040924/tools/bin/../lib/gcc/arm-none-eabi/7.3.1/../../../../arm-none-eabi/lib/thumb/v7e-m/fpv4-sp/hard\libc_nano.a(lib_a-stdio.o)
                0x0000000008005f9a                __sclose
 *fill*         0x0000000008005fa2        0x2 
 .text._write_r
                0x0000000008005fa4       0x24 c:/st/stm32cubeide_1.5.0/stm32cubeide/plugins/com.st.stm32cube.ide.mcu.externaltools.gnu-tools-for-stm32.7-2018-q2-update.win32_1.5.0.202011040924/tools/bin/../lib/gcc/arm-none-eabi/7.3.1/../../../../arm-none-eabi/lib/thumb/v7e-m/fpv4-sp/hard\libc_nano.a(lib_a-writer.o)
                0x0000000008005fa4                _write_r
 .text._close_r
                0x0000000008005fc8       0x20 c:/st/stm32cubeide_1.5.0/stm32cubeide/plugins/com.st.stm32cube.ide.mcu.externaltools.gnu-tools-for-stm32.7-2018-q2-update.win32_1.5.0.202011040924/tools/bin/../lib/gcc/arm-none-eabi/7.3.1/../../../../arm-none-eabi/lib/thumb/v7e-m/fpv4-sp/hard\libc_nano.a(lib_a-closer.o)
                0x0000000008005fc8                _close_r
 .text._fstat_r
                0x0000000008005fe8       0x24 c:/st/stm32cubeide_1.5.0/stm32cubeide/plugins/com.st.stm32cube.ide.mcu.externaltools.gnu-tools-for-stm32.7-2018-q2-update.win32_1.5.0.202011040924/tools/bin/../lib/gcc/arm-none-eabi/7.3.1/../../../../arm-none-eabi/lib/thumb/v7e-m/fpv4-sp/hard\libc_nano.a(lib_a-fstatr.o)
                0x0000000008005fe8                _fstat_r
 .text._isatty_r
                0x000000000800600c       0x20 c:/st/stm32cubeide_1.5.0/stm32cubeide/plugins/com.st.stm32cube.ide.mcu.externaltools.gnu-tools-for-stm32.7-2018-q2-update.win32_1.5.0.202011040924/tools/bin/../lib/gcc/arm-none-eabi/7.3.1/../../../../arm-none-eabi/lib/thumb/v7e-m/fpv4-sp/hard\libc_nano.a(lib_a-isattyr.o)
                0x000000000800600c                _isatty_r
 .text._lseek_r
                0x000000000800602c       0x24 c:/st/stm32cubeide_1.5.0/stm32cubeide/plugins/com.st.stm32cube.ide.mcu.externaltools.gnu-tools-for-stm32.7-2018-q2-update.win32_1.5.0.202011040924/tools/bin/../lib/gcc/arm-none-eabi/7.3.1/../../../../arm-none-eabi/lib/thumb/v7e-m/fpv4-sp/hard\libc_nano.a(lib_a-lseekr.o)
                0x000000000800602c                _lseek_r
 .text.__malloc_lock
                0x0000000008006050        0x2 c:/st/stm32cubeide_1.5.0/stm32cubeide/plugins/com.st.stm32cube.ide.mcu.externaltools.gnu-tools-for-stm32.7-2018-q2-update.win32_1.5.0.202011040924/tools/bin/../lib/gcc/arm-none-eabi/7.3.1/../../../../arm-none-eabi/lib/thumb/v7e-m/fpv4-sp/hard\libc_nano.a(lib_a-mlock.o)
                0x0000000008006050                __malloc_lock
 .text.__malloc_unlock
                0x0000000008006052        0x2 c:/st/stm32cubeide_1.5.0/stm32cubeide/plugins/com.st.stm32cube.ide.mcu.externaltools.gnu-tools-for-stm32.7-2018-q2-update.win32_1.5.0.202011040924/tools/bin/../lib/gcc/arm-none-eabi/7.3.1/../../../../arm-none-eabi/lib/thumb/v7e-m/fpv4-sp/hard\libc_nano.a(lib_a-mlock.o)
                0x0000000008006052                __malloc_unlock
 .text._read_r  0x0000000008006054       0x24 c:/st/stm32cubeide_1.5.0/stm32cubeide/plugins/com.st.stm32cube.ide.mcu.externaltools.gnu-tools-for-stm32.7-2018-q2-update.win32_1.5.0.202011040924/tools/bin/../lib/gcc/arm-none-eabi/7.3.1/../../../../arm-none-eabi/lib/thumb/v7e-m/fpv4-sp/hard\libc_nano.a(lib_a-readr.o)
                0x0000000008006054                _read_r
 *(.glue_7)
 .glue_7        0x0000000008006078        0x0 linker stubs
 *(.glue_7t)
 .glue_7t       0x0000000008006078        0x0 linker stubs
 *(.eh_frame)
 .eh_frame      0x0000000008006078        0x0 c:/st/stm32cubeide_1.5.0/stm32cubeide/plugins/com.st.stm32cube.ide.mcu.externaltools.gnu-tools-for-stm32.7-2018-q2-update.win32_1.5.0.202011040924/tools/bin/../lib/gcc/arm-none-eabi/7.3.1/thumb/v7e-m/fpv4-sp/hard/crtbegin.o
 *(.init)
 .init          0x0000000008006078        0x4 c:/st/stm32cubeide_1.5.0/stm32cubeide/plugins/com.st.stm32cube.ide.mcu.externaltools.gnu-tools-for-stm32.7-2018-q2-update.win32_1.5.0.202011040924/tools/bin/../lib/gcc/arm-none-eabi/7.3.1/thumb/v7e-m/fpv4-sp/hard/crti.o
                0x0000000008006078                _init
 .init          0x000000000800607c        0x8 c:/st/stm32cubeide_1.5.0/stm32cubeide/plugins/com.st.stm32cube.ide.mcu.externaltools.gnu-tools-for-stm32.7-2018-q2-update.win32_1.5.0.202011040924/tools/bin/../lib/gcc/arm-none-eabi/7.3.1/thumb/v7e-m/fpv4-sp/hard/crtn.o
 *(.fini)
 .fini          0x0000000008006084        0x4 c:/st/stm32cubeide_1.5.0/stm32cubeide/plugins/com.st.stm32cube.ide.mcu.externaltools.gnu-tools-for-stm32.7-2018-q2-update.win32_1.5.0.202011040924/tools/bin/../lib/gcc/arm-none-eabi/7.3.1/thumb/v7e-m/fpv4-sp/hard/crti.o
                0x0000000008006084                _fini
 .fini          0x0000000008006088        0x8 c:/st/stm32cubeide_1.5.0/stm32cubeide/plugins/com.st.stm32cube.ide.mcu.externaltools.gnu-tools-for-stm32.7-2018-q2-update.win32_1.5.0.202011040924/tools/bin/../lib/gcc/arm-none-eabi/7.3.1/thumb/v7e-m/fpv4-sp/hard/crtn.o
                0x0000000008006090                . = ALIGN (0x4)
                0x0000000008006090                _etext = .

.vfp11_veneer   0x0000000008006090        0x0
 .vfp11_veneer  0x0000000008006090        0x0 linker stubs

.v4_bx          0x0000000008006090        0x0
 .v4_bx         0x0000000008006090        0x0 linker stubs

.iplt           0x0000000008006090        0x0
 .iplt          0x0000000008006090        0x0 c:/st/stm32cubeide_1.5.0/stm32cubeide/plugins/com.st.stm32cube.ide.mcu.externaltools.gnu-tools-for-stm32.7-2018-q2-update.win32_1.5.0.202011040924/tools/bin/../lib/gcc/arm-none-eabi/7.3.1/thumb/v7e-m/fpv4-sp/hard/crtbegin.o

.rodata         0x0000000008006090     0x1540
                0x0000000008006090                . = ALIGN (0x4)
 *(.rodata)
 .rodata        0x0000000008006090       0x72 Core/Src/main.o
 *fill*         0x0000000008006102        0x2 
 .rodata        0x0000000008006104      0x37a Core/Trace/trcKernelPort.o
 *fill*         0x000000000800647e        0x2 
 .rodata        0x0000000008006480     0x10d4 Core/Trace/trcSnapshotRecorder.o
 .rodata        0x0000000008007554        0x5 Middlewares/Third_Party/FreeRTOS/Source/tasks.o
 *fill*         0x0000000008007559        0x3 
 .rodata        0x000000000800755c        0xd Middlewares/Third_Party/FreeRTOS/Source/timers.o
 *(.rodata*)
 *fill*         0x0000000008007569        0x3 
 .rodata._global_impure_ptr
                0x000000000800756c        0x4 c:/st/stm32cubeide_1.5.0/stm32cubeide/plugins/com.st.stm32cube.ide.mcu.externaltools.gnu-tools-for-stm32.7-2018-q2-update.win32_1.5.0.202011040924/tools/bin/../lib/gcc/arm-none-eabi/7.3.1/../../../../arm-none-eabi/lib/thumb/v7e-m/fpv4-sp/hard\libc_nano.a(lib_a-impure.o)
                0x000000000800756c                _global_impure_ptr
 .rodata.__sf_fake_stderr
                0x0000000008007570       0x20 c:/st/stm32cubeide_1.5.0/stm32cubeide/plugins/com.st.stm32cube.ide.mcu.externaltools.gnu-tools-for-stm32.7-2018-q2-update.win32_1.5.0.202011040924/tools/bin/../lib/gcc/arm-none-eabi/7.3.1/../../../../arm-none-eabi/lib/thumb/v7e-m/fpv4-sp/hard\libc_nano.a(lib_a-findfp.o)
                0x0000000008007570                __sf_fake_stderr
 .rodata.__sf_fake_stdin
                0x0000000008007590       0x20 c:/st/stm32cubeide_1.5.0/stm32cubeide/plugins/com.st.stm32cube.ide.mcu.externaltools.gnu-tools-for-stm32.7-2018-q2-update.win32_1.5.0.202011040924/tools/bin/../lib/gcc/arm-none-eabi/7.3.1/../../../../arm-none-eabi/lib/thumb/v7e-m/fpv4-sp/hard\libc_nano.a(lib_a-findfp.o)
                0x0000000008007590                __sf_fake_stdin
 .rodata.__sf_fake_stdout
                0x00000000080075b0       0x20 c:/st/stm32cubeide_1.5.0/stm32cubeide/plugins/com.st.stm32cube.ide.mcu.externaltools.gnu-tools-for-stm32.7-2018-q2-update.win32_1.5.0.202011040924/tools/bin/../lib/gcc/arm-none-eabi/7.3.1/../../../../arm-none-eabi/lib/thumb/v7e-m/fpv4-sp/hard\libc_nano.a(lib_a-findfp.o)
                0x00000000080075b0                __sf_fake_stdout
                0x00000000080075d0                . = ALIGN (0x4)

.rel.dyn        0x00000000080075d0        0x0
 .rel.iplt      0x00000000080075d0        0x0 c:/st/stm32cubeide_1.5.0/stm32cubeide/plugins/com.st.stm32cube.ide.mcu.externaltools.gnu-tools-for-stm32.7-2018-q2-update.win32_1.5.0.202011040924/tools/bin/../lib/gcc/arm-none-eabi/7.3.1/thumb/v7e-m/fpv4-sp/hard/crtbegin.o

.ARM.extab      0x00000000080075d0        0x0
                0x00000000080075d0                . = ALIGN (0x4)
 *(.ARM.extab* .gnu.linkonce.armextab.*)
                0x00000000080075d0                . = ALIGN (0x4)

.ARM            0x00000000080075d0        0x0
                0x00000000080075d0                . = ALIGN (0x4)
                0x00000000080075d0                __exidx_start = .
 *(.ARM.exidx*)
                0x00000000080075d0                __exidx_end = .
                0x00000000080075d0                . = ALIGN (0x4)

.preinit_array  0x00000000080075d0        0x0
                0x00000000080075d0                . = ALIGN (0x4)
                0x00000000080075d0                PROVIDE (__preinit_array_start = .)
 *(.preinit_array*)
                0x00000000080075d0                PROVIDE (__preinit_array_end = .)
                0x00000000080075d0                . = ALIGN (0x4)

.init_array     0x00000000080075d0        0x4
                0x00000000080075d0                . = ALIGN (0x4)
                0x00000000080075d0                PROVIDE (__init_array_start = .)
 *(SORT_BY_NAME(.init_array.*))
 *(.init_array*)
 .init_array    0x00000000080075d0        0x4 c:/st/stm32cubeide_1.5.0/stm32cubeide/plugins/com.st.stm32cube.ide.mcu.externaltools.gnu-tools-for-stm32.7-2018-q2-update.win32_1.5.0.202011040924/tools/bin/../lib/gcc/arm-none-eabi/7.3.1/thumb/v7e-m/fpv4-sp/hard/crtbegin.o
                0x00000000080075d4                PROVIDE (__init_array_end = .)
                0x00000000080075d4                . = ALIGN (0x4)

.fini_array     0x00000000080075d4        0x4
                0x00000000080075d4                . = ALIGN (0x4)
                [!provide]                        PROVIDE (__fini_array_start = .)
 *(SORT_BY_NAME(.fini_array.*))
 *(.fini_array*)
 .fini_array    0x00000000080075d4        0x4 c:/st/stm32cubeide_1.5.0/stm32cubeide/plugins/com.st.stm32cube.ide.mcu.externaltools.gnu-tools-for-stm32.7-2018-q2-update.win32_1.5.0.202011040924/tools/bin/../lib/gcc/arm-none-eabi/7.3.1/thumb/v7e-m/fpv4-sp/hard/crtbegin.o
                [!provide]                        PROVIDE (__fini_array_end = .)
                0x00000000080075d8                . = ALIGN (0x4)
                0x00000000080075d8                _sidata = LOADADDR (.data)

.data           0x0000000020000000       0x80 load address 0x00000000080075d8
                0x0000000020000000                . = ALIGN (0x4)
                0x0000000020000000                _sdata = .
 *(.data)
 *(.data*)
 .data.SystemCoreClock
                0x0000000020000000        0x4 Core/Src/system_stm32f4xx.o
                0x0000000020000000                SystemCoreClock
 .data.TraceQueueClassTable
                0x0000000020000004        0x5 Core/Trace/trcKernelPort.o
                0x0000000020000004                TraceQueueClassTable
 *fill*         0x0000000020000009        0x3 
 .data.readyEventsEnabled
                0x000000002000000c        0x4 Core/Trace/trcSnapshotRecorder.o
 .data.CurrentFilterMask
                0x0000000020000010        0x2 Core/Trace/trcSnapshotRecorder.o
                0x0000000020000010                CurrentFilterMask
 .data.CurrentFilterGroup
                0x0000000020000012        0x2 Core/Trace/trcSnapshotRecorder.o
                0x0000000020000012                CurrentFilterGroup
 .data.uwTickFreq
                0x0000000020000014        0x1 Drivers/STM32F4xx_HAL_Driver/Src/stm32f4xx_hal.o
                0x0000000020000014                uwTickFreq
 *fill*         0x0000000020000015        0x3 
 .data.uxCriticalNesting
                0x0000000020000018        0x4 Middlewares/Third_Party/FreeRTOS/Source/portable/GCC/ARM_CM4F/port.o
 .data._impure_ptr
                0x000000002000001c        0x4 c:/st/stm32cubeide_1.5.0/stm32cubeide/plugins/com.st.stm32cube.ide.mcu.externaltools.gnu-tools-for-stm32.7-2018-q2-update.win32_1.5.0.202011040924/tools/bin/../lib/gcc/arm-none-eabi/7.3.1/../../../../arm-none-eabi/lib/thumb/v7e-m/fpv4-sp/hard\libc_nano.a(lib_a-impure.o)
                0x000000002000001c                _impure_ptr
 .data.impure_data
                0x0000000020000020       0x60 c:/st/stm32cubeide_1.5.0/stm32cubeide/plugins/com.st.stm32cube.ide.mcu.externaltools.gnu-tools-for-stm32.7-2018-q2-update.win32_1.5.0.202011040924/tools/bin/../lib/gcc/arm-none-eabi/7.3.1/../../../../arm-none-eabi/lib/thumb/v7e-m/fpv4-sp/hard\libc_nano.a(lib_a-impure.o)
 *(.RamFunc)
 *(.RamFunc*)
                0x0000000020000080                . = ALIGN (0x4)
                0x0000000020000080                _edata = .

.igot.plt       0x0000000020000080        0x0 load address 0x0000000008007658
 .igot.plt      0x0000000020000080        0x0 c:/st/stm32cubeide_1.5.0/stm32cubeide/plugins/com.st.stm32cube.ide.mcu.externaltools.gnu-tools-for-stm32.7-2018-q2-update.win32_1.5.0.202011040924/tools/bin/../lib/gcc/arm-none-eabi/7.3.1/thumb/v7e-m/fpv4-sp/hard/crtbegin.o
                0x0000000020000080                . = ALIGN (0x4)

.bss            0x0000000020000080     0x6420 load address 0x0000000008007658
                0x0000000020000080                _sbss = .
                0x0000000020000080                __bss_start__ = _sbss
 *(.bss)
 .bss           0x0000000020000080       0x1c c:/st/stm32cubeide_1.5.0/stm32cubeide/plugins/com.st.stm32cube.ide.mcu.externaltools.gnu-tools-for-stm32.7-2018-q2-update.win32_1.5.0.202011040924/tools/bin/../lib/gcc/arm-none-eabi/7.3.1/thumb/v7e-m/fpv4-sp/hard/crtbegin.o
 *(.bss*)
 .bss.xIdleTaskTCBBuffer
                0x000000002000009c       0x5c Core/Src/freertos.o
 .bss.xIdleStack
                0x00000000200000f8      0x200 Core/Src/freertos.o
 .bss.xTimerTaskTCBBuffer
                0x00000000200002f8       0x5c Core/Src/freertos.o
 .bss.xTimerStack
                0x0000000020000354      0x400 Core/Src/freertos.o
 .bss.__sbrk_heap_end
                0x0000000020000754        0x4 Core/Src/sysmem.o
 .bss.HandleTzCtrl
                0x0000000020000758        0x4 Core/Trace/trcKernelPort.o
 .bss.stackTzCtrl
                0x000000002000075c      0x400 Core/Trace/trcKernelPort.o
 .bss.tcbTzCtrl
                0x0000000020000b5c       0x5c Core/Trace/trcKernelPort.o
 .bss.tasksInStackMonitor
                0x0000000020000bb8       0x50 Core/Trace/trcKernelPort.o
                0x0000000020000bb8                tasksInStackMonitor
 .bss.tasksNotIncluded
                0x0000000020000c08        0x4 Core/Trace/trcKernelPort.o
                0x0000000020000c08                tasksNotIncluded
 .bss.i.8262    0x0000000020000c0c        0x4 Core/Trace/trcKernelPort.o
 .bss.isPendingContextSwitch
                0x0000000020000c10        0x4 Core/Trace/trcSnapshotRecorder.o
                0x0000000020000c10                isPendingContextSwitch
 .bss.uiTraceTickCount
                0x0000000020000c14        0x4 Core/Trace/trcSnapshotRecorder.o
                0x0000000020000c14                uiTraceTickCount
 .bss.trace_disable_timestamp
                0x0000000020000c18        0x4 Core/Trace/trcSnapshotRecorder.o
                0x0000000020000c18                trace_disable_timestamp
 .bss.last_timestamp
                0x0000000020000c1c        0x4 Core/Trace/trcSnapshotRecorder.o
 .bss.uiTraceSystemState
                0x0000000020000c20        0x4 Core/Trace/trcSnapshotRecorder.o
                0x0000000020000c20                uiTraceSystemState
 .bss.recorder_busy
                0x0000000020000c24        0x4 Core/Trace/trcSnapshotRecorder.o
                0x0000000020000c24                recorder_busy
 .bss.timestampFrequency
                0x0000000020000c28        0x4 Core/Trace/trcSnapshotRecorder.o
                0x0000000020000c28                timestampFrequency
 .bss.traceErrorMessage
                0x0000000020000c2c        0x4 Core/Trace/trcSnapshotRecorder.o
                0x0000000020000c2c                traceErrorMessage
 .bss.handle_of_last_logged_task
                0x0000000020000c30        0x1 Core/Trace/trcSnapshotRecorder.o
                0x0000000020000c30                handle_of_last_logged_task
 *fill*         0x0000000020000c31        0x3 
 .bss.vTraceStopHookPtr
                0x0000000020000c34        0x4 Core/Trace/trcSnapshotRecorder.o
                0x0000000020000c34                vTraceStopHookPtr
 .bss.heapMemUsage
                0x0000000020000c38        0x4 Core/Trace/trcSnapshotRecorder.o
 .bss.objectHandleStacks
                0x0000000020000c3c       0x8e Core/Trace/trcSnapshotRecorder.o
                0x0000000020000c3c                objectHandleStacks
 *fill*         0x0000000020000cca        0x2 
 .bss.RecorderDataPtr
                0x0000000020000ccc        0x4 Core/Trace/trcSnapshotRecorder.o
                0x0000000020000ccc                RecorderDataPtr
 .bss.indexOfHandle.8547
                0x0000000020000cd0        0x4 Core/Trace/trcSnapshotRecorder.o
 .bss.idx.8574  0x0000000020000cd4        0x2 Core/Trace/trcSnapshotRecorder.o
 *fill*         0x0000000020000cd6        0x2 
 .bss.old_timestamp.8610
                0x0000000020000cd8        0x4 Core/Trace/trcSnapshotRecorder.o
 .bss.last_hwtc_count.8648
                0x0000000020000cdc        0x4 Core/Trace/trcSnapshotRecorder.o
 .bss.last_hwtc_rest.8650
                0x0000000020000ce0        0x4 Core/Trace/trcSnapshotRecorder.o
 .bss.pxCurrentTCB
                0x0000000020000ce4        0x4 Middlewares/Third_Party/FreeRTOS/Source/tasks.o
                0x0000000020000ce4                pxCurrentTCB
 .bss.pxReadyTasksLists
                0x0000000020000ce8       0x8c Middlewares/Third_Party/FreeRTOS/Source/tasks.o
 .bss.xDelayedTaskList1
                0x0000000020000d74       0x14 Middlewares/Third_Party/FreeRTOS/Source/tasks.o
 .bss.xDelayedTaskList2
                0x0000000020000d88       0x14 Middlewares/Third_Party/FreeRTOS/Source/tasks.o
 .bss.pxDelayedTaskList
                0x0000000020000d9c        0x4 Middlewares/Third_Party/FreeRTOS/Source/tasks.o
 .bss.pxOverflowDelayedTaskList
                0x0000000020000da0        0x4 Middlewares/Third_Party/FreeRTOS/Source/tasks.o
 .bss.xPendingReadyList
                0x0000000020000da4       0x14 Middlewares/Third_Party/FreeRTOS/Source/tasks.o
 .bss.xTasksWaitingTermination
                0x0000000020000db8       0x14 Middlewares/Third_Party/FreeRTOS/Source/tasks.o
 .bss.uxDeletedTasksWaitingCleanUp
                0x0000000020000dcc        0x4 Middlewares/Third_Party/FreeRTOS/Source/tasks.o
 .bss.xSuspendedTaskList
                0x0000000020000dd0       0x14 Middlewares/Third_Party/FreeRTOS/Source/tasks.o
 .bss.uxCurrentNumberOfTasks
                0x0000000020000de4        0x4 Middlewares/Third_Party/FreeRTOS/Source/tasks.o
 .bss.xTickCount
                0x0000000020000de8        0x4 Middlewares/Third_Party/FreeRTOS/Source/tasks.o
 .bss.uxTopReadyPriority
                0x0000000020000dec        0x4 Middlewares/Third_Party/FreeRTOS/Source/tasks.o
 .bss.xSchedulerRunning
                0x0000000020000df0        0x4 Middlewares/Third_Party/FreeRTOS/Source/tasks.o
 .bss.uxPendedTicks
                0x0000000020000df4        0x4 Middlewares/Third_Party/FreeRTOS/Source/tasks.o
 .bss.xYieldPending
                0x0000000020000df8        0x4 Middlewares/Third_Party/FreeRTOS/Source/tasks.o
 .bss.xNumOfOverflows
                0x0000000020000dfc        0x4 Middlewares/Third_Party/FreeRTOS/Source/tasks.o
 .bss.uxTaskNumber
                0x0000000020000e00        0x4 Middlewares/Third_Party/FreeRTOS/Source/tasks.o
 .bss.xNextTaskUnblockTime
                0x0000000020000e04        0x4 Middlewares/Third_Party/FreeRTOS/Source/tasks.o
 .bss.xIdleTaskHandle
                0x0000000020000e08        0x4 Middlewares/Third_Party/FreeRTOS/Source/tasks.o
 .bss.uxSchedulerSuspended
                0x0000000020000e0c        0x4 Middlewares/Third_Party/FreeRTOS/Source/tasks.o
 .bss.xActiveTimerList1
                0x0000000020000e10       0x14 Middlewares/Third_Party/FreeRTOS/Source/timers.o
 .bss.xActiveTimerList2
                0x0000000020000e24       0x14 Middlewares/Third_Party/FreeRTOS/Source/timers.o
 .bss.pxCurrentTimerList
                0x0000000020000e38        0x4 Middlewares/Third_Party/FreeRTOS/Source/timers.o
 .bss.pxOverflowTimerList
                0x0000000020000e3c        0x4 Middlewares/Third_Party/FreeRTOS/Source/timers.o
 .bss.xTimerQueue
                0x0000000020000e40        0x4 Middlewares/Third_Party/FreeRTOS/Source/timers.o
 .bss.xTimerTaskHandle
                0x0000000020000e44        0x4 Middlewares/Third_Party/FreeRTOS/Source/timers.o
 .bss.xLastTime.9020
                0x0000000020000e48        0x4 Middlewares/Third_Party/FreeRTOS/Source/timers.o
 .bss.ucStaticTimerQueueStorage.9069
                0x0000000020000e4c       0x78 Middlewares/Third_Party/FreeRTOS/Source/timers.o
 .bss.xStaticTimerQueue.9068
                0x0000000020000ec4       0x50 Middlewares/Third_Party/FreeRTOS/Source/timers.o
 .bss.ucMaxSysCallPriority
                0x0000000020000f14        0x1 Middlewares/Third_Party/FreeRTOS/Source/portable/GCC/ARM_CM4F/port.o
 *fill*         0x0000000020000f15        0x3 
 .bss.ulMaxPRIGROUPValue
                0x0000000020000f18        0x4 Middlewares/Third_Party/FreeRTOS/Source/portable/GCC/ARM_CM4F/port.o
 .bss.ucHeap    0x0000000020000f1c     0x3c00 Middlewares/Third_Party/FreeRTOS/Source/portable/MemMang/heap_4.o
 .bss.xStart    0x0000000020004b1c        0x8 Middlewares/Third_Party/FreeRTOS/Source/portable/MemMang/heap_4.o
 .bss.pxEnd     0x0000000020004b24        0x4 Middlewares/Third_Party/FreeRTOS/Source/portable/MemMang/heap_4.o
 .bss.xFreeBytesRemaining
                0x0000000020004b28        0x4 Middlewares/Third_Party/FreeRTOS/Source/portable/MemMang/heap_4.o
 .bss.xMinimumEverFreeBytesRemaining
                0x0000000020004b2c        0x4 Middlewares/Third_Party/FreeRTOS/Source/portable/MemMang/heap_4.o
 .bss.xBlockAllocatedBit
                0x0000000020004b30        0x4 Middlewares/Third_Party/FreeRTOS/Source/portable/MemMang/heap_4.o
 .bss.__malloc_free_list
                0x0000000020004b34        0x4 c:/st/stm32cubeide_1.5.0/stm32cubeide/plugins/com.st.stm32cube.ide.mcu.externaltools.gnu-tools-for-stm32.7-2018-q2-update.win32_1.5.0.202011040924/tools/bin/../lib/gcc/arm-none-eabi/7.3.1/../../../../arm-none-eabi/lib/thumb/v7e-m/fpv4-sp/hard\libc_nano.a(lib_a-nano-mallocr.o)
                0x0000000020004b34                __malloc_free_list
 .bss.__malloc_sbrk_start
                0x0000000020004b38        0x4 c:/st/stm32cubeide_1.5.0/stm32cubeide/plugins/com.st.stm32cube.ide.mcu.externaltools.gnu-tools-for-stm32.7-2018-q2-update.win32_1.5.0.202011040924/tools/bin/../lib/gcc/arm-none-eabi/7.3.1/../../../../arm-none-eabi/lib/thumb/v7e-m/fpv4-sp/hard\libc_nano.a(lib_a-nano-mallocr.o)
                0x0000000020004b38                __malloc_sbrk_start
 *(COMMON)
 COMMON         0x0000000020004b3c     0x191c Core/Trace/trcSnapshotRecorder.o
                0x0000000020004b3c                RecorderData
                0x0000000020006454                init_hwtc_count
 COMMON         0x0000000020006458        0x4 Drivers/STM32F4xx_HAL_Driver/Src/stm32f4xx_hal.o
                0x0000000020006458                uwTick
 COMMON         0x000000002000645c       0x40 Middlewares/Third_Party/FreeRTOS/Source/queue.o
                0x000000002000645c                xQueueRegistry
 COMMON         0x000000002000649c        0x4 c:/st/stm32cubeide_1.5.0/stm32cubeide/plugins/com.st.stm32cube.ide.mcu.externaltools.gnu-tools-for-stm32.7-2018-q2-update.win32_1.5.0.202011040924/tools/bin/../lib/gcc/arm-none-eabi/7.3.1/../../../../arm-none-eabi/lib/thumb/v7e-m/fpv4-sp/hard\libc_nano.a(lib_a-reent.o)
                0x000000002000649c                errno
                0x00000000200064a0                . = ALIGN (0x4)
                0x00000000200064a0                _ebss = .
                0x00000000200064a0                __bss_end__ = _ebss

._user_heap_stack
                0x00000000200064a0      0x600 load address 0x0000000008007658
                0x00000000200064a0                . = ALIGN (0x8)
                [!provide]                        PROVIDE (end = .)
                0x00000000200064a0                PROVIDE (_end = .)
                0x00000000200066a0                . = (. + _Min_Heap_Size)
 *fill*         0x00000000200064a0      0x200 
                0x0000000020006aa0                . = (. + _Min_Stack_Size)
 *fill*         0x00000000200066a0      0x400 
                0x0000000020006aa0                . = ALIGN (0x8)

/DISCARD/
 libc.a(*)
 libm.a(*)
 libgcc.a(*)

.ARM.attributes
                0x0000000000000000       0x30
 *(.ARM.attributes)
 .ARM.attributes
                0x0000000000000000       0x22 c:/st/stm32cubeide_1.5.0/stm32cubeide/plugins/com.st.stm32cube.ide.mcu.externaltools.gnu-tools-for-stm32.7-2018-q2-update.win32_1.5.0.202011040924/tools/bin/../lib/gcc/arm-none-eabi/7.3.1/thumb/v7e-m/fpv4-sp/hard/crti.o
 .ARM.attributes
                0x0000000000000022       0x34 c:/st/stm32cubeide_1.5.0/stm32cubeide/plugins/com.st.stm32cube.ide.mcu.externaltools.gnu-tools-for-stm32.7-2018-q2-update.win32_1.5.0.202011040924/tools/bin/../lib/gcc/arm-none-eabi/7.3.1/thumb/v7e-m/fpv4-sp/hard/crtbegin.o
 .ARM.attributes
                0x0000000000000056       0x39 Core/Src/freertos.o
 .ARM.attributes
                0x000000000000008f       0x39 Core/Src/main.o
 .ARM.attributes
                0x00000000000000c8       0x39 Core/Src/stm32f4xx_it.o
 .ARM.attributes
                0x0000000000000101       0x39 Core/Src/syscalls.o
 .ARM.attributes
                0x000000000000013a       0x39 Core/Src/sysmem.o
 .ARM.attributes
                0x0000000000000173       0x39 Core/Src/system_stm32f4xx.o
 .ARM.attributes
                0x00000000000001ac       0x21 Core/Startup/startup_stm32f407vgtx.o
 .ARM.attributes
                0x00000000000001cd       0x39 Core/Trace/trcKernelPort.o
 .ARM.attributes
                0x0000000000000206       0x39 Core/Trace/trcSnapshotRecorder.o
 .ARM.attributes
                0x000000000000023f       0x39 Drivers/STM32F4xx_HAL_Driver/Src/stm32f4xx_hal.o
 .ARM.attributes
                0x0000000000000278       0x39 Drivers/STM32F4xx_HAL_Driver/Src/stm32f4xx_hal_gpio.o
 .ARM.attributes
                0x00000000000002b1       0x39 Middlewares/Third_Party/FreeRTOS/Source/list.o
 .ARM.attributes
                0x00000000000002ea       0x39 Middlewares/Third_Party/FreeRTOS/Source/queue.o
 .ARM.attributes
                0x0000000000000323       0x39 Middlewares/Third_Party/FreeRTOS/Source/tasks.o
 .ARM.attributes
                0x000000000000035c       0x39 Middlewares/Third_Party/FreeRTOS/Source/timers.o
 .ARM.attributes
                0x0000000000000395       0x39 Middlewares/Third_Party/FreeRTOS/Source/portable/GCC/ARM_CM4F/port.o
 .ARM.attributes
                0x00000000000003ce       0x39 Middlewares/Third_Party/FreeRTOS/Source/portable/MemMang/heap_4.o
 .ARM.attributes
                0x0000000000000407       0x34 c:/st/stm32cubeide_1.5.0/stm32cubeide/plugins/com.st.stm32cube.ide.mcu.externaltools.gnu-tools-for-stm32.7-2018-q2-update.win32_1.5.0.202011040924/tools/bin/../lib/gcc/arm-none-eabi/7.3.1/../../../../arm-none-eabi/lib/thumb/v7e-m/fpv4-sp/hard\libc_nano.a(lib_a-errno.o)
 .ARM.attributes
                0x000000000000043b       0x34 c:/st/stm32cubeide_1.5.0/stm32cubeide/plugins/com.st.stm32cube.ide.mcu.externaltools.gnu-tools-for-stm32.7-2018-q2-update.win32_1.5.0.202011040924/tools/bin/../lib/gcc/arm-none-eabi/7.3.1/../../../../arm-none-eabi/lib/thumb/v7e-m/fpv4-sp/hard\libc_nano.a(lib_a-impure.o)
 .ARM.attributes
                0x000000000000046f       0x34 c:/st/stm32cubeide_1.5.0/stm32cubeide/plugins/com.st.stm32cube.ide.mcu.externaltools.gnu-tools-for-stm32.7-2018-q2-update.win32_1.5.0.202011040924/tools/bin/../lib/gcc/arm-none-eabi/7.3.1/../../../../arm-none-eabi/lib/thumb/v7e-m/fpv4-sp/hard\libc_nano.a(lib_a-init.o)
 .ARM.attributes
                0x00000000000004a3       0x34 c:/st/stm32cubeide_1.5.0/stm32cubeide/plugins/com.st.stm32cube.ide.mcu.externaltools.gnu-tools-for-stm32.7-2018-q2-update.win32_1.5.0.202011040924/tools/bin/../lib/gcc/arm-none-eabi/7.3.1/../../../../arm-none-eabi/lib/thumb/v7e-m/fpv4-sp/hard\libc_nano.a(lib_a-memcpy-stub.o)
 .ARM.attributes
                0x00000000000004d7       0x34 c:/st/stm32cubeide_1.5.0/stm32cubeide/plugins/com.st.stm32cube.ide.mcu.externaltools.gnu-tools-for-stm32.7-2018-q2-update.win32_1.5.0.202011040924/tools/bin/../lib/gcc/arm-none-eabi/7.3.1/../../../../arm-none-eabi/lib/thumb/v7e-m/fpv4-sp/hard\libc_nano.a(lib_a-memset.o)
 .ARM.attributes
                0x000000000000050b       0x34 c:/st/stm32cubeide_1.5.0/stm32cubeide/plugins/com.st.stm32cube.ide.mcu.externaltools.gnu-tools-for-stm32.7-2018-q2-update.win32_1.5.0.202011040924/tools/bin/../lib/gcc/arm-none-eabi/7.3.1/../../../../arm-none-eabi/lib/thumb/v7e-m/fpv4-sp/hard\libc_nano.a(lib_a-puts.o)
 .ARM.attributes
                0x000000000000053f       0x34 c:/st/stm32cubeide_1.5.0/stm32cubeide/plugins/com.st.stm32cube.ide.mcu.externaltools.gnu-tools-for-stm32.7-2018-q2-update.win32_1.5.0.202011040924/tools/bin/../lib/gcc/arm-none-eabi/7.3.1/../../../../arm-none-eabi/lib/thumb/v7e-m/fpv4-sp/hard\libc_nano.a(lib_a-wbuf.o)
 .ARM.attributes
                0x0000000000000573       0x34 c:/st/stm32cubeide_1.5.0/stm32cubeide/plugins/com.st.stm32cube.ide.mcu.externaltools.gnu-tools-for-stm32.7-2018-q2-update.win32_1.5.0.202011040924/tools/bin/../lib/gcc/arm-none-eabi/7.3.1/../../../../arm-none-eabi/lib/thumb/v7e-m/fpv4-sp/hard\libc_nano.a(lib_a-wsetup.o)
 .ARM.attributes
                0x00000000000005a7       0x34 c:/st/stm32cubeide_1.5.0/stm32cubeide/plugins/com.st.stm32cube.ide.mcu.externaltools.gnu-tools-for-stm32.7-2018-q2-update.win32_1.5.0.202011040924/tools/bin/../lib/gcc/arm-none-eabi/7.3.1/../../../../arm-none-eabi/lib/thumb/v7e-m/fpv4-sp/hard\libc_nano.a(lib_a-fflush.o)
 .ARM.attributes
                0x00000000000005db       0x34 c:/st/stm32cubeide_1.5.0/stm32cubeide/plugins/com.st.stm32cube.ide.mcu.externaltools.gnu-tools-for-stm32.7-2018-q2-update.win32_1.5.0.202011040924/tools/bin/../lib/gcc/arm-none-eabi/7.3.1/../../../../arm-none-eabi/lib/thumb/v7e-m/fpv4-sp/hard\libc_nano.a(lib_a-findfp.o)
 .ARM.attributes
                0x000000000000060f       0x34 c:/st/stm32cubeide_1.5.0/stm32cubeide/plugins/com.st.stm32cube.ide.mcu.externaltools.gnu-tools-for-stm32.7-2018-q2-update.win32_1.5.0.202011040924/tools/bin/../lib/gcc/arm-none-eabi/7.3.1/../../../../arm-none-eabi/lib/thumb/v7e-m/fpv4-sp/hard\libc_nano.a(lib_a-fwalk.o)
 .ARM.attributes
                0x0000000000000643       0x34 c:/st/stm32cubeide_1.5.0/stm32cubeide/plugins/com.st.stm32cube.ide.mcu.externaltools.gnu-tools-for-stm32.7-2018-q2-update.win32_1.5.0.202011040924/tools/bin/../lib/gcc/arm-none-eabi/7.3.1/../../../../arm-none-eabi/lib/thumb/v7e-m/fpv4-sp/hard\libc_nano.a(lib_a-makebuf.o)
 .ARM.attributes
                0x0000000000000677       0x34 c:/st/stm32cubeide_1.5.0/stm32cubeide/plugins/com.st.stm32cube.ide.mcu.externaltools.gnu-tools-for-stm32.7-2018-q2-update.win32_1.5.0.202011040924/tools/bin/../lib/gcc/arm-none-eabi/7.3.1/../../../../arm-none-eabi/lib/thumb/v7e-m/fpv4-sp/hard\libc_nano.a(lib_a-nano-freer.o)
 .ARM.attributes
                0x00000000000006ab       0x34 c:/st/stm32cubeide_1.5.0/stm32cubeide/plugins/com.st.stm32cube.ide.mcu.externaltools.gnu-tools-for-stm32.7-2018-q2-update.win32_1.5.0.202011040924/tools/bin/../lib/gcc/arm-none-eabi/7.3.1/../../../../arm-none-eabi/lib/thumb/v7e-m/fpv4-sp/hard\libc_nano.a(lib_a-nano-mallocr.o)
 .ARM.attributes
                0x00000000000006df       0x34 c:/st/stm32cubeide_1.5.0/stm32cubeide/plugins/com.st.stm32cube.ide.mcu.externaltools.gnu-tools-for-stm32.7-2018-q2-update.win32_1.5.0.202011040924/tools/bin/../lib/gcc/arm-none-eabi/7.3.1/../../../../arm-none-eabi/lib/thumb/v7e-m/fpv4-sp/hard\libc_nano.a(lib_a-sbrkr.o)
 .ARM.attributes
                0x0000000000000713       0x34 c:/st/stm32cubeide_1.5.0/stm32cubeide/plugins/com.st.stm32cube.ide.mcu.externaltools.gnu-tools-for-stm32.7-2018-q2-update.win32_1.5.0.202011040924/tools/bin/../lib/gcc/arm-none-eabi/7.3.1/../../../../arm-none-eabi/lib/thumb/v7e-m/fpv4-sp/hard\libc_nano.a(lib_a-stdio.o)
 .ARM.attributes
                0x0000000000000747       0x34 c:/st/stm32cubeide_1.5.0/stm32cubeide/plugins/com.st.stm32cube.ide.mcu.externaltools.gnu-tools-for-stm32.7-2018-q2-update.win32_1.5.0.202011040924/tools/bin/../lib/gcc/arm-none-eabi/7.3.1/../../../../arm-none-eabi/lib/thumb/v7e-m/fpv4-sp/hard\libc_nano.a(lib_a-writer.o)
 .ARM.attributes
                0x000000000000077b       0x34 c:/st/stm32cubeide_1.5.0/stm32cubeide/plugins/com.st.stm32cube.ide.mcu.externaltools.gnu-tools-for-stm32.7-2018-q2-update.win32_1.5.0.202011040924/tools/bin/../lib/gcc/arm-none-eabi/7.3.1/../../../../arm-none-eabi/lib/thumb/v7e-m/fpv4-sp/hard\libc_nano.a(lib_a-closer.o)
 .ARM.attributes
                0x00000000000007af       0x34 c:/st/stm32cubeide_1.5.0/stm32cubeide/plugins/com.st.stm32cube.ide.mcu.externaltools.gnu-tools-for-stm32.7-2018-q2-update.win32_1.5.0.202011040924/tools/bin/../lib/gcc/arm-none-eabi/7.3.1/../../../../arm-none-eabi/lib/thumb/v7e-m/fpv4-sp/hard\libc_nano.a(lib_a-fstatr.o)
 .ARM.attributes
                0x00000000000007e3       0x34 c:/st/stm32cubeide_1.5.0/stm32cubeide/plugins/com.st.stm32cube.ide.mcu.externaltools.gnu-tools-for-stm32.7-2018-q2-update.win32_1.5.0.202011040924/tools/bin/../lib/gcc/arm-none-eabi/7.3.1/../../../../arm-none-eabi/lib/thumb/v7e-m/fpv4-sp/hard\libc_nano.a(lib_a-isattyr.o)
 .ARM.attributes
                0x0000000000000817       0x34 c:/st/stm32cubeide_1.5.0/stm32cubeide/plugins/com.st.stm32cube.ide.mcu.externaltools.gnu-tools-for-stm32.7-2018-q2-update.win32_1.5.0.202011040924/tools/bin/../lib/gcc/arm-none-eabi/7.3.1/../../../../arm-none-eabi/lib/thumb/v7e-m/fpv4-sp/hard\libc_nano.a(lib_a-lseekr.o)
 .ARM.attributes
                0x000000000000084b       0x34 c:/st/stm32cubeide_1.5.0/stm32cubeide/plugins/com.st.stm32cube.ide.mcu.externaltools.gnu-tools-for-stm32.7-2018-q2-update.win32_1.5.0.202011040924/tools/bin/../lib/gcc/arm-none-eabi/7.3.1/../../../../arm-none-eabi/lib/thumb/v7e-m/fpv4-sp/hard\libc_nano.a(lib_a-mlock.o)
 .ARM.attributes
                0x000000000000087f       0x34 c:/st/stm32cubeide_1.5.0/stm32cubeide/plugins/com.st.stm32cube.ide.mcu.externaltools.gnu-tools-for-stm32.7-2018-q2-update.win32_1.5.0.202011040924/tools/bin/../lib/gcc/arm-none-eabi/7.3.1/../../../../arm-none-eabi/lib/thumb/v7e-m/fpv4-sp/hard\libc_nano.a(lib_a-readr.o)
 .ARM.attributes
                0x00000000000008b3       0x34 c:/st/stm32cubeide_1.5.0/stm32cubeide/plugins/com.st.stm32cube.ide.mcu.externaltools.gnu-tools-for-stm32.7-2018-q2-update.win32_1.5.0.202011040924/tools/bin/../lib/gcc/arm-none-eabi/7.3.1/../../../../arm-none-eabi/lib/thumb/v7e-m/fpv4-sp/hard\libc_nano.a(lib_a-reent.o)
 .ARM.attributes
                0x00000000000008e7       0x22 c:/st/stm32cubeide_1.5.0/stm32cubeide/plugins/com.st.stm32cube.ide.mcu.externaltools.gnu-tools-for-stm32.7-2018-q2-update.win32_1.5.0.202011040924/tools/bin/../lib/gcc/arm-none-eabi/7.3.1/thumb/v7e-m/fpv4-sp/hard/crtn.o
OUTPUT(01_2_FreeRTOS_MultiThreading.elf elf32-littlearm)

.debug_info     0x0000000000000000    0x131b0
 .debug_info    0x0000000000000000      0x904 Core/Src/freertos.o
 .debug_info    0x0000000000000904     0x1553 Core/Src/main.o
 .debug_info    0x0000000000001e57      0x755 Core/Src/stm32f4xx_it.o
 .debug_info    0x00000000000025ac      0xebd Core/Src/syscalls.o
 .debug_info    0x0000000000003469      0x985 Core/Src/sysmem.o
 .debug_info    0x0000000000003dee      0x554 Core/Src/system_stm32f4xx.o
 .debug_info    0x0000000000004342       0x22 Core/Startup/startup_stm32f407vgtx.o
 .debug_info    0x0000000000004364      0xce1 Core/Trace/trcKernelPort.o
 .debug_info    0x0000000000005045     0x2b23 Core/Trace/trcSnapshotRecorder.o
 .debug_info    0x0000000000007b68      0x945 Drivers/STM32F4xx_HAL_Driver/Src/stm32f4xx_hal.o
 .debug_info    0x00000000000084ad      0x7b5 Drivers/STM32F4xx_HAL_Driver/Src/stm32f4xx_hal_gpio.o
 .debug_info    0x0000000000008c62     0x10f8 Middlewares/Third_Party/FreeRTOS/Source/list.o
 .debug_info    0x0000000000009d5a     0x27f7 Middlewares/Third_Party/FreeRTOS/Source/queue.o
 .debug_info    0x000000000000c551     0x2fe9 Middlewares/Third_Party/FreeRTOS/Source/tasks.o
 .debug_info    0x000000000000f53a     0x1f0c Middlewares/Third_Party/FreeRTOS/Source/timers.o
 .debug_info    0x0000000000011446      0xb69 Middlewares/Third_Party/FreeRTOS/Source/portable/GCC/ARM_CM4F/port.o
 .debug_info    0x0000000000011faf     0x1201 Middlewares/Third_Party/FreeRTOS/Source/portable/MemMang/heap_4.o

.debug_abbrev   0x0000000000000000     0x26d4
 .debug_abbrev  0x0000000000000000      0x15a Core/Src/freertos.o
 .debug_abbrev  0x000000000000015a      0x2aa Core/Src/main.o
 .debug_abbrev  0x0000000000000404      0x124 Core/Src/stm32f4xx_it.o
 .debug_abbrev  0x0000000000000528      0x261 Core/Src/syscalls.o
 .debug_abbrev  0x0000000000000789      0x19b Core/Src/sysmem.o
 .debug_abbrev  0x0000000000000924      0x12b Core/Src/system_stm32f4xx.o
 .debug_abbrev  0x0000000000000a4f       0x12 Core/Startup/startup_stm32f407vgtx.o
 .debug_abbrev  0x0000000000000a61      0x27e Core/Trace/trcKernelPort.o
 .debug_abbrev  0x0000000000000cdf      0x43f Core/Trace/trcSnapshotRecorder.o
 .debug_abbrev  0x000000000000111e      0x1c7 Drivers/STM32F4xx_HAL_Driver/Src/stm32f4xx_hal.o
 .debug_abbrev  0x00000000000012e5      0x1c9 Drivers/STM32F4xx_HAL_Driver/Src/stm32f4xx_hal_gpio.o
 .debug_abbrev  0x00000000000014ae      0x21b Middlewares/Third_Party/FreeRTOS/Source/list.o
 .debug_abbrev  0x00000000000016c9      0x3af Middlewares/Third_Party/FreeRTOS/Source/queue.o
 .debug_abbrev  0x0000000000001a78      0x3af Middlewares/Third_Party/FreeRTOS/Source/tasks.o
 .debug_abbrev  0x0000000000001e27      0x323 Middlewares/Third_Party/FreeRTOS/Source/timers.o
 .debug_abbrev  0x000000000000214a      0x2a2 Middlewares/Third_Party/FreeRTOS/Source/portable/GCC/ARM_CM4F/port.o
 .debug_abbrev  0x00000000000023ec      0x2e8 Middlewares/Third_Party/FreeRTOS/Source/portable/MemMang/heap_4.o

.debug_aranges  0x0000000000000000      0xb08
 .debug_aranges
                0x0000000000000000       0x28 Core/Src/freertos.o
 .debug_aranges
                0x0000000000000028       0x58 Core/Src/main.o
 .debug_aranges
                0x0000000000000080       0x50 Core/Src/stm32f4xx_it.o
 .debug_aranges
                0x00000000000000d0       0xa8 Core/Src/syscalls.o
 .debug_aranges
                0x0000000000000178       0x20 Core/Src/sysmem.o
 .debug_aranges
                0x0000000000000198       0x28 Core/Src/system_stm32f4xx.o
 .debug_aranges
                0x00000000000001c0       0x28 Core/Startup/startup_stm32f407vgtx.o
 .debug_aranges
                0x00000000000001e8       0xd0 Core/Trace/trcKernelPort.o
 .debug_aranges
                0x00000000000002b8      0x200 Core/Trace/trcSnapshotRecorder.o
 .debug_aranges
                0x00000000000004b8       0xf0 Drivers/STM32F4xx_HAL_Driver/Src/stm32f4xx_hal.o
 .debug_aranges
                0x00000000000005a8       0x58 Drivers/STM32F4xx_HAL_Driver/Src/stm32f4xx_hal_gpio.o
 .debug_aranges
                0x0000000000000600       0x40 Middlewares/Third_Party/FreeRTOS/Source/list.o
 .debug_aranges
                0x0000000000000640      0x130 Middlewares/Third_Party/FreeRTOS/Source/queue.o
 .debug_aranges
                0x0000000000000770      0x1f0 Middlewares/Third_Party/FreeRTOS/Source/tasks.o
 .debug_aranges
                0x0000000000000960       0xd8 Middlewares/Third_Party/FreeRTOS/Source/timers.o
 .debug_aranges
                0x0000000000000a38       0x80 Middlewares/Third_Party/FreeRTOS/Source/portable/GCC/ARM_CM4F/port.o
 .debug_aranges
                0x0000000000000ab8       0x50 Middlewares/Third_Party/FreeRTOS/Source/portable/MemMang/heap_4.o

.debug_ranges   0x0000000000000000      0xa00
 .debug_ranges  0x0000000000000000       0x18 Core/Src/freertos.o
 .debug_ranges  0x0000000000000018       0x48 Core/Src/main.o
 .debug_ranges  0x0000000000000060       0x40 Core/Src/stm32f4xx_it.o
 .debug_ranges  0x00000000000000a0       0x98 Core/Src/syscalls.o
 .debug_ranges  0x0000000000000138       0x10 Core/Src/sysmem.o
 .debug_ranges  0x0000000000000148       0x18 Core/Src/system_stm32f4xx.o
 .debug_ranges  0x0000000000000160       0x20 Core/Startup/startup_stm32f407vgtx.o
 .debug_ranges  0x0000000000000180       0xc0 Core/Trace/trcKernelPort.o
 .debug_ranges  0x0000000000000240      0x1f0 Core/Trace/trcSnapshotRecorder.o
 .debug_ranges  0x0000000000000430       0xe0 Drivers/STM32F4xx_HAL_Driver/Src/stm32f4xx_hal.o
 .debug_ranges  0x0000000000000510       0x48 Drivers/STM32F4xx_HAL_Driver/Src/stm32f4xx_hal_gpio.o
 .debug_ranges  0x0000000000000558       0x30 Middlewares/Third_Party/FreeRTOS/Source/list.o
 .debug_ranges  0x0000000000000588      0x120 Middlewares/Third_Party/FreeRTOS/Source/queue.o
 .debug_ranges  0x00000000000006a8      0x1e0 Middlewares/Third_Party/FreeRTOS/Source/tasks.o
 .debug_ranges  0x0000000000000888       0xc8 Middlewares/Third_Party/FreeRTOS/Source/timers.o
 .debug_ranges  0x0000000000000950       0x70 Middlewares/Third_Party/FreeRTOS/Source/portable/GCC/ARM_CM4F/port.o
 .debug_ranges  0x00000000000009c0       0x40 Middlewares/Third_Party/FreeRTOS/Source/portable/MemMang/heap_4.o

.debug_macro    0x0000000000000000    0x24a95
 .debug_macro   0x0000000000000000      0x28b Core/Src/freertos.o
 .debug_macro   0x000000000000028b      0xa5a Core/Src/freertos.o
 .debug_macro   0x0000000000000ce5      0x174 Core/Src/freertos.o
 .debug_macro   0x0000000000000e59       0x22 Core/Src/freertos.o
 .debug_macro   0x0000000000000e7b       0x8e Core/Src/freertos.o
 .debug_macro   0x0000000000000f09       0x51 Core/Src/freertos.o
 .debug_macro   0x0000000000000f5a       0xef Core/Src/freertos.o
 .debug_macro   0x0000000000001049       0x6a Core/Src/freertos.o
 .debug_macro   0x00000000000010b3      0x1df Core/Src/freertos.o
 .debug_macro   0x0000000000001292       0x76 Core/Src/freertos.o
 .debug_macro   0x0000000000001308       0x58 Core/Src/freertos.o
 .debug_macro   0x0000000000001360      0x146 Core/Src/freertos.o
 .debug_macro   0x00000000000014a6       0x2e Core/Src/freertos.o
 .debug_macro   0x00000000000014d4       0x2f Core/Src/freertos.o
 .debug_macro   0x0000000000001503       0x1c Core/Src/freertos.o
 .debug_macro   0x000000000000151f       0x22 Core/Src/freertos.o
 .debug_macro   0x0000000000001541       0xdf Core/Src/freertos.o
 .debug_macro   0x0000000000001620     0x102d Core/Src/freertos.o
 .debug_macro   0x000000000000264d      0x11f Core/Src/freertos.o
 .debug_macro   0x000000000000276c    0x15e3c Core/Src/freertos.o
 .debug_macro   0x00000000000185a8       0x43 Core/Src/freertos.o
 .debug_macro   0x00000000000185eb      0x288 Core/Src/freertos.o
 .debug_macro   0x0000000000018873     0x3659 Core/Src/freertos.o
 .debug_macro   0x000000000001becc       0x5a Core/Src/freertos.o
 .debug_macro   0x000000000001bf26      0x96b Core/Src/freertos.o
 .debug_macro   0x000000000001c891      0x9fe Core/Src/freertos.o
 .debug_macro   0x000000000001d28f      0x117 Core/Src/freertos.o
 .debug_macro   0x000000000001d3a6      0x13e Core/Src/freertos.o
 .debug_macro   0x000000000001d4e4       0x27 Core/Src/freertos.o
 .debug_macro   0x000000000001d50b      0x174 Core/Src/freertos.o
 .debug_macro   0x000000000001d67f      0x287 Core/Src/freertos.o
 .debug_macro   0x000000000001d906       0x5f Core/Src/freertos.o
 .debug_macro   0x000000000001d965      0x236 Core/Src/freertos.o
 .debug_macro   0x000000000001db9b      0x12c Core/Src/freertos.o
 .debug_macro   0x000000000001dcc7      0x21e Core/Src/freertos.o
 .debug_macro   0x000000000001dee5       0x2e Core/Src/freertos.o
 .debug_macro   0x000000000001df13      0x11a Core/Src/freertos.o
 .debug_macro   0x000000000001e02d       0x7e Core/Src/freertos.o
 .debug_macro   0x000000000001e0ab       0x89 Core/Src/freertos.o
 .debug_macro   0x000000000001e134      0x12d Core/Src/freertos.o
 .debug_macro   0x000000000001e261       0x9c Core/Src/freertos.o
 .debug_macro   0x000000000001e2fd       0xdd Core/Src/freertos.o
 .debug_macro   0x000000000001e3da       0x88 Core/Src/freertos.o
 .debug_macro   0x000000000001e462      0x9f4 Core/Src/freertos.o
 .debug_macro   0x000000000001ee56      0x226 Core/Src/freertos.o
 .debug_macro   0x000000000001f07c       0x92 Core/Src/freertos.o
 .debug_macro   0x000000000001f10e      0x15a Core/Src/freertos.o
 .debug_macro   0x000000000001f268       0xde Core/Src/freertos.o
 .debug_macro   0x000000000001f346       0x1c Core/Src/freertos.o
 .debug_macro   0x000000000001f362       0x26 Core/Src/freertos.o
 .debug_macro   0x000000000001f388      0x3a6 Core/Src/freertos.o
 .debug_macro   0x000000000001f72e       0xb5 Core/Src/freertos.o
 .debug_macro   0x000000000001f7e3       0xaa Core/Src/freertos.o
 .debug_macro   0x000000000001f88d      0x3e0 Core/Src/main.o
 .debug_macro   0x000000000001fc6d       0x46 Core/Src/main.o
 .debug_macro   0x000000000001fcb3       0x18 Core/Src/main.o
 .debug_macro   0x000000000001fccb       0x3c Core/Src/main.o
 .debug_macro   0x000000000001fd07       0x34 Core/Src/main.o
 .debug_macro   0x000000000001fd3b       0x16 Core/Src/main.o
 .debug_macro   0x000000000001fd51       0x35 Core/Src/main.o
 .debug_macro   0x000000000001fd86      0x32a Core/Src/main.o
 .debug_macro   0x00000000000200b0       0x52 Core/Src/main.o
 .debug_macro   0x0000000000020102       0x1f Core/Src/main.o
 .debug_macro   0x0000000000020121       0x43 Core/Src/main.o
 .debug_macro   0x0000000000020164       0x20 Core/Src/main.o
 .debug_macro   0x0000000000020184      0x1a3 Core/Src/main.o
 .debug_macro   0x0000000000020327       0x10 Core/Src/main.o
 .debug_macro   0x0000000000020337       0x1c Core/Src/main.o
 .debug_macro   0x0000000000020353       0x52 Core/Src/main.o
 .debug_macro   0x00000000000203a5       0x40 Core/Src/main.o
 .debug_macro   0x00000000000203e5       0x10 Core/Src/main.o
 .debug_macro   0x00000000000203f5       0x40 Core/Src/main.o
 .debug_macro   0x0000000000020435       0xd7 Core/Src/main.o
 .debug_macro   0x000000000002050c       0x1c Core/Src/main.o