Archive member included to satisfy reference by file (symbol)

c:/st/stm32cubeide_1.5.0/stm32cubeide/plugins/com.st.stm32cube.ide.mcu.externaltools.gnu-tools-for-stm32.7-2018-q2-update.win32_1.5.0.202011040924/tools/bin/../lib/gcc/arm-none-eabi/7.3.1/../../../../arm-none-eabi/lib/thumb/v7e-m/fpv4-sp/hard\libc_nano.a(lib_a-errno.o)
                              Core/Src/syscalls.o (__errno)
c:/st/stm32cubeide_1.5.0/stm32cubeide/plugins/com.st.stm32cube.ide.mcu.externaltools.gnu-tools-for-stm32.7-2018-q2-update.win32_1.5.0.202011040924/tools/bin/../lib/gcc/arm-none-eabi/7.3.1/../../../../arm-none-eabi/lib/thumb/v7e-m/fpv4-sp/hard\libc_nano.a(lib_a-exit.o)
                              c:/st/stm32cubeide_1.5.0/stm32cubeide/plugins/com.st.stm32cube.ide.mcu.externaltools.gnu-tools-for-stm32.7-2018-q2-update.win32_1.5.0.202011040924/tools/bin/../lib/gcc/arm-none-eabi/7.3.1/../../../../arm-none-eabi/lib/thumb/v7e-m/fpv4-sp/hard/crt0.o (exit)
c:/st/stm32cubeide_1.5.0/stm32cubeide/plugins/com.st.stm32cube.ide.mcu.externaltools.gnu-tools-for-stm32.7-2018-q2-update.win32_1.5.0.202011040924/tools/bin/../lib/gcc/arm-none-eabi/7.3.1/../../../../arm-none-eabi/lib/thumb/v7e-m/fpv4-sp/hard\libc_nano.a(lib_a-impure.o)
                              c:/st/stm32cubeide_1.5.0/stm32cubeide/plugins/com.st.stm32cube.ide.mcu.externaltools.gnu-tools-for-stm32.7-2018-q2-update.win32_1.5.0.202011040924/tools/bin/../lib/gcc/arm-none-eabi/7.3.1/../../../../arm-none-eabi/lib/thumb/v7e-m/fpv4-sp/hard\libc_nano.a(lib_a-exit.o) (_global_impure_ptr)
c:/st/stm32cubeide_1.5.0/stm32cubeide/plugins/com.st.stm32cube.ide.mcu.externaltools.gnu-tools-for-stm32.7-2018-q2-update.win32_1.5.0.202011040924/tools/bin/../lib/gcc/arm-none-eabi/7.3.1/../../../../arm-none-eabi/lib/thumb/v7e-m/fpv4-sp/hard\libc_nano.a(lib_a-init.o)
                              c:/st/stm32cubeide_1.5.0/stm32cubeide/plugins/com.st.stm32cube.ide.mcu.externaltools.gnu-tools-for-stm32.7-2018-q2-update.win32_1.5.0.202011040924/tools/bin/../lib/gcc/arm-none-eabi/7.3.1/../../../../arm-none-eabi/lib/thumb/v7e-m/fpv4-sp/hard/crt0.o (__libc_init_array)
c:/st/stm32cubeide_1.5.0/stm32cubeide/plugins/com.st.stm32cube.ide.mcu.externaltools.gnu-tools-for-stm32.7-2018-q2-update.win32_1.5.0.202011040924/tools/bin/../lib/gcc/arm-none-eabi/7.3.1/../../../../arm-none-eabi/lib/thumb/v7e-m/fpv4-sp/hard\libc_nano.a(lib_a-memcpy-stub.o)
                              Middlewares/Third_Party/FreeRTOS/Source/queue.o (memcpy)
c:/st/stm32cubeide_1.5.0/stm32cubeide/plugins/com.st.stm32cube.ide.mcu.externaltools.gnu-tools-for-stm32.7-2018-q2-update.win32_1.5.0.202011040924/tools/bin/../lib/gcc/arm-none-eabi/7.3.1/../../../../arm-none-eabi/lib/thumb/v7e-m/fpv4-sp/hard\libc_nano.a(lib_a-memset.o)
                              c:/st/stm32cubeide_1.5.0/stm32cubeide/plugins/com.st.stm32cube.ide.mcu.externaltools.gnu-tools-for-stm32.7-2018-q2-update.win32_1.5.0.202011040924/tools/bin/../lib/gcc/arm-none-eabi/7.3.1/../../../../arm-none-eabi/lib/thumb/v7e-m/fpv4-sp/hard/crt0.o (memset)
c:/st/stm32cubeide_1.5.0/stm32cubeide/plugins/com.st.stm32cube.ide.mcu.externaltools.gnu-tools-for-stm32.7-2018-q2-update.win32_1.5.0.202011040924/tools/bin/../lib/gcc/arm-none-eabi/7.3.1/../../../../arm-none-eabi/lib/thumb/v7e-m/fpv4-sp/hard\libc_nano.a(lib_a-printf.o)
                              Core/Src/main.o (printf)
c:/st/stm32cubeide_1.5.0/stm32cubeide/plugins/com.st.stm32cube.ide.mcu.externaltools.gnu-tools-for-stm32.7-2018-q2-update.win32_1.5.0.202011040924/tools/bin/../lib/gcc/arm-none-eabi/7.3.1/../../../../arm-none-eabi/lib/thumb/v7e-m/fpv4-sp/hard\libc_nano.a(lib_a-puts.o)
                              Core/Src/main.o (puts)
c:/st/stm32cubeide_1.5.0/stm32cubeide/plugins/com.st.stm32cube.ide.mcu.externaltools.gnu-tools-for-stm32.7-2018-q2-update.win32_1.5.0.202011040924/tools/bin/../lib/gcc/arm-none-eabi/7.3.1/../../../../arm-none-eabi/lib/thumb/v7e-m/fpv4-sp/hard\libc_nano.a(lib_a-wbuf.o)
                              c:/st/stm32cubeide_1.5.0/stm32cubeide/plugins/com.st.stm32cube.ide.mcu.externaltools.gnu-tools-for-stm32.7-2018-q2-update.win32_1.5.0.202011040924/tools/bin/../lib/gcc/arm-none-eabi/7.3.1/../../../../arm-none-eabi/lib/thumb/v7e-m/fpv4-sp/hard\libc_nano.a(lib_a-puts.o) (__swbuf_r)
c:/st/stm32cubeide_1.5.0/stm32cubeide/plugins/com.st.stm32cube.ide.mcu.externaltools.gnu-tools-for-stm32.7-2018-q2-update.win32_1.5.0.202011040924/tools/bin/../lib/gcc/arm-none-eabi/7.3.1/../../../../arm-none-eabi/lib/thumb/v7e-m/fpv4-sp/hard\libc_nano.a(lib_a-wsetup.o)
                              c:/st/stm32cubeide_1.5.0/stm32cubeide/plugins/com.st.stm32cube.ide.mcu.externaltools.gnu-tools-for-stm32.7-2018-q2-update.win32_1.5.0.202011040924/tools/bin/../lib/gcc/arm-none-eabi/7.3.1/../../../../arm-none-eabi/lib/thumb/v7e-m/fpv4-sp/hard\libc_nano.a(lib_a-puts.o) (__swsetup_r)
[...]
Memory Configuration

Name             Origin             Length             Attributes
CCMRAM           0x0000000010000000 0x0000000000010000 xrw
RAM              0x0000000020000000 0x0000000000020000 xrw
FLASH            0x0000000008000000 0x0000000000100000 xr
*default*        0x0000000000000000 0xffffffffffffffff

Linker script and memory map

LOAD c:/st/stm32cubeide_1.5.0/stm32cubeide/plugins/com.st.stm32cube.ide.mcu.externaltools.gnu-tools-for-stm32.7-2018-q2-update.win32_1.5.0.202011040924/tools/bin/../lib/gcc/arm-none-eabi/7.3.1/thumb/v7e-m/fpv4-sp/hard/crti.o
LOAD c:/st/stm32cubeide_1.5.0/stm32cubeide/plugins/com.st.stm32cube.ide.mcu.externaltools.gnu-tools-for-stm32.7-2018-q2-update.win32_1.5.0.202011040924/tools/bin/../lib/gcc/arm-none-eabi/7.3.1/thumb/v7e-m/fpv4-sp/hard/crtbegin.o
LOAD c:/st/stm32cubeide_1.5.0/stm32cubeide/plugins/com.st.stm32cube.ide.mcu.externaltools.gnu-tools-for-stm32.7-2018-q2-update.win32_1.5.0.202011040924/tools/bin/../lib/gcc/arm-none-eabi/7.3.1/../../../../arm-none-eabi/lib/thumb/v7e-m/fpv4-sp/hard/crt0.o
LOAD Core/Src/freertos.o
LOAD Core/Src/main.o
LOAD Core/Src/stm32f4xx_hal_msp.o
LOAD Core/Src/stm32f4xx_it.o
LOAD Core/Src/syscalls.o
LOAD Core/Src/sysmem.o
LOAD Core/Src/system_stm32f4xx.o
LOAD Core/Startup/startup_stm32f407vgtx.o
LOAD Drivers/STM32F4xx_HAL_Driver/Src/stm32f4xx_hal.o
LOAD Drivers/STM32F4xx_HAL_Driver/Src/stm32f4xx_hal_cortex.o
LOAD Drivers/STM32F4xx_HAL_Driver/Src/stm32f4xx_hal_dma.o
LOAD Drivers/STM32F4xx_HAL_Driver/Src/stm32f4xx_hal_dma_ex.o
LOAD Drivers/STM32F4xx_HAL_Driver/Src/stm32f4xx_hal_exti.o
LOAD Drivers/STM32F4xx_HAL_Driver/Src/stm32f4xx_hal_flash.o
LOAD Drivers/STM32F4xx_HAL_Driver/Src/stm32f4xx_hal_flash_ex.o
LOAD Drivers/STM32F4xx_HAL_Driver/Src/stm32f4xx_hal_flash_ramfunc.o
LOAD Drivers/STM32F4xx_HAL_Driver/Src/stm32f4xx_hal_gpio.o
LOAD Drivers/STM32F4xx_HAL_Driver/Src/stm32f4xx_hal_pwr.o
LOAD Drivers/STM32F4xx_HAL_Driver/Src/stm32f4xx_hal_pwr_ex.o
LOAD Drivers/STM32F4xx_HAL_Driver/Src/stm32f4xx_hal_rcc.o
LOAD Drivers/STM32F4xx_HAL_Driver/Src/stm32f4xx_hal_rcc_ex.o
LOAD Drivers/STM32F4xx_HAL_Driver/Src/stm32f4xx_hal_tim.o
LOAD Drivers/STM32F4xx_HAL_Driver/Src/stm32f4xx_hal_tim_ex.o
LOAD Middlewares/Third_Party/FreeRTOS/Source/CMSIS_RTOS/cmsis_os.o
LOAD Middlewares/Third_Party/FreeRTOS/Source/croutine.o
LOAD Middlewares/Third_Party/FreeRTOS/Source/event_groups.o
LOAD Middlewares/Third_Party/FreeRTOS/Source/list.o
LOAD Middlewares/Third_Party/FreeRTOS/Source/queue.o
LOAD Middlewares/Third_Party/FreeRTOS/Source/stream_buffer.o
LOAD Middlewares/Third_Party/FreeRTOS/Source/tasks.o
LOAD Middlewares/Third_Party/FreeRTOS/Source/timers.o
LOAD Middlewares/Third_Party/FreeRTOS/Source/portable/GCC/ARM_CM4F/port.o
LOAD Middlewares/Third_Party/FreeRTOS/Source/portable/MemMang/heap_4.o
START GROUP
LOAD c:/st/stm32cubeide_1.5.0/stm32cubeide/plugins/com.st.stm32cube.ide.mcu.externaltools.gnu-tools-for-stm32.7-2018-q2-update.win32_1.5.0.202011040924/tools/bin/../lib/gcc/arm-none-eabi/7.3.1/../../../../arm-none-eabi/lib/thumb/v7e-m/fpv4-sp/hard\libc_nano.a
LOAD c:/st/stm32cubeide_1.5.0/stm32cubeide/plugins/com.st.stm32cube.ide.mcu.externaltools.gnu-tools-for-stm32.7-2018-q2-update.win32_1.5.0.202011040924/tools/bin/../lib/gcc/arm-none-eabi/7.3.1/../../../../arm-none-eabi/lib/thumb/v7e-m/fpv4-sp/hard\libm.a
END GROUP
START GROUP
LOAD c:/st/stm32cubeide_1.5.0/stm32cubeide/plugins/com.st.stm32cube.ide.mcu.externaltools.gnu-tools-for-stm32.7-2018-q2-update.win32_1.5.0.202011040924/tools/bin/../lib/gcc/arm-none-eabi/7.3.1/thumb/v7e-m/fpv4-sp/hard\libgcc.a
LOAD c:/st/stm32cubeide_1.5.0/stm32cubeide/plugins/com.st.stm32cube.ide.mcu.externaltools.gnu-tools-for-stm32.7-2018-q2-update.win32_1.5.0.202011040924/tools/bin/../lib/gcc/arm-none-eabi/7.3.1/../../../../arm-none-eabi/lib/thumb/v7e-m/fpv4-sp/hard\libc_nano.a
END GROUP
START GROUP
LOAD c:/st/stm32cubeide_1.5.0/stm32cubeide/plugins/com.st.stm32cube.ide.mcu.externaltools.gnu-tools-for-stm32.7-2018-q2-update.win32_1.5.0.202011040924/tools/bin/../lib/gcc/arm-none-eabi/7.3.1/thumb/v7e-m/fpv4-sp/hard\libgcc.a
LOAD c:/st/stm32cubeide_1.5.0/stm32cubeide/plugins/com.st.stm32cube.ide.mcu.externaltools.gnu-tools-for-stm32.7-2018-q2-update.win32_1.5.0.202011040924/tools/bin/../lib/gcc/arm-none-eabi/7.3.1/../../../../arm-none-eabi/lib/thumb/v7e-m/fpv4-sp/hard\libc_nano.a
LOAD c:/st/stm32cubeide_1.5.0/stm32cubeide/plugins/com.st.stm32cube.ide.mcu.externaltools.gnu-tools-for-stm32.7-2018-q2-update.win32_1.5.0.202011040924/tools/bin/../lib/gcc/arm-none-eabi/7.3.1/../../../../arm-none-eabi/lib/thumb/v7e-m/fpv4-sp/hard\libnosys.a
END GROUP
START GROUP
LOAD c:/st/stm32cubeide_1.5.0/stm32cubeide/plugins/com.st.stm32cube.ide.mcu.externaltools.gnu-tools-for-stm32.7-2018-q2-update.win32_1.5.0.202011040924/tools/bin/../lib/gcc/arm-none-eabi/7.3.1/thumb/v7e-m/fpv4-sp/hard\libgcc.a
LOAD c:/st/stm32cubeide_1.5.0/stm32cubeide/plugins/com.st.stm32cube.ide.mcu.externaltools.gnu-tools-for-stm32.7-2018-q2-update.win32_1.5.0.202011040924/tools/bin/../lib/gcc/arm-none-eabi/7.3.1/../../../../arm-none-eabi/lib/thumb/v7e-m/fpv4-sp/hard\libc_nano.a
LOAD c:/st/stm32cubeide_1.5.0/stm32cubeide/plugins/com.st.stm32cube.ide.mcu.externaltools.gnu-tools-for-stm32.7-2018-q2-update.win32_1.5.0.202011040924/tools/bin/../lib/gcc/arm-none-eabi/7.3.1/../../../../arm-none-eabi/lib/thumb/v7e-m/fpv4-sp/hard\libnosys.a
END GROUP
LOAD c:/st/stm32cubeide_1.5.0/stm32cubeide/plugins/com.st.stm32cube.ide.mcu.externaltools.gnu-tools-for-stm32.7-2018-q2-update.win32_1.5.0.202011040924/tools/bin/../lib/gcc/arm-none-eabi/7.3.1/thumb/v7e-m/fpv4-sp/hard/crtend.o
LOAD c:/st/stm32cubeide_1.5.0/stm32cubeide/plugins/com.st.stm32cube.ide.mcu.externaltools.gnu-tools-for-stm32.7-2018-q2-update.win32_1.5.0.202011040924/tools/bin/../lib/gcc/arm-none-eabi/7.3.1/thumb/v7e-m/fpv4-sp/hard/crtn.o
                0x0000000020020000                _estack = (ORIGIN (RAM) + LENGTH (RAM))
                0x0000000000000200                _Min_Heap_Size = 0x200
                0x0000000000000400                _Min_Stack_Size = 0x400

.isr_vector     0x0000000008000000      0x188
                0x0000000008000000                . = ALIGN (0x4)
 *(.isr_vector)
 .isr_vector    0x0000000008000000      0x188 Core/Startup/startup_stm32f407vgtx.o
                0x0000000008000000                g_pfnVectors
                0x0000000008000188                . = ALIGN (0x4)

.text           0x0000000008000190     0x4684
                0x0000000008000190                . = ALIGN (0x4)
 *(.text)
 .text          0x0000000008000190       0x40 c:/st/stm32cubeide_1.5.0/stm32cubeide/plugins/com.st.stm32cube.ide.mcu.externaltools.gnu-tools-for-stm32.7-2018-q2-update.win32_1.5.0.202011040924/tools/bin/../lib/gcc/arm-none-eabi/7.3.1/thumb/v7e-m/fpv4-sp/hard/crtbegin.o
 .text          0x00000000080001d0       0xa0 c:/st/stm32cubeide_1.5.0/stm32cubeide/plugins/com.st.stm32cube.ide.mcu.externaltools.gnu-tools-for-stm32.7-2018-q2-update.win32_1.5.0.202011040924/tools/bin/../lib/gcc/arm-none-eabi/7.3.1/../../../../arm-none-eabi/lib/thumb/v7e-m/fpv4-sp/hard\libc_nano.a(lib_a-memchr.o)
                0x00000000080001d0                memchr
 .text          0x0000000008000270       0x30 c:/st/stm32cubeide_1.5.0/stm32cubeide/plugins/com.st.stm32cube.ide.mcu.externaltools.gnu-tools-for-stm32.7-2018-q2-update.win32_1.5.0.202011040924/tools/bin/../lib/gcc/arm-none-eabi/7.3.1/thumb/v7e-m/fpv4-sp/hard\libgcc.a(_aeabi_uldivmod.o)
                0x0000000008000270                __aeabi_uldivmod
 .text          0x00000000080002a0      0x2cc c:/st/stm32cubeide_1.5.0/stm32cubeide/plugins/com.st.stm32cube.ide.mcu.externaltools.gnu-tools-for-stm32.7-2018-q2-update.win32_1.5.0.202011040924/tools/bin/../lib/gcc/arm-none-eabi/7.3.1/thumb/v7e-m/fpv4-sp/hard\libgcc.a(_udivmoddi4.o)
                0x00000000080002a0                __udivmoddi4
 .text          0x000000000800056c        0x4 c:/st/stm32cubeide_1.5.0/stm32cubeide/plugins/com.st.stm32cube.ide.mcu.externaltools.gnu-tools-for-stm32.7-2018-q2-update.win32_1.5.0.202011040924/tools/bin/../lib/gcc/arm-none-eabi/7.3.1/thumb/v7e-m/fpv4-sp/hard\libgcc.a(_dvmd_tls.o)
                0x000000000800056c                __aeabi_idiv0
                0x000000000800056c                __aeabi_ldiv0
 *(.text*)
 .text.vApplicationGetIdleTaskMemory
                0x0000000008000570       0x34 Core/Src/freertos.o
                0x0000000008000570                vApplicationGetIdleTaskMemory
 .text.ITM_SendChar
                0x00000000080005a4       0x4e Core/Src/main.o
 .text._write   0x00000000080005f2       0x3c Core/Src/main.o
                0x00000000080005f2                _write
 *fill*         0x000000000800062e        0x2 
 .text.TaskA    0x0000000008000630       0x98 Core/Src/main.o
                0x0000000008000630                TaskA
 .text.TaskB    0x00000000080006c8       0x90 Core/Src/main.o
                0x00000000080006c8                TaskB
 .text.main     0x0000000008000758       0x98 Core/Src/main.o
                0x0000000008000758                main
 .text.SystemClock_Config
                0x00000000080007f0       0xbc Core/Src/main.o
                0x00000000080007f0                SystemClock_Config
 .text.MX_GPIO_Init
                0x00000000080008ac       0xa4 Core/Src/main.o
 .text.Error_Handler
                0x0000000008000950        0x8 Core/Src/main.o
                0x0000000008000950                Error_Handler
 .text.HAL_MspInit
                0x0000000008000958       0x58 Core/Src/stm32f4xx_hal_msp.o
                0x0000000008000958                HAL_MspInit
 .text.NMI_Handler
                0x00000000080009b0        0x6 Core/Src/stm32f4xx_it.o
                0x00000000080009b0                NMI_Handler
 .text.HardFault_Handler
                0x00000000080009b6        0x6 Core/Src/stm32f4xx_it.o
                0x00000000080009b6                HardFault_Handler
 .text.MemManage_Handler
                0x00000000080009bc        0x6 Core/Src/stm32f4xx_it.o
                0x00000000080009bc                MemManage_Handler
 .text.BusFault_Handler
                0x00000000080009c2        0x6 Core/Src/stm32f4xx_it.o
                0x00000000080009c2                BusFault_Handler
 .text.UsageFault_Handler
                0x00000000080009c8        0x6 Core/Src/stm32f4xx_it.o
                0x00000000080009c8                UsageFault_Handler
 .text.DebugMon_Handler
                0x00000000080009ce        0xe Core/Src/stm32f4xx_it.o
                0x00000000080009ce                DebugMon_Handler
 .text.SysTick_Handler
                0x00000000080009dc       0x1a Core/Src/stm32f4xx_it.o
                0x00000000080009dc                SysTick_Handler
 .text._read    0x00000000080009f6       0x3a Core/Src/syscalls.o
                0x00000000080009f6                _read
 .text._close   0x0000000008000a30       0x18 Core/Src/syscalls.o
                0x0000000008000a30                _close
 .text._fstat   0x0000000008000a48       0x20 Core/Src/syscalls.o
                0x0000000008000a48                _fstat
 .text._isatty  0x0000000008000a68       0x16 Core/Src/syscalls.o
                0x0000000008000a68                _isatty
 .text._lseek   0x0000000008000a7e       0x1a Core/Src/syscalls.o
                0x0000000008000a7e                _lseek
 .text._sbrk    0x0000000008000a98       0x6c Core/Src/sysmem.o
                0x0000000008000a98                _sbrk
 .text.SystemInit
                0x0000000008000b04       0x2c Core/Src/system_stm32f4xx.o
                0x0000000008000b04                SystemInit
 .text.Reset_Handler
                0x0000000008000b30       0x50 Core/Startup/startup_stm32f407vgtx.o
                0x0000000008000b30                Reset_Handler
 .text.Default_Handler
                0x0000000008000b80        0x2 Core/Startup/startup_stm32f407vgtx.o
                0x0000000008000b80                RTC_Alarm_IRQHandler
                0x0000000008000b80                HASH_RNG_IRQHandler
                0x0000000008000b80                EXTI2_IRQHandler
                0x0000000008000b80                TIM8_CC_IRQHandler
                0x0000000008000b80                TIM1_CC_IRQHandler
                0x0000000008000b80                DMA2_Stream5_IRQHandler
                0x0000000008000b80                DMA1_Stream5_IRQHandler
                0x0000000008000b80                PVD_IRQHandler
                0x0000000008000b80                SDIO_IRQHandler
                0x0000000008000b80                TAMP_STAMP_IRQHandler
                0x0000000008000b80                CAN2_RX1_IRQHandler
                0x0000000008000b80                EXTI3_IRQHandler
                0x0000000008000b80                TIM8_TRG_COM_TIM14_IRQHandler
                0x0000000008000b80                TIM1_UP_TIM10_IRQHandler
                0x0000000008000b80                TIM8_UP_TIM13_IRQHandler
                0x0000000008000b80                I2C3_ER_IRQHandler
                0x0000000008000b80                EXTI0_IRQHandler
                0x0000000008000b80                I2C2_EV_IRQHandler
                0x0000000008000b80                DMA1_Stream2_IRQHandler
                0x0000000008000b80                CAN1_RX0_IRQHandler
                0x0000000008000b80                FPU_IRQHandler
                0x0000000008000b80                OTG_HS_WKUP_IRQHandler
                0x0000000008000b80                CAN2_SCE_IRQHandler
                0x0000000008000b80                DMA2_Stream2_IRQHandler
                0x0000000008000b80                SPI1_IRQHandler
                0x0000000008000b80                TIM6_DAC_IRQHandler
                0x0000000008000b80                TIM1_BRK_TIM9_IRQHandler
                0x0000000008000b80                DCMI_IRQHandler
                0x0000000008000b80                CAN2_RX0_IRQHandler
                0x0000000008000b80                DMA2_Stream3_IRQHandler
                0x0000000008000b80                USART6_IRQHandler
                0x0000000008000b80                USART3_IRQHandler
                0x0000000008000b80                CAN1_RX1_IRQHandler
                0x0000000008000b80                UART5_IRQHandler
                0x0000000008000b80                DMA2_Stream0_IRQHandler
                0x0000000008000b80                TIM4_IRQHandler
                0x0000000008000b80                I2C1_EV_IRQHandler
                0x0000000008000b80                DMA1_Stream6_IRQHandler
                0x0000000008000b80                DMA1_Stream1_IRQHandler
                0x0000000008000b80                UART4_IRQHandler
                0x0000000008000b80                TIM3_IRQHandler
                0x0000000008000b80                RCC_IRQHandler
                0x0000000008000b80                TIM8_BRK_TIM12_IRQHandler
                0x0000000008000b80                Default_Handler
                0x0000000008000b80                EXTI15_10_IRQHandler
                0x0000000008000b80                ADC_IRQHandler
                0x0000000008000b80                DMA1_Stream7_IRQHandler
                0x0000000008000b80                TIM7_IRQHandler
                0x0000000008000b80                CAN2_TX_IRQHandler
                0x0000000008000b80                TIM5_IRQHandler
                0x0000000008000b80                DMA2_Stream7_IRQHandler
                0x0000000008000b80                I2C3_EV_IRQHandler
                0x0000000008000b80                EXTI9_5_IRQHandler
                0x0000000008000b80                RTC_WKUP_IRQHandler
                0x0000000008000b80                ETH_WKUP_IRQHandler
                0x0000000008000b80                SPI2_IRQHandler
                0x0000000008000b80                OTG_HS_EP1_IN_IRQHandler
                0x0000000008000b80                DMA1_Stream0_IRQHandler
                0x0000000008000b80                CAN1_TX_IRQHandler
                0x0000000008000b80                EXTI4_IRQHandler
                0x0000000008000b80                FSMC_IRQHandler
                0x0000000008000b80                ETH_IRQHandler
                0x0000000008000b80                OTG_HS_EP1_OUT_IRQHandler
                0x0000000008000b80                WWDG_IRQHandler
                0x0000000008000b80                TIM2_IRQHandler
                0x0000000008000b80                OTG_FS_WKUP_IRQHandler
                0x0000000008000b80                TIM1_TRG_COM_TIM11_IRQHandler
                0x0000000008000b80                OTG_HS_IRQHandler
                0x0000000008000b80                EXTI1_IRQHandler
                0x0000000008000b80                USART2_IRQHandler
                0x0000000008000b80                I2C2_ER_IRQHandler
                0x0000000008000b80                DMA2_Stream1_IRQHandler
                0x0000000008000b80                CAN1_SCE_IRQHandler
                0x0000000008000b80                FLASH_IRQHandler
                0x0000000008000b80                DMA2_Stream4_IRQHandler
                0x0000000008000b80                USART1_IRQHandler
                0x0000000008000b80                OTG_FS_IRQHandler
                0x0000000008000b80                SPI3_IRQHandler
                0x0000000008000b80                DMA1_Stream4_IRQHandler
                0x0000000008000b80                I2C1_ER_IRQHandler
                0x0000000008000b80                DMA2_Stream6_IRQHandler
                0x0000000008000b80                DMA1_Stream3_IRQHandler
 *fill*         0x0000000008000b82        0x2 
 .text.HAL_Init
                0x0000000008000b84       0x44 Drivers/STM32F4xx_HAL_Driver/Src/stm32f4xx_hal.o
                0x0000000008000b84                HAL_Init
 .text.HAL_InitTick
                0x0000000008000bc8       0x60 Drivers/STM32F4xx_HAL_Driver/Src/stm32f4xx_hal.o
                0x0000000008000bc8                HAL_InitTick
 .text.HAL_IncTick
                0x0000000008000c28       0x28 Drivers/STM32F4xx_HAL_Driver/Src/stm32f4xx_hal.o
                0x0000000008000c28                HAL_IncTick
 .text.HAL_GetTick
                0x0000000008000c50       0x18 Drivers/STM32F4xx_HAL_Driver/Src/stm32f4xx_hal.o
                0x0000000008000c50                HAL_GetTick
 .text.__NVIC_SetPriorityGrouping
                0x0000000008000c68       0x48 Drivers/STM32F4xx_HAL_Driver/Src/stm32f4xx_hal_cortex.o
 .text.__NVIC_GetPriorityGrouping
                0x0000000008000cb0       0x1c Drivers/STM32F4xx_HAL_Driver/Src/stm32f4xx_hal_cortex.o
 .text.__NVIC_SetPriority
                0x0000000008000ccc       0x54 Drivers/STM32F4xx_HAL_Driver/Src/stm32f4xx_hal_cortex.o
 .text.NVIC_EncodePriority
                0x0000000008000d20       0x66 Drivers/STM32F4xx_HAL_Driver/Src/stm32f4xx_hal_cortex.o
 *fill*         0x0000000008000d86        0x2 
 .text.SysTick_Config
                0x0000000008000d88       0x44 Drivers/STM32F4xx_HAL_Driver/Src/stm32f4xx_hal_cortex.o
 .text.HAL_NVIC_SetPriorityGrouping
                0x0000000008000dcc       0x16 Drivers/STM32F4xx_HAL_Driver/Src/stm32f4xx_hal_cortex.o
                0x0000000008000dcc                HAL_NVIC_SetPriorityGrouping
 .text.HAL_NVIC_SetPriority
                0x0000000008000de2       0x38 Drivers/STM32F4xx_HAL_Driver/Src/stm32f4xx_hal_cortex.o
                0x0000000008000de2                HAL_NVIC_SetPriority
 .text.HAL_SYSTICK_Config
                0x0000000008000e1a       0x18 Drivers/STM32F4xx_HAL_Driver/Src/stm32f4xx_hal_cortex.o
                0x0000000008000e1a                HAL_SYSTICK_Config
 *fill*         0x0000000008000e32        0x2 
 .text.HAL_GPIO_Init
                0x0000000008000e34      0x334 Drivers/STM32F4xx_HAL_Driver/Src/stm32f4xx_hal_gpio.o
                0x0000000008000e34                HAL_GPIO_Init
 .text.HAL_GPIO_WritePin
                0x0000000008001168       0x32 Drivers/STM32F4xx_HAL_Driver/Src/stm32f4xx_hal_gpio.o
                0x0000000008001168                HAL_GPIO_WritePin
 *fill*         0x000000000800119a        0x2 
 .text.HAL_RCC_OscConfig
                0x000000000800119c      0x4e0 Drivers/STM32F4xx_HAL_Driver/Src/stm32f4xx_hal_rcc.o
                0x000000000800119c                HAL_RCC_OscConfig
 .text.HAL_RCC_ClockConfig
                0x000000000800167c      0x1cc Drivers/STM32F4xx_HAL_Driver/Src/stm32f4xx_hal_rcc.o
                0x000000000800167c                HAL_RCC_ClockConfig
 .text.HAL_RCC_GetSysClockFreq
                0x0000000008001848      0x164 Drivers/STM32F4xx_HAL_Driver/Src/stm32f4xx_hal_rcc.o
                0x0000000008001848                HAL_RCC_GetSysClockFreq
 .text.vListInitialise
                0x00000000080019ac       0x40 Middlewares/Third_Party/FreeRTOS/Source/list.o
                0x00000000080019ac                vListInitialise
 .text.vListInitialiseItem
                0x00000000080019ec       0x1a Middlewares/Third_Party/FreeRTOS/Source/list.o
                0x00000000080019ec                vListInitialiseItem
 .text.vListInsertEnd
                0x0000000008001a06       0x48 Middlewares/Third_Party/FreeRTOS/Source/list.o
                0x0000000008001a06                vListInsertEnd
 .text.vListInsert
                0x0000000008001a4e       0x72 Middlewares/Third_Party/FreeRTOS/Source/list.o
                0x0000000008001a4e                vListInsert
 .text.uxListRemove
                0x0000000008001ac0       0x54 Middlewares/Third_Party/FreeRTOS/Source/list.o
                0x0000000008001ac0                uxListRemove
 .text.xStreamBufferGenericCreate
                0x0000000008001b14       0xb0 Middlewares/Third_Party/FreeRTOS/Source/stream_buffer.o
                0x0000000008001b14                xStreamBufferGenericCreate
 .text.xStreamBufferReset
                0x0000000008001bc4       0x6a Middlewares/Third_Party/FreeRTOS/Source/stream_buffer.o
                0x0000000008001bc4                xStreamBufferReset
 .text.xStreamBufferSetTriggerLevel
                0x0000000008001c2e       0x5a Middlewares/Third_Party/FreeRTOS/Source/stream_buffer.o
                0x0000000008001c2e                xStreamBufferSetTriggerLevel
 .text.xStreamBufferSpacesAvailable
                0x0000000008001c88       0x64 Middlewares/Third_Party/FreeRTOS/Source/stream_buffer.o
                0x0000000008001c88                xStreamBufferSpacesAvailable
 .text.xStreamBufferSend
                0x0000000008001cec      0x162 Middlewares/Third_Party/FreeRTOS/Source/stream_buffer.o
                0x0000000008001cec                xStreamBufferSend
 .text.prvWriteMessageToBuffer
                0x0000000008001e4e       0x7a Middlewares/Third_Party/FreeRTOS/Source/stream_buffer.o
 .text.xStreamBufferReceive
                0x0000000008001ec8      0x124 Middlewares/Third_Party/FreeRTOS/Source/stream_buffer.o
                0x0000000008001ec8                xStreamBufferReceive
 .text.prvReadMessageFromBuffer
                0x0000000008001fec       0x64 Middlewares/Third_Party/FreeRTOS/Source/stream_buffer.o
 .text.xStreamBufferIsFull
                0x0000000008002050       0x5e Middlewares/Third_Party/FreeRTOS/Source/stream_buffer.o
                0x0000000008002050                xStreamBufferIsFull
 .text.prvWriteBytesToBuffer
                0x00000000080020ae       0xde Middlewares/Third_Party/FreeRTOS/Source/stream_buffer.o
 .text.prvReadBytesFromBuffer
                0x000000000800218c       0xee Middlewares/Third_Party/FreeRTOS/Source/stream_buffer.o
 .text.prvBytesInBuffer
                0x000000000800227a       0x40 Middlewares/Third_Party/FreeRTOS/Source/stream_buffer.o
 .text.prvInitialiseNewStreamBuffer
                0x00000000080022ba       0x64 Middlewares/Third_Party/FreeRTOS/Source/stream_buffer.o
 .text.xTaskCreateStatic
                0x000000000800231e       0xb4 Middlewares/Third_Party/FreeRTOS/Source/tasks.o
                0x000000000800231e                xTaskCreateStatic
 .text.xTaskCreate
                0x00000000080023d2       0x8a Middlewares/Third_Party/FreeRTOS/Source/tasks.o
                0x00000000080023d2                xTaskCreate
 .text.prvInitialiseNewTask
                0x000000000800245c      0x10c Middlewares/Third_Party/FreeRTOS/Source/tasks.o
 .text.prvAddNewTaskToReadyList
                0x0000000008002568       0xd4 Middlewares/Third_Party/FreeRTOS/Source/tasks.o
 .text.vTaskDelay
                0x000000000800263c       0x68 Middlewares/Third_Party/FreeRTOS/Source/tasks.o
                0x000000000800263c                vTaskDelay
 .text.vTaskStartScheduler
                0x00000000080026a4       0xbc Middlewares/Third_Party/FreeRTOS/Source/tasks.o
                0x00000000080026a4                vTaskStartScheduler
 .text.vTaskSuspendAll
                0x0000000008002760       0x1c Middlewares/Third_Party/FreeRTOS/Source/tasks.o
                0x0000000008002760                vTaskSuspendAll
 .text.xTaskResumeAll
                0x000000000800277c      0x138 Middlewares/Third_Party/FreeRTOS/Source/tasks.o
                0x000000000800277c                xTaskResumeAll
 .text.xTaskIncrementTick
                0x00000000080028b4      0x170 Middlewares/Third_Party/FreeRTOS/Source/tasks.o
                0x00000000080028b4                xTaskIncrementTick
 .text.vTaskSwitchContext
                0x0000000008002a24       0xb4 Middlewares/Third_Party/FreeRTOS/Source/tasks.o
                0x0000000008002a24                vTaskSwitchContext
 .text.vTaskSetTimeOutState
                0x0000000008002ad8       0x4c Middlewares/Third_Party/FreeRTOS/Source/tasks.o
                0x0000000008002ad8                vTaskSetTimeOutState
 .text.vTaskInternalSetTimeOutState
                0x0000000008002b24       0x2c Middlewares/Third_Party/FreeRTOS/Source/tasks.o
                0x0000000008002b24                vTaskInternalSetTimeOutState
 .text.xTaskCheckForTimeOut
                0x0000000008002b50       0xc0 Middlewares/Third_Party/FreeRTOS/Source/tasks.o
                0x0000000008002b50                xTaskCheckForTimeOut
 .text.prvIdleTask
                0x0000000008002c10       0x30 Middlewares/Third_Party/FreeRTOS/Source/tasks.o
 .text.prvInitialiseTaskLists
                0x0000000008002c40       0x80 Middlewares/Third_Party/FreeRTOS/Source/tasks.o
 .text.prvCheckTasksWaitingTermination
                0x0000000008002cc0       0x58 Middlewares/Third_Party/FreeRTOS/Source/tasks.o
 .text.prvDeleteTCB
                0x0000000008002d18       0x5c Middlewares/Third_Party/FreeRTOS/Source/tasks.o
 .text.prvResetNextTaskUnblockTime
                0x0000000008002d74       0x40 Middlewares/Third_Party/FreeRTOS/Source/tasks.o
 .text.xTaskGetCurrentTaskHandle
                0x0000000008002db4       0x20 Middlewares/Third_Party/FreeRTOS/Source/tasks.o
                0x0000000008002db4                xTaskGetCurrentTaskHandle
 .text.xTaskGetSchedulerState
                0x0000000008002dd4       0x3c Middlewares/Third_Party/FreeRTOS/Source/tasks.o
                0x0000000008002dd4                xTaskGetSchedulerState
 .text.xTaskNotifyWait
                0x0000000008002e10       0xb4 Middlewares/Third_Party/FreeRTOS/Source/tasks.o
                0x0000000008002e10                xTaskNotifyWait
 .text.xTaskGenericNotify
                0x0000000008002ec4      0x164 Middlewares/Third_Party/FreeRTOS/Source/tasks.o
                0x0000000008002ec4                xTaskGenericNotify
 .text.xTaskNotifyStateClear
                0x0000000008003028       0x4c Middlewares/Third_Party/FreeRTOS/Source/tasks.o
                0x0000000008003028                xTaskNotifyStateClear
 .text.prvAddCurrentTaskToDelayedList
                0x0000000008003074       0xcc Middlewares/Third_Party/FreeRTOS/Source/tasks.o
 .text.pxPortInitialiseStack
                0x0000000008003140       0x68 Middlewares/Third_Party/FreeRTOS/Source/portable/GCC/ARM_CM4F/port.o
                0x0000000008003140                pxPortInitialiseStack
 .text.prvTaskExitError
                0x00000000080031a8       0x54 Middlewares/Third_Party/FreeRTOS/Source/portable/GCC/ARM_CM4F/port.o
 *fill*         0x00000000080031fc        0x4 
 .text.SVC_Handler
                0x0000000008003200       0x28 Middlewares/Third_Party/FreeRTOS/Source/portable/GCC/ARM_CM4F/port.o
                0x0000000008003200                SVC_Handler
 .text.prvPortStartFirstTask
                0x0000000008003228       0x28 Middlewares/Third_Party/FreeRTOS/Source/portable/GCC/ARM_CM4F/port.o
 .text.xPortStartScheduler
                0x0000000008003250      0x13c Middlewares/Third_Party/FreeRTOS/Source/portable/GCC/ARM_CM4F/port.o
                0x0000000008003250                xPortStartScheduler
 .text.vPortEnterCritical
                0x000000000800338c       0x5c Middlewares/Third_Party/FreeRTOS/Source/portable/GCC/ARM_CM4F/port.o
                0x000000000800338c                vPortEnterCritical
 .text.vPortExitCritical
                0x00000000080033e8       0x50 Middlewares/Third_Party/FreeRTOS/Source/portable/GCC/ARM_CM4F/port.o
                0x00000000080033e8                vPortExitCritical
 *fill*         0x0000000008003438        0x8 
 .text.PendSV_Handler
                0x0000000008003440       0x68 Middlewares/Third_Party/FreeRTOS/Source/portable/GCC/ARM_CM4F/port.o
                0x0000000008003440                PendSV_Handler
 .text.xPortSysTickHandler
                0x00000000080034a8       0x40 Middlewares/Third_Party/FreeRTOS/Source/portable/GCC/ARM_CM4F/port.o
                0x00000000080034a8                xPortSysTickHandler
 .text.vPortSetupTimerInterrupt
                0x00000000080034e8       0x48 Middlewares/Third_Party/FreeRTOS/Source/portable/GCC/ARM_CM4F/port.o
                0x00000000080034e8                vPortSetupTimerInterrupt
 .text.vPortEnableVFP
                0x0000000008003530       0x14 Middlewares/Third_Party/FreeRTOS/Source/portable/GCC/ARM_CM4F/port.o
 .text.pvPortMalloc
                0x0000000008003544      0x184 Middlewares/Third_Party/FreeRTOS/Source/portable/MemMang/heap_4.o
                0x0000000008003544                pvPortMalloc
 .text.vPortFree
                0x00000000080036c8       0xb0 Middlewares/Third_Party/FreeRTOS/Source/portable/MemMang/heap_4.o
                0x00000000080036c8                vPortFree
 .text.prvHeapInit
                0x0000000008003778       0xc4 Middlewares/Third_Party/FreeRTOS/Source/portable/MemMang/heap_4.o
 .text.prvInsertBlockIntoFreeList
                0x000000000800383c       0xb4 Middlewares/Third_Party/FreeRTOS/Source/portable/MemMang/heap_4.o
 .text.__errno  0x00000000080038f0        0xc c:/st/stm32cubeide_1.5.0/stm32cubeide/plugins/com.st.stm32cube.ide.mcu.externaltools.gnu-tools-for-stm32.7-2018-q2-update.win32_1.5.0.202011040924/tools/bin/../lib/gcc/arm-none-eabi/7.3.1/../../../../arm-none-eabi/lib/thumb/v7e-m/fpv4-sp/hard\libc_nano.a(lib_a-errno.o)
                0x00000000080038f0                __errno
 .text.__libc_init_array
                0x00000000080038fc       0x48 c:/st/stm32cubeide_1.5.0/stm32cubeide/plugins/com.st.stm32cube.ide.mcu.externaltools.gnu-tools-for-stm32.7-2018-q2-update.win32_1.5.0.202011040924/tools/bin/../lib/gcc/arm-none-eabi/7.3.1/../../../../arm-none-eabi/lib/thumb/v7e-m/fpv4-sp/hard\libc_nano.a(lib_a-init.o)
                0x00000000080038fc                __libc_init_array
 .text.memcpy   0x0000000008003944       0x16 c:/st/stm32cubeide_1.5.0/stm32cubeide/plugins/com.st.stm32cube.ide.mcu.externaltools.gnu-tools-for-stm32.7-2018-q2-update.win32_1.5.0.202011040924/tools/bin/../lib/gcc/arm-none-eabi/7.3.1/../../../../arm-none-eabi/lib/thumb/v7e-m/fpv4-sp/hard\libc_nano.a(lib_a-memcpy-stub.o)
                0x0000000008003944                memcpy
 .text.memset   0x000000000800395a       0x10 c:/st/stm32cubeide_1.5.0/stm32cubeide/plugins/com.st.stm32cube.ide.mcu.externaltools.gnu-tools-for-stm32.7-2018-q2-update.win32_1.5.0.202011040924/tools/bin/../lib/gcc/arm-none-eabi/7.3.1/../../../../arm-none-eabi/lib/thumb/v7e-m/fpv4-sp/hard\libc_nano.a(lib_a-memset.o)
                0x000000000800395a                memset
 *fill*         0x000000000800396a        0x2 
 .text.printf   0x000000000800396c       0x30 c:/st/stm32cubeide_1.5.0/stm32cubeide/plugins/com.st.stm32cube.ide.mcu.externaltools.gnu-tools-for-stm32.7-2018-q2-update.win32_1.5.0.202011040924/tools/bin/../lib/gcc/arm-none-eabi/7.3.1/../../../../arm-none-eabi/lib/thumb/v7e-m/fpv4-sp/hard\libc_nano.a(lib_a-printf.o)
                0x000000000800396c                iprintf
                0x000000000800396c                printf
 .text._puts_r  0x000000000800399c       0xb8 c:/st/stm32cubeide_1.5.0/stm32cubeide/plugins/com.st.stm32cube.ide.mcu.externaltools.gnu-tools-for-stm32.7-2018-q2-update.win32_1.5.0.202011040924/tools/bin/../lib/gcc/arm-none-eabi/7.3.1/../../../../arm-none-eabi/lib/thumb/v7e-m/fpv4-sp/hard\libc_nano.a(lib_a-puts.o)
                0x000000000800399c                _puts_r
 .text.puts     0x0000000008003a54       0x10 c:/st/stm32cubeide_1.5.0/stm32cubeide/plugins/com.st.stm32cube.ide.mcu.externaltools.gnu-tools-for-stm32.7-2018-q2-update.win32_1.5.0.202011040924/tools/bin/../lib/gcc/arm-none-eabi/7.3.1/../../../../arm-none-eabi/lib/thumb/v7e-m/fpv4-sp/hard\libc_nano.a(lib_a-puts.o)
                0x0000000008003a54                puts
 .text.__swbuf_r
                0x0000000008003a64       0xa4 c:/st/stm32cubeide_1.5.0/stm32cubeide/plugins/com.st.stm32cube.ide.mcu.externaltools.gnu-tools-for-stm32.7-2018-q2-update.win32_1.5.0.202011040924/tools/bin/../lib/gcc/arm-none-eabi/7.3.1/../../../../arm-none-eabi/lib/thumb/v7e-m/fpv4-sp/hard\libc_nano.a(lib_a-wbuf.o)
                0x0000000008003a64                __swbuf_r
 .text.__swsetup_r
                0x0000000008003b08       0xdc c:/st/stm32cubeide_1.5.0/stm32cubeide/plugins/com.st.stm32cube.ide.mcu.externaltools.gnu-tools-for-stm32.7-2018-q2-update.win32_1.5.0.202011040924/tools/bin/../lib/gcc/arm-none-eabi/7.3.1/../../../../arm-none-eabi/lib/thumb/v7e-m/fpv4-sp/hard\libc_nano.a(lib_a-wsetup.o)
                0x0000000008003b08                __swsetup_r
 .text.__sflush_r
                0x0000000008003be4      0x10c c:/st/stm32cubeide_1.5.0/stm32cubeide/plugins/com.st.stm32cube.ide.mcu.externaltools.gnu-tools-for-stm32.7-2018-q2-update.win32_1.5.0.202011040924/tools/bin/../lib/gcc/arm-none-eabi/7.3.1/../../../../arm-none-eabi/lib/thumb/v7e-m/fpv4-sp/hard\libc_nano.a(lib_a-fflush.o)
                0x0000000008003be4                __sflush_r
 .text._fflush_r
                0x0000000008003cf0       0x54 c:/st/stm32cubeide_1.5.0/stm32cubeide/plugins/com.st.stm32cube.ide.mcu.externaltools.gnu-tools-for-stm32.7-2018-q2-update.win32_1.5.0.202011040924/tools/bin/../lib/gcc/arm-none-eabi/7.3.1/../../../../arm-none-eabi/lib/thumb/v7e-m/fpv4-sp/hard\libc_nano.a(lib_a-fflush.o)
                0x0000000008003cf0                _fflush_r
 .text.std      0x0000000008003d44       0x48 c:/st/stm32cubeide_1.5.0/stm32cubeide/plugins/com.st.stm32cube.ide.mcu.externaltools.gnu-tools-for-stm32.7-2018-q2-update.win32_1.5.0.202011040924/tools/bin/../lib/gcc/arm-none-eabi/7.3.1/../../../../arm-none-eabi/lib/thumb/v7e-m/fpv4-sp/hard\libc_nano.a(lib_a-findfp.o)
 .text._cleanup_r
                0x0000000008003d8c        0xc c:/st/stm32cubeide_1.5.0/stm32cubeide/plugins/com.st.stm32cube.ide.mcu.externaltools.gnu-tools-for-stm32.7-2018-q2-update.win32_1.5.0.202011040924/tools/bin/../lib/gcc/arm-none-eabi/7.3.1/../../../../arm-none-eabi/lib/thumb/v7e-m/fpv4-sp/hard\libc_nano.a(lib_a-findfp.o)
                0x0000000008003d8c                _cleanup_r
 .text.__sfmoreglue
                0x0000000008003d98       0x2c c:/st/stm32cubeide_1.5.0/stm32cubeide/plugins/com.st.stm32cube.ide.mcu.externaltools.gnu-tools-for-stm32.7-2018-q2-update.win32_1.5.0.202011040924/tools/bin/../lib/gcc/arm-none-eabi/7.3.1/../../../../arm-none-eabi/lib/thumb/v7e-m/fpv4-sp/hard\libc_nano.a(lib_a-findfp.o)
                0x0000000008003d98                __sfmoreglue
 .text.__sinit  0x0000000008003dc4       0x60 c:/st/stm32cubeide_1.5.0/stm32cubeide/plugins/com.st.stm32cube.ide.mcu.externaltools.gnu-tools-for-stm32.7-2018-q2-update.win32_1.5.0.202011040924/tools/bin/../lib/gcc/arm-none-eabi/7.3.1/../../../../arm-none-eabi/lib/thumb/v7e-m/fpv4-sp/hard\libc_nano.a(lib_a-findfp.o)
                0x0000000008003dc4                __sinit
 .text.__sfp    0x0000000008003e24       0x78 c:/st/stm32cubeide_1.5.0/stm32cubeide/plugins/com.st.stm32cube.ide.mcu.externaltools.gnu-tools-for-stm32.7-2018-q2-update.win32_1.5.0.202011040924/tools/bin/../lib/gcc/arm-none-eabi/7.3.1/../../../../arm-none-eabi/lib/thumb/v7e-m/fpv4-sp/hard\libc_nano.a(lib_a-findfp.o)
                0x0000000008003e24                __sfp
 .text._fwalk_reent
                0x0000000008003e9c       0x3c c:/st/stm32cubeide_1.5.0/stm32cubeide/plugins/com.st.stm32cube.ide.mcu.externaltools.gnu-tools-for-stm32.7-2018-q2-update.win32_1.5.0.202011040924/tools/bin/../lib/gcc/arm-none-eabi/7.3.1/../../../../arm-none-eabi/lib/thumb/v7e-m/fpv4-sp/hard\libc_nano.a(lib_a-fwalk.o)
                0x0000000008003e9c                _fwalk_reent
 .text.__swhatbuf_r
                0x0000000008003ed8       0x48 c:/st/stm32cubeide_1.5.0/stm32cubeide/plugins/com.st.stm32cube.ide.mcu.externaltools.gnu-tools-for-stm32.7-2018-q2-update.win32_1.5.0.202011040924/tools/bin/../lib/gcc/arm-none-eabi/7.3.1/../../../../arm-none-eabi/lib/thumb/v7e-m/fpv4-sp/hard\libc_nano.a(lib_a-makebuf.o)
                0x0000000008003ed8                __swhatbuf_r
 .text.__smakebuf_r
                0x0000000008003f20       0x80 c:/st/stm32cubeide_1.5.0/stm32cubeide/plugins/com.st.stm32cube.ide.mcu.externaltools.gnu-tools-for-stm32.7-2018-q2-update.win32_1.5.0.202011040924/tools/bin/../lib/gcc/arm-none-eabi/7.3.1/../../../../arm-none-eabi/lib/thumb/v7e-m/fpv4-sp/hard\libc_nano.a(lib_a-makebuf.o)
                0x0000000008003f20                __smakebuf_r
 .text._free_r  0x0000000008003fa0       0x9c c:/st/stm32cubeide_1.5.0/stm32cubeide/plugins/com.st.stm32cube.ide.mcu.externaltools.gnu-tools-for-stm32.7-2018-q2-update.win32_1.5.0.202011040924/tools/bin/../lib/gcc/arm-none-eabi/7.3.1/../../../../arm-none-eabi/lib/thumb/v7e-m/fpv4-sp/hard\libc_nano.a(lib_a-nano-freer.o)
                0x0000000008003fa0                _free_r
 .text._malloc_r
                0x000000000800403c       0xb4 c:/st/stm32cubeide_1.5.0/stm32cubeide/plugins/com.st.stm32cube.ide.mcu.externaltools.gnu-tools-for-stm32.7-2018-q2-update.win32_1.5.0.202011040924/tools/bin/../lib/gcc/arm-none-eabi/7.3.1/../../../../arm-none-eabi/lib/thumb/v7e-m/fpv4-sp/hard\libc_nano.a(lib_a-nano-mallocr.o)
                0x000000000800403c                _malloc_r
 .text.__sfputc_r
                0x00000000080040f0       0x2e c:/st/stm32cubeide_1.5.0/stm32cubeide/plugins/com.st.stm32cube.ide.mcu.externaltools.gnu-tools-for-stm32.7-2018-q2-update.win32_1.5.0.202011040924/tools/bin/../lib/gcc/arm-none-eabi/7.3.1/../../../../arm-none-eabi/lib/thumb/v7e-m/fpv4-sp/hard\libc_nano.a(lib_a-nano-vfprintf.o)
 .text.__sfputs_r
                0x000000000800411e       0x24 c:/st/stm32cubeide_1.5.0/stm32cubeide/plugins/com.st.stm32cube.ide.mcu.externaltools.gnu-tools-for-stm32.7-2018-q2-update.win32_1.5.0.202011040924/tools/bin/../lib/gcc/arm-none-eabi/7.3.1/../../../../arm-none-eabi/lib/thumb/v7e-m/fpv4-sp/hard\libc_nano.a(lib_a-nano-vfprintf.o)
                0x000000000800411e                __sfputs_r
 *fill*         0x0000000008004142        0x2 
 .text._vfprintf_r
                0x0000000008004144      0x22c c:/st/stm32cubeide_1.5.0/stm32cubeide/plugins/com.st.stm32cube.ide.mcu.externaltools.gnu-tools-for-stm32.7-2018-q2-update.win32_1.5.0.202011040924/tools/bin/../lib/gcc/arm-none-eabi/7.3.1/../../../../arm-none-eabi/lib/thumb/v7e-m/fpv4-sp/hard\libc_nano.a(lib_a-nano-vfprintf.o)
                0x0000000008004144                _vfprintf_r
                0x0000000008004144                _vfiprintf_r
 .text._printf_common
                0x0000000008004370       0xea c:/st/stm32cubeide_1.5.0/stm32cubeide/plugins/com.st.stm32cube.ide.mcu.externaltools.gnu-tools-for-stm32.7-2018-q2-update.win32_1.5.0.202011040924/tools/bin/../lib/gcc/arm-none-eabi/7.3.1/../../../../arm-none-eabi/lib/thumb/v7e-m/fpv4-sp/hard\libc_nano.a(lib_a-nano-vfprintf_i.o)
                0x0000000008004370                _printf_common
 *fill*         0x000000000800445a        0x2 
 .text._printf_i
                0x000000000800445c      0x224 c:/st/stm32cubeide_1.5.0/stm32cubeide/plugins/com.st.stm32cube.ide.mcu.externaltools.gnu-tools-for-stm32.7-2018-q2-update.win32_1.5.0.202011040924/tools/bin/../lib/gcc/arm-none-eabi/7.3.1/../../../../arm-none-eabi/lib/thumb/v7e-m/fpv4-sp/hard\libc_nano.a(lib_a-nano-vfprintf_i.o)
                0x000000000800445c                _printf_i
 .text._sbrk_r  0x0000000008004680       0x20 c:/st/stm32cubeide_1.5.0/stm32cubeide/plugins/com.st.stm32cube.ide.mcu.externaltools.gnu-tools-for-stm32.7-2018-q2-update.win32_1.5.0.202011040924/tools/bin/../lib/gcc/arm-none-eabi/7.3.1/../../../../arm-none-eabi/lib/thumb/v7e-m/fpv4-sp/hard\libc_nano.a(lib_a-sbrkr.o)
                0x0000000008004680                _sbrk_r
 .text.__sread  0x00000000080046a0       0x22 c:/st/stm32cubeide_1.5.0/stm32cubeide/plugins/com.st.stm32cube.ide.mcu.externaltools.gnu-tools-for-stm32.7-2018-q2-update.win32_1.5.0.202011040924/tools/bin/../lib/gcc/arm-none-eabi/7.3.1/../../../../arm-none-eabi/lib/thumb/v7e-m/fpv4-sp/hard\libc_nano.a(lib_a-stdio.o)
                0x00000000080046a0                __sread
 .text.__swrite
                0x00000000080046c2       0x38 c:/st/stm32cubeide_1.5.0/stm32cubeide/plugins/com.st.stm32cube.ide.mcu.externaltools.gnu-tools-for-stm32.7-2018-q2-update.win32_1.5.0.202011040924/tools/bin/../lib/gcc/arm-none-eabi/7.3.1/../../../../arm-none-eabi/lib/thumb/v7e-m/fpv4-sp/hard\libc_nano.a(lib_a-stdio.o)
                0x00000000080046c2                __swrite
 .text.__sseek  0x00000000080046fa       0x24 c:/st/stm32cubeide_1.5.0/stm32cubeide/plugins/com.st.stm32cube.ide.mcu.externaltools.gnu-tools-for-stm32.7-2018-q2-update.win32_1.5.0.202011040924/tools/bin/../lib/gcc/arm-none-eabi/7.3.1/../../../../arm-none-eabi/lib/thumb/v7e-m/fpv4-sp/hard\libc_nano.a(lib_a-stdio.o)
                0x00000000080046fa                __sseek
 .text.__sclose
                0x000000000800471e        0x8 c:/st/stm32cubeide_1.5.0/stm32cubeide/plugins/com.st.stm32cube.ide.mcu.externaltools.gnu-tools-for-stm32.7-2018-q2-update.win32_1.5.0.202011040924/tools/bin/../lib/gcc/arm-none-eabi/7.3.1/../../../../arm-none-eabi/lib/thumb/v7e-m/fpv4-sp/hard\libc_nano.a(lib_a-stdio.o)
                0x000000000800471e                __sclose
 *fill*         0x0000000008004726        0x2 
 .text._write_r
                0x0000000008004728       0x24 c:/st/stm32cubeide_1.5.0/stm32cubeide/plugins/com.st.stm32cube.ide.mcu.externaltools.gnu-tools-for-stm32.7-2018-q2-update.win32_1.5.0.202011040924/tools/bin/../lib/gcc/arm-none-eabi/7.3.1/../../../../arm-none-eabi/lib/thumb/v7e-m/fpv4-sp/hard\libc_nano.a(lib_a-writer.o)
                0x0000000008004728                _write_r
 .text._close_r
                0x000000000800474c       0x20 c:/st/stm32cubeide_1.5.0/stm32cubeide/plugins/com.st.stm32cube.ide.mcu.externaltools.gnu-tools-for-stm32.7-2018-q2-update.win32_1.5.0.202011040924/tools/bin/../lib/gcc/arm-none-eabi/7.3.1/../../../../arm-none-eabi/lib/thumb/v7e-m/fpv4-sp/hard\libc_nano.a(lib_a-closer.o)
                0x000000000800474c                _close_r
 .text._fstat_r
                0x000000000800476c       0x24 c:/st/stm32cubeide_1.5.0/stm32cubeide/plugins/com.st.stm32cube.ide.mcu.externaltools.gnu-tools-for-stm32.7-2018-q2-update.win32_1.5.0.202011040924/tools/bin/../lib/gcc/arm-none-eabi/7.3.1/../../../../arm-none-eabi/lib/thumb/v7e-m/fpv4-sp/hard\libc_nano.a(lib_a-fstatr.o)
                0x000000000800476c                _fstat_r
 .text._isatty_r
                0x0000000008004790       0x20 c:/st/stm32cubeide_1.5.0/stm32cubeide/plugins/com.st.stm32cube.ide.mcu.externaltools.gnu-tools-for-stm32.7-2018-q2-update.win32_1.5.0.202011040924/tools/bin/../lib/gcc/arm-none-eabi/7.3.1/../../../../arm-none-eabi/lib/thumb/v7e-m/fpv4-sp/hard\libc_nano.a(lib_a-isattyr.o)
                0x0000000008004790                _isatty_r
 .text._lseek_r
                0x00000000080047b0       0x24 c:/st/stm32cubeide_1.5.0/stm32cubeide/plugins/com.st.stm32cube.ide.mcu.externaltools.gnu-tools-for-stm32.7-2018-q2-update.win32_1.5.0.202011040924/tools/bin/../lib/gcc/arm-none-eabi/7.3.1/../../../../arm-none-eabi/lib/thumb/v7e-m/fpv4-sp/hard\libc_nano.a(lib_a-lseekr.o)
                0x00000000080047b0                _lseek_r
 .text.__malloc_lock
                0x00000000080047d4        0x2 c:/st/stm32cubeide_1.5.0/stm32cubeide/plugins/com.st.stm32cube.ide.mcu.externaltools.gnu-tools-for-stm32.7-2018-q2-update.win32_1.5.0.202011040924/tools/bin/../lib/gcc/arm-none-eabi/7.3.1/../../../../arm-none-eabi/lib/thumb/v7e-m/fpv4-sp/hard\libc_nano.a(lib_a-mlock.o)
                0x00000000080047d4                __malloc_lock
 .text.__malloc_unlock
                0x00000000080047d6        0x2 c:/st/stm32cubeide_1.5.0/stm32cubeide/plugins/com.st.stm32cube.ide.mcu.externaltools.gnu-tools-for-stm32.7-2018-q2-update.win32_1.5.0.202011040924/tools/bin/../lib/gcc/arm-none-eabi/7.3.1/../../../../arm-none-eabi/lib/thumb/v7e-m/fpv4-sp/hard\libc_nano.a(lib_a-mlock.o)
                0x00000000080047d6                __malloc_unlock
 .text._read_r  0x00000000080047d8       0x24 c:/st/stm32cubeide_1.5.0/stm32cubeide/plugins/com.st.stm32cube.ide.mcu.externaltools.gnu-tools-for-stm32.7-2018-q2-update.win32_1.5.0.202011040924/tools/bin/../lib/gcc/arm-none-eabi/7.3.1/../../../../arm-none-eabi/lib/thumb/v7e-m/fpv4-sp/hard\libc_nano.a(lib_a-readr.o)
                0x00000000080047d8                _read_r
 *(.glue_7)
 .glue_7        0x00000000080047fc        0x0 linker stubs
 *(.glue_7t)
 .glue_7t       0x00000000080047fc        0x0 linker stubs
 *(.eh_frame)
 .eh_frame      0x00000000080047fc        0x0 c:/st/stm32cubeide_1.5.0/stm32cubeide/plugins/com.st.stm32cube.ide.mcu.externaltools.gnu-tools-for-stm32.7-2018-q2-update.win32_1.5.0.202011040924/tools/bin/../lib/gcc/arm-none-eabi/7.3.1/thumb/v7e-m/fpv4-sp/hard/crtbegin.o
 *(.init)
 .init          0x00000000080047fc        0x4 c:/st/stm32cubeide_1.5.0/stm32cubeide/plugins/com.st.stm32cube.ide.mcu.externaltools.gnu-tools-for-stm32.7-2018-q2-update.win32_1.5.0.202011040924/tools/bin/../lib/gcc/arm-none-eabi/7.3.1/thumb/v7e-m/fpv4-sp/hard/crti.o
                0x00000000080047fc                _init
 .init          0x0000000008004800        0x8 c:/st/stm32cubeide_1.5.0/stm32cubeide/plugins/com.st.stm32cube.ide.mcu.externaltools.gnu-tools-for-stm32.7-2018-q2-update.win32_1.5.0.202011040924/tools/bin/../lib/gcc/arm-none-eabi/7.3.1/thumb/v7e-m/fpv4-sp/hard/crtn.o
 *(.fini)
 .fini          0x0000000008004808        0x4 c:/st/stm32cubeide_1.5.0/stm32cubeide/plugins/com.st.stm32cube.ide.mcu.externaltools.gnu-tools-for-stm32.7-2018-q2-update.win32_1.5.0.202011040924/tools/bin/../lib/gcc/arm-none-eabi/7.3.1/thumb/v7e-m/fpv4-sp/hard/crti.o
                0x0000000008004808                _fini
 .fini          0x000000000800480c        0x8 c:/st/stm32cubeide_1.5.0/stm32cubeide/plugins/com.st.stm32cube.ide.mcu.externaltools.gnu-tools-for-stm32.7-2018-q2-update.win32_1.5.0.202011040924/tools/bin/../lib/gcc/arm-none-eabi/7.3.1/thumb/v7e-m/fpv4-sp/hard/crtn.o
                0x0000000008004814                . = ALIGN (0x4)
                0x0000000008004814                _etext = .

.vfp11_veneer   0x0000000008004814        0x0
 .vfp11_veneer  0x0000000008004814        0x0 linker stubs

.v4_bx          0x0000000008004814        0x0
 .v4_bx         0x0000000008004814        0x0 linker stubs

.iplt           0x0000000008004814        0x0
 .iplt          0x0000000008004814        0x0 c:/st/stm32cubeide_1.5.0/stm32cubeide/plugins/com.st.stm32cube.ide.mcu.externaltools.gnu-tools-for-stm32.7-2018-q2-update.win32_1.5.0.202011040924/tools/bin/../lib/gcc/arm-none-eabi/7.3.1/thumb/v7e-m/fpv4-sp/hard/crtbegin.o

.rodata         0x0000000008004814      0x13c
                0x0000000008004814                . = ALIGN (0x4)
 *(.rodata)
 .rodata        0x0000000008004814       0x8b Core/Src/main.o
 *fill*         0x000000000800489f        0x1 
 .rodata        0x00000000080048a0        0x5 Middlewares/Third_Party/FreeRTOS/Source/tasks.o
 *(.rodata*)
 *fill*         0x00000000080048a5        0x3 
 .rodata.AHBPrescTable
                0x00000000080048a8       0x10 Core/Src/system_stm32f4xx.o
                0x00000000080048a8                AHBPrescTable
 .rodata._global_impure_ptr
                0x00000000080048b8        0x4 c:/st/stm32cubeide_1.5.0/stm32cubeide/plugins/com.st.stm32cube.ide.mcu.externaltools.gnu-tools-for-stm32.7-2018-q2-update.win32_1.5.0.202011040924/tools/bin/../lib/gcc/arm-none-eabi/7.3.1/../../../../arm-none-eabi/lib/thumb/v7e-m/fpv4-sp/hard\libc_nano.a(lib_a-impure.o)
                0x00000000080048b8                _global_impure_ptr
 .rodata.__sf_fake_stderr
                0x00000000080048bc       0x20 c:/st/stm32cubeide_1.5.0/stm32cubeide/plugins/com.st.stm32cube.ide.mcu.externaltools.gnu-tools-for-stm32.7-2018-q2-update.win32_1.5.0.202011040924/tools/bin/../lib/gcc/arm-none-eabi/7.3.1/../../../../arm-none-eabi/lib/thumb/v7e-m/fpv4-sp/hard\libc_nano.a(lib_a-findfp.o)
                0x00000000080048bc                __sf_fake_stderr
 .rodata.__sf_fake_stdin
                0x00000000080048dc       0x20 c:/st/stm32cubeide_1.5.0/stm32cubeide/plugins/com.st.stm32cube.ide.mcu.externaltools.gnu-tools-for-stm32.7-2018-q2-update.win32_1.5.0.202011040924/tools/bin/../lib/gcc/arm-none-eabi/7.3.1/../../../../arm-none-eabi/lib/thumb/v7e-m/fpv4-sp/hard\libc_nano.a(lib_a-findfp.o)
                0x00000000080048dc                __sf_fake_stdin
 .rodata.__sf_fake_stdout
                0x00000000080048fc       0x20 c:/st/stm32cubeide_1.5.0/stm32cubeide/plugins/com.st.stm32cube.ide.mcu.externaltools.gnu-tools-for-stm32.7-2018-q2-update.win32_1.5.0.202011040924/tools/bin/../lib/gcc/arm-none-eabi/7.3.1/../../../../arm-none-eabi/lib/thumb/v7e-m/fpv4-sp/hard\libc_nano.a(lib_a-findfp.o)
                0x00000000080048fc                __sf_fake_stdout
 .rodata._vfprintf_r.str1.1
                0x000000000800491c       0x11 c:/st/stm32cubeide_1.5.0/stm32cubeide/plugins/com.st.stm32cube.ide.mcu.externaltools.gnu-tools-for-stm32.7-2018-q2-update.win32_1.5.0.202011040924/tools/bin/../lib/gcc/arm-none-eabi/7.3.1/../../../../arm-none-eabi/lib/thumb/v7e-m/fpv4-sp/hard\libc_nano.a(lib_a-nano-vfprintf.o)
 .rodata._printf_i.str1.1
                0x000000000800492d       0x22 c:/st/stm32cubeide_1.5.0/stm32cubeide/plugins/com.st.stm32cube.ide.mcu.externaltools.gnu-tools-for-stm32.7-2018-q2-update.win32_1.5.0.202011040924/tools/bin/../lib/gcc/arm-none-eabi/7.3.1/../../../../arm-none-eabi/lib/thumb/v7e-m/fpv4-sp/hard\libc_nano.a(lib_a-nano-vfprintf_i.o)
                0x0000000008004950                . = ALIGN (0x4)
 *fill*         0x000000000800494f        0x1 

.ARM.extab      0x0000000008004950        0x0
                0x0000000008004950                . = ALIGN (0x4)
 *(.ARM.extab* .gnu.linkonce.armextab.*)
                0x0000000008004950                . = ALIGN (0x4)

.ARM            0x0000000008004950        0x8
                0x0000000008004950                . = ALIGN (0x4)
                0x0000000008004950                __exidx_start = .
 *(.ARM.exidx*)
 .ARM.exidx     0x0000000008004950        0x8 c:/st/stm32cubeide_1.5.0/stm32cubeide/plugins/com.st.stm32cube.ide.mcu.externaltools.gnu-tools-for-stm32.7-2018-q2-update.win32_1.5.0.202011040924/tools/bin/../lib/gcc/arm-none-eabi/7.3.1/thumb/v7e-m/fpv4-sp/hard\libgcc.a(_udivmoddi4.o)
                0x0000000008004958                __exidx_end = .
                0x0000000008004958                . = ALIGN (0x4)

.rel.dyn        0x0000000008004958        0x0
 .rel.iplt      0x0000000008004958        0x0 c:/st/stm32cubeide_1.5.0/stm32cubeide/plugins/com.st.stm32cube.ide.mcu.externaltools.gnu-tools-for-stm32.7-2018-q2-update.win32_1.5.0.202011040924/tools/bin/../lib/gcc/arm-none-eabi/7.3.1/thumb/v7e-m/fpv4-sp/hard/crtbegin.o

.preinit_array  0x0000000008004958        0x0
                0x0000000008004958                . = ALIGN (0x4)
                0x0000000008004958                PROVIDE (__preinit_array_start = .)
 *(.preinit_array*)
                0x0000000008004958                PROVIDE (__preinit_array_end = .)
                0x0000000008004958                . = ALIGN (0x4)

.init_array     0x0000000008004958        0x4
                0x0000000008004958                . = ALIGN (0x4)
                0x0000000008004958                PROVIDE (__init_array_start = .)
 *(SORT_BY_NAME(.init_array.*))
 *(.init_array*)
 .init_array    0x0000000008004958        0x4 c:/st/stm32cubeide_1.5.0/stm32cubeide/plugins/com.st.stm32cube.ide.mcu.externaltools.gnu-tools-for-stm32.7-2018-q2-update.win32_1.5.0.202011040924/tools/bin/../lib/gcc/arm-none-eabi/7.3.1/thumb/v7e-m/fpv4-sp/hard/crtbegin.o
                0x000000000800495c                PROVIDE (__init_array_end = .)
                0x000000000800495c                . = ALIGN (0x4)

.fini_array     0x000000000800495c        0x4
                0x000000000800495c                . = ALIGN (0x4)
                [!provide]                        PROVIDE (__fini_array_start = .)
 *(SORT_BY_NAME(.fini_array.*))
 *(.fini_array*)
 .fini_array    0x000000000800495c        0x4 c:/st/stm32cubeide_1.5.0/stm32cubeide/plugins/com.st.stm32cube.ide.mcu.externaltools.gnu-tools-for-stm32.7-2018-q2-update.win32_1.5.0.202011040924/tools/bin/../lib/gcc/arm-none-eabi/7.3.1/thumb/v7e-m/fpv4-sp/hard/crtbegin.o
                [!provide]                        PROVIDE (__fini_array_end = .)
                0x0000000008004960                . = ALIGN (0x4)
                0x0000000008004960                _sidata = LOADADDR (.data)

.data           0x0000000020000000       0x74 load address 0x0000000008004960
                0x0000000020000000                . = ALIGN (0x4)
                0x0000000020000000                _sdata = .
 *(.data)
 *(.data*)
 .data.SystemCoreClock
                0x0000000020000000        0x4 Core/Src/system_stm32f4xx.o
                0x0000000020000000                SystemCoreClock
 .data.uwTickPrio
                0x0000000020000004        0x4 Drivers/STM32F4xx_HAL_Driver/Src/stm32f4xx_hal.o
                0x0000000020000004                uwTickPrio
 .data.uwTickFreq
                0x0000000020000008        0x1 Drivers/STM32F4xx_HAL_Driver/Src/stm32f4xx_hal.o
                0x0000000020000008                uwTickFreq
 *fill*         0x0000000020000009        0x3 
 .data.uxCriticalNesting
                0x000000002000000c        0x4 Middlewares/Third_Party/FreeRTOS/Source/portable/GCC/ARM_CM4F/port.o
 .data._impure_ptr
                0x0000000020000010        0x4 c:/st/stm32cubeide_1.5.0/stm32cubeide/plugins/com.st.stm32cube.ide.mcu.externaltools.gnu-tools-for-stm32.7-2018-q2-update.win32_1.5.0.202011040924/tools/bin/../lib/gcc/arm-none-eabi/7.3.1/../../../../arm-none-eabi/lib/thumb/v7e-m/fpv4-sp/hard\libc_nano.a(lib_a-impure.o)
                0x0000000020000010                _impure_ptr
 .data.impure_data
                0x0000000020000014       0x60 c:/st/stm32cubeide_1.5.0/stm32cubeide/plugins/com.st.stm32cube.ide.mcu.externaltools.gnu-tools-for-stm32.7-2018-q2-update.win32_1.5.0.202011040924/tools/bin/../lib/gcc/arm-none-eabi/7.3.1/../../../../arm-none-eabi/lib/thumb/v7e-m/fpv4-sp/hard\libc_nano.a(lib_a-impure.o)
 *(.RamFunc)
 *(.RamFunc*)
                0x0000000020000074                . = ALIGN (0x4)
                0x0000000020000074                _edata = .

.igot.plt       0x0000000020000074        0x0 load address 0x00000000080049d4
 .igot.plt      0x0000000020000074        0x0 c:/st/stm32cubeide_1.5.0/stm32cubeide/plugins/com.st.stm32cube.ide.mcu.externaltools.gnu-tools-for-stm32.7-2018-q2-update.win32_1.5.0.202011040924/tools/bin/../lib/gcc/arm-none-eabi/7.3.1/thumb/v7e-m/fpv4-sp/hard/crtbegin.o
                0x0000000020000074                . = ALIGN (0x4)

.bss            0x0000000020000074     0x3fd8 load address 0x00000000080049d4
                0x0000000020000074                _sbss = .
                0x0000000020000074                __bss_start__ = _sbss
 *(.bss)
 .bss           0x0000000020000074       0x1c c:/st/stm32cubeide_1.5.0/stm32cubeide/plugins/com.st.stm32cube.ide.mcu.externaltools.gnu-tools-for-stm32.7-2018-q2-update.win32_1.5.0.202011040924/tools/bin/../lib/gcc/arm-none-eabi/7.3.1/thumb/v7e-m/fpv4-sp/hard/crtbegin.o
 *(.bss*)
 .bss.xIdleTaskTCBBuffer
                0x0000000020000090       0x54 Core/Src/freertos.o
 .bss.xIdleStack
                0x00000000200000e4      0x200 Core/Src/freertos.o
 .bss.__sbrk_heap_end
                0x00000000200002e4        0x4 Core/Src/sysmem.o
 .bss.pxCurrentTCB
                0x00000000200002e8        0x4 Middlewares/Third_Party/FreeRTOS/Source/tasks.o
                0x00000000200002e8                pxCurrentTCB
 .bss.pxReadyTasksLists
                0x00000000200002ec       0x8c Middlewares/Third_Party/FreeRTOS/Source/tasks.o
 .bss.xDelayedTaskList1
                0x0000000020000378       0x14 Middlewares/Third_Party/FreeRTOS/Source/tasks.o
 .bss.xDelayedTaskList2
                0x000000002000038c       0x14 Middlewares/Third_Party/FreeRTOS/Source/tasks.o
 .bss.pxDelayedTaskList
                0x00000000200003a0        0x4 Middlewares/Third_Party/FreeRTOS/Source/tasks.o
 .bss.pxOverflowDelayedTaskList
                0x00000000200003a4        0x4 Middlewares/Third_Party/FreeRTOS/Source/tasks.o
 .bss.xPendingReadyList
                0x00000000200003a8       0x14 Middlewares/Third_Party/FreeRTOS/Source/tasks.o
 .bss.xTasksWaitingTermination
                0x00000000200003bc       0x14 Middlewares/Third_Party/FreeRTOS/Source/tasks.o
 .bss.uxDeletedTasksWaitingCleanUp
                0x00000000200003d0        0x4 Middlewares/Third_Party/FreeRTOS/Source/tasks.o
 .bss.xSuspendedTaskList
                0x00000000200003d4       0x14 Middlewares/Third_Party/FreeRTOS/Source/tasks.o
 .bss.uxCurrentNumberOfTasks
                0x00000000200003e8        0x4 Middlewares/Third_Party/FreeRTOS/Source/tasks.o
 .bss.xTickCount
                0x00000000200003ec        0x4 Middlewares/Third_Party/FreeRTOS/Source/tasks.o
 .bss.uxTopReadyPriority
                0x00000000200003f0        0x4 Middlewares/Third_Party/FreeRTOS/Source/tasks.o
 .bss.xSchedulerRunning
                0x00000000200003f4        0x4 Middlewares/Third_Party/FreeRTOS/Source/tasks.o
 .bss.uxPendedTicks
                0x00000000200003f8        0x4 Middlewares/Third_Party/FreeRTOS/Source/tasks.o
 .bss.xYieldPending
                0x00000000200003fc        0x4 Middlewares/Third_Party/FreeRTOS/Source/tasks.o
 .bss.xNumOfOverflows
                0x0000000020000400        0x4 Middlewares/Third_Party/FreeRTOS/Source/tasks.o
 .bss.uxTaskNumber
                0x0000000020000404        0x4 Middlewares/Third_Party/FreeRTOS/Source/tasks.o
 .bss.xNextTaskUnblockTime
                0x0000000020000408        0x4 Middlewares/Third_Party/FreeRTOS/Source/tasks.o
 .bss.xIdleTaskHandle
                0x000000002000040c        0x4 Middlewares/Third_Party/FreeRTOS/Source/tasks.o
 .bss.uxSchedulerSuspended
                0x0000000020000410        0x4 Middlewares/Third_Party/FreeRTOS/Source/tasks.o
 .bss.ucMaxSysCallPriority
                0x0000000020000414        0x1 Middlewares/Third_Party/FreeRTOS/Source/portable/GCC/ARM_CM4F/port.o
 *fill*         0x0000000020000415        0x3 
 .bss.ulMaxPRIGROUPValue
                0x0000000020000418        0x4 Middlewares/Third_Party/FreeRTOS/Source/portable/GCC/ARM_CM4F/port.o
 .bss.ucHeap    0x000000002000041c     0x3c00 Middlewares/Third_Party/FreeRTOS/Source/portable/MemMang/heap_4.o
 .bss.xStart    0x000000002000401c        0x8 Middlewares/Third_Party/FreeRTOS/Source/portable/MemMang/heap_4.o
 .bss.pxEnd     0x0000000020004024        0x4 Middlewares/Third_Party/FreeRTOS/Source/portable/MemMang/heap_4.o
 .bss.xFreeBytesRemaining
                0x0000000020004028        0x4 Middlewares/Third_Party/FreeRTOS/Source/portable/MemMang/heap_4.o
 .bss.xMinimumEverFreeBytesRemaining
                0x000000002000402c        0x4 Middlewares/Third_Party/FreeRTOS/Source/portable/MemMang/heap_4.o
 .bss.xBlockAllocatedBit
                0x0000000020004030        0x4 Middlewares/Third_Party/FreeRTOS/Source/portable/MemMang/heap_4.o
 .bss.__malloc_free_list
                0x0000000020004034        0x4 c:/st/stm32cubeide_1.5.0/stm32cubeide/plugins/com.st.stm32cube.ide.mcu.externaltools.gnu-tools-for-stm32.7-2018-q2-update.win32_1.5.0.202011040924/tools/bin/../lib/gcc/arm-none-eabi/7.3.1/../../../../arm-none-eabi/lib/thumb/v7e-m/fpv4-sp/hard\libc_nano.a(lib_a-nano-mallocr.o)
                0x0000000020004034                __malloc_free_list
 .bss.__malloc_sbrk_start
                0x0000000020004038        0x4 c:/st/stm32cubeide_1.5.0/stm32cubeide/plugins/com.st.stm32cube.ide.mcu.externaltools.gnu-tools-for-stm32.7-2018-q2-update.win32_1.5.0.202011040924/tools/bin/../lib/gcc/arm-none-eabi/7.3.1/../../../../arm-none-eabi/lib/thumb/v7e-m/fpv4-sp/hard\libc_nano.a(lib_a-nano-mallocr.o)
                0x0000000020004038                __malloc_sbrk_start
 *(COMMON)
 COMMON         0x000000002000403c        0x8 Core/Src/main.o
                0x000000002000403c                rx
                0x0000000020004040                tx
 COMMON         0x0000000020004044        0x4 Drivers/STM32F4xx_HAL_Driver/Src/stm32f4xx_hal.o
                0x0000000020004044                uwTick
 COMMON         0x0000000020004048        0x4 c:/st/stm32cubeide_1.5.0/stm32cubeide/plugins/com.st.stm32cube.ide.mcu.externaltools.gnu-tools-for-stm32.7-2018-q2-update.win32_1.5.0.202011040924/tools/bin/../lib/gcc/arm-none-eabi/7.3.1/../../../../arm-none-eabi/lib/thumb/v7e-m/fpv4-sp/hard\libc_nano.a(lib_a-reent.o)
                0x0000000020004048                errno
                0x000000002000404c                . = ALIGN (0x4)
                0x000000002000404c                _ebss = .
                0x000000002000404c                __bss_end__ = _ebss

._user_heap_stack
                0x000000002000404c      0x604 load address 0x00000000080049d4
                0x0000000020004050                . = ALIGN (0x8)
 *fill*         0x000000002000404c        0x4 
                [!provide]                        PROVIDE (end = .)
                0x0000000020004050                PROVIDE (_end = .)
                0x0000000020004250                . = (. + _Min_Heap_Size)
 *fill*         0x0000000020004050      0x200 
                0x0000000020004650                . = (. + _Min_Stack_Size)
 *fill*         0x0000000020004250      0x400 
                0x0000000020004650                . = ALIGN (0x8)

/DISCARD/
 libc.a(*)
 libm.a(*)
 libgcc.a(*)

.ARM.attributes
                0x0000000000000000       0x30
 *(.ARM.attributes)
 .ARM.attributes
                0x0000000000000000       0x22 c:/st/stm32cubeide_1.5.0/stm32cubeide/plugins/com.st.stm32cube.ide.mcu.externaltools.gnu-tools-for-stm32.7-2018-q2-update.win32_1.5.0.202011040924/tools/bin/../lib/gcc/arm-none-eabi/7.3.1/thumb/v7e-m/fpv4-sp/hard/crti.o
 .ARM.attributes
                0x0000000000000022       0x34 c:/st/stm32cubeide_1.5.0/stm32cubeide/plugins/com.st.stm32cube.ide.mcu.externaltools.gnu-tools-for-stm32.7-2018-q2-update.win32_1.5.0.202011040924/tools/bin/../lib/gcc/arm-none-eabi/7.3.1/thumb/v7e-m/fpv4-sp/hard/crtbegin.o
 .ARM.attributes
                0x0000000000000056       0x39 Core/Src/freertos.o
 .ARM.attributes
                0x000000000000008f       0x39 Core/Src/main.o
 .ARM.attributes
                0x00000000000000c8       0x39 Core/Src/stm32f4xx_hal_msp.o
 .ARM.attributes
                0x0000000000000101       0x39 Core/Src/stm32f4xx_it.o
 .ARM.attributes
                0x000000000000013a       0x39 Core/Src/syscalls.o
 .ARM.attributes
                0x0000000000000173       0x39 Core/Src/sysmem.o
 .ARM.attributes
                0x00000000000001ac       0x39 Core/Src/system_stm32f4xx.o
 .ARM.attributes
                0x00000000000001e5       0x21 Core/Startup/startup_stm32f407vgtx.o
 .ARM.attributes
                0x0000000000000206       0x39 Drivers/STM32F4xx_HAL_Driver/Src/stm32f4xx_hal.o
 .ARM.attributes
                0x000000000000023f       0x39 Drivers/STM32F4xx_HAL_Driver/Src/stm32f4xx_hal_cortex.o
 .ARM.attributes
                0x0000000000000278       0x39 Drivers/STM32F4xx_HAL_Driver/Src/stm32f4xx_hal_gpio.o
 .ARM.attributes
                0x00000000000002b1       0x39 Drivers/STM32F4xx_HAL_Driver/Src/stm32f4xx_hal_rcc.o
 .ARM.attributes
                0x00000000000002ea       0x39 Middlewares/Third_Party/FreeRTOS/Source/list.o
 .ARM.attributes
                0x0000000000000323       0x39 Middlewares/Third_Party/FreeRTOS/Source/stream_buffer.o
 .ARM.attributes
                0x000000000000035c       0x39 Middlewares/Third_Party/FreeRTOS/Source/tasks.o
 .ARM.attributes
                0x0000000000000395       0x39 Middlewares/Third_Party/FreeRTOS/Source/portable/GCC/ARM_CM4F/port.o
 .ARM.attributes
                0x00000000000003ce       0x39 Middlewares/Third_Party/FreeRTOS/Source/portable/MemMang/heap_4.o
 .ARM.attributes
                0x0000000000000407       0x34 c:/st/stm32cubeide_1.5.0/stm32cubeide/plugins/com.st.stm32cube.ide.mcu.externaltools.gnu-tools-for-stm32.7-2018-q2-update.win32_1.5.0.202011040924/tools/bin/../lib/gcc/arm-none-eabi/7.3.1/../../../../arm-none-eabi/lib/thumb/v7e-m/fpv4-sp/hard\libc_nano.a(lib_a-errno.o)
 .ARM.attributes
                0x000000000000043b       0x34 c:/st/stm32cubeide_1.5.0/stm32cubeide/plugins/com.st.stm32cube.ide.mcu.externaltools.gnu-tools-for-stm32.7-2018-q2-update.win32_1.5.0.202011040924/tools/bin/../lib/gcc/arm-none-eabi/7.3.1/../../../../arm-none-eabi/lib/thumb/v7e-m/fpv4-sp/hard\libc_nano.a(lib_a-impure.o)
 .ARM.attributes
                0x000000000000046f       0x34 c:/st/stm32cubeide_1.5.0/stm32cubeide/plugins/com.st.stm32cube.ide.mcu.externaltools.gnu-tools-for-stm32.7-2018-q2-update.win32_1.5.0.202011040924/tools/bin/../lib/gcc/arm-none-eabi/7.3.1/../../../../arm-none-eabi/lib/thumb/v7e-m/fpv4-sp/hard\libc_nano.a(lib_a-init.o)
 .ARM.attributes
                0x00000000000004a3       0x34 c:/st/stm32cubeide_1.5.0/stm32cubeide/plugins/com.st.stm32cube.ide.mcu.externaltools.gnu-tools-for-stm32.7-2018-q2-update.win32_1.5.0.202011040924/tools/bin/../lib/gcc/arm-none-eabi/7.3.1/../../../../arm-none-eabi/lib/thumb/v7e-m/fpv4-sp/hard\libc_nano.a(lib_a-memcpy-stub.o)
 .ARM.attributes
                0x00000000000004d7       0x34 c:/st/stm32cubeide_1.5.0/stm32cubeide/plugins/com.st.stm32cube.ide.mcu.externaltools.gnu-tools-for-stm32.7-2018-q2-update.win32_1.5.0.202011040924/tools/bin/../lib/gcc/arm-none-eabi/7.3.1/../../../../arm-none-eabi/lib/thumb/v7e-m/fpv4-sp/hard\libc_nano.a(lib_a-memset.o)
 .ARM.attributes
                0x000000000000050b       0x34 c:/st/stm32cubeide_1.5.0/stm32cubeide/plugins/com.st.stm32cube.ide.mcu.externaltools.gnu-tools-for-stm32.7-2018-q2-update.win32_1.5.0.202011040924/tools/bin/../lib/gcc/arm-none-eabi/7.3.1/../../../../arm-none-eabi/lib/thumb/v7e-m/fpv4-sp/hard\libc_nano.a(lib_a-printf.o)
 .ARM.attributes
                0x000000000000053f       0x34 c:/st/stm32cubeide_1.5.0/stm32cubeide/plugins/com.st.stm32cube.ide.mcu.externaltools.gnu-tools-for-stm32.7-2018-q2-update.win32_1.5.0.202011040924/tools/bin/../lib/gcc/arm-none-eabi/7.3.1/../../../../arm-none-eabi/lib/thumb/v7e-m/fpv4-sp/hard\libc_nano.a(lib_a-puts.o)
 .ARM.attributes
                0x0000000000000573       0x34 c:/st/stm32cubeide_1.5.0/stm32cubeide/plugins/com.st.stm32cube.ide.mcu.externaltools.gnu-tools-for-stm32.7-2018-q2-update.win32_1.5.0.202011040924/tools/bin/../lib/gcc/arm-none-eabi/7.3.1/../../../../arm-none-eabi/lib/thumb/v7e-m/fpv4-sp/hard\libc_nano.a(lib_a-wbuf.o)
 .ARM.attributes
                0x00000000000005a7       0x34 c:/st/stm32cubeide_1.5.0/stm32cubeide/plugins/com.st.stm32cube.ide.mcu.externaltools.gnu-tools-for-stm32.7-2018-q2-update.win32_1.5.0.202011040924/tools/bin/../lib/gcc/arm-none-eabi/7.3.1/../../../../arm-none-eabi/lib/thumb/v7e-m/fpv4-sp/hard\libc_nano.a(lib_a-wsetup.o)
 .ARM.attributes
                0x00000000000005db       0x34 c:/st/stm32cubeide_1.5.0/stm32cubeide/plugins/com.st.stm32cube.ide.mcu.externaltools.gnu-tools-for-stm32.7-2018-q2-update.win32_1.5.0.202011040924/tools/bin/../lib/gcc/arm-none-eabi/7.3.1/../../../../arm-none-eabi/lib/thumb/v7e-m/fpv4-sp/hard\libc_nano.a(lib_a-fflush.o)
 .ARM.attributes
                0x000000000000060f       0x34 c:/st/stm32cubeide_1.5.0/stm32cubeide/plugins/com.st.stm32cube.ide.mcu.externaltools.gnu-tools-for-stm32.7-2018-q2-update.win32_1.5.0.202011040924/tools/bin/../lib/gcc/arm-none-eabi/7.3.1/../../../../arm-none-eabi/lib/thumb/v7e-m/fpv4-sp/hard\libc_nano.a(lib_a-findfp.o)
 .ARM.attributes
                0x0000000000000643       0x34 c:/st/stm32cubeide_1.5.0/stm32cubeide/plugins/com.st.stm32cube.ide.mcu.externaltools.gnu-tools-for-stm32.7-2018-q2-update.win32_1.5.0.202011040924/tools/bin/../lib/gcc/arm-none-eabi/7.3.1/../../../../arm-none-eabi/lib/thumb/v7e-m/fpv4-sp/hard\libc_nano.a(lib_a-fwalk.o)
 .ARM.attributes
                0x0000000000000677       0x34 c:/st/stm32cubeide_1.5.0/stm32cubeide/plugins/com.st.stm32cube.ide.mcu.externaltools.gnu-tools-for-stm32.7-2018-q2-update.win32_1.5.0.202011040924/tools/bin/../lib/gcc/arm-none-eabi/7.3.1/../../../../arm-none-eabi/lib/thumb/v7e-m/fpv4-sp/hard\libc_nano.a(lib_a-makebuf.o)
 .ARM.attributes
                0x00000000000006ab       0x34 c:/st/stm32cubeide_1.5.0/stm32cubeide/plugins/com.st.stm32cube.ide.mcu.externaltools.gnu-tools-for-stm32.7-2018-q2-update.win32_1.5.0.202011040924/tools/bin/../lib/gcc/arm-none-eabi/7.3.1/../../../../arm-none-eabi/lib/thumb/v7e-m/fpv4-sp/hard\libc_nano.a(lib_a-nano-freer.o)
 .ARM.attributes
                0x00000000000006df       0x34 c:/st/stm32cubeide_1.5.0/stm32cubeide/plugins/com.st.stm32cube.ide.mcu.externaltools.gnu-tools-for-stm32.7-2018-q2-update.win32_1.5.0.202011040924/tools/bin/../lib/gcc/arm-none-eabi/7.3.1/../../../../arm-none-eabi/lib/thumb/v7e-m/fpv4-sp/hard\libc_nano.a(lib_a-nano-mallocr.o)
 .ARM.attributes
                0x0000000000000713       0x34 c:/st/stm32cubeide_1.5.0/stm32cubeide/plugins/com.st.stm32cube.ide.mcu.externaltools.gnu-tools-for-stm32.7-2018-q2-update.win32_1.5.0.202011040924/tools/bin/../lib/gcc/arm-none-eabi/7.3.1/../../../../arm-none-eabi/lib/thumb/v7e-m/fpv4-sp/hard\libc_nano.a(lib_a-nano-vfprintf.o)
 .ARM.attributes
                0x0000000000000747       0x34 c:/st/stm32cubeide_1.5.0/stm32cubeide/plugins/com.st.stm32cube.ide.mcu.externaltools.gnu-tools-for-stm32.7-2018-q2-update.win32_1.5.0.202011040924/tools/bin/../lib/gcc/arm-none-eabi/7.3.1/../../../../arm-none-eabi/lib/thumb/v7e-m/fpv4-sp/hard\libc_nano.a(lib_a-nano-vfprintf_i.o)
 .ARM.attributes
                0x000000000000077b       0x34 c:/st/stm32cubeide_1.5.0/stm32cubeide/plugins/com.st.stm32cube.ide.mcu.externaltools.gnu-tools-for-stm32.7-2018-q2-update.win32_1.5.0.202011040924/tools/bin/../lib/gcc/arm-none-eabi/7.3.1/../../../../arm-none-eabi/lib/thumb/v7e-m/fpv4-sp/hard\libc_nano.a(lib_a-sbrkr.o)
 .ARM.attributes
                0x00000000000007af       0x34 c:/st/stm32cubeide_1.5.0/stm32cubeide/plugins/com.st.stm32cube.ide.mcu.externaltools.gnu-tools-for-stm32.7-2018-q2-update.win32_1.5.0.202011040924/tools/bin/../lib/gcc/arm-none-eabi/7.3.1/../../../../arm-none-eabi/lib/thumb/v7e-m/fpv4-sp/hard\libc_nano.a(lib_a-stdio.o)
 .ARM.attributes
                0x00000000000007e3       0x34 c:/st/stm32cubeide_1.5.0/stm32cubeide/plugins/com.st.stm32cube.ide.mcu.externaltools.gnu-tools-for-stm32.7-2018-q2-update.win32_1.5.0.202011040924/tools/bin/../lib/gcc/arm-none-eabi/7.3.1/../../../../arm-none-eabi/lib/thumb/v7e-m/fpv4-sp/hard\libc_nano.a(lib_a-writer.o)
 .ARM.attributes
                0x0000000000000817       0x34 c:/st/stm32cubeide_1.5.0/stm32cubeide/plugins/com.st.stm32cube.ide.mcu.externaltools.gnu-tools-for-stm32.7-2018-q2-update.win32_1.5.0.202011040924/tools/bin/../lib/gcc/arm-none-eabi/7.3.1/../../../../arm-none-eabi/lib/thumb/v7e-m/fpv4-sp/hard\libc_nano.a(lib_a-closer.o)
 .ARM.attributes
                0x000000000000084b       0x34 c:/st/stm32cubeide_1.5.0/stm32cubeide/plugins/com.st.stm32cube.ide.mcu.externaltools.gnu-tools-for-stm32.7-2018-q2-update.win32_1.5.0.202011040924/tools/bin/../lib/gcc/arm-none-eabi/7.3.1/../../../../arm-none-eabi/lib/thumb/v7e-m/fpv4-sp/hard\libc_nano.a(lib_a-fstatr.o)
 .ARM.attributes
                0x000000000000087f       0x34 c:/st/stm32cubeide_1.5.0/stm32cubeide/plugins/com.st.stm32cube.ide.mcu.externaltools.gnu-tools-for-stm32.7-2018-q2-update.win32_1.5.0.202011040924/tools/bin/../lib/gcc/arm-none-eabi/7.3.1/../../../../arm-none-eabi/lib/thumb/v7e-m/fpv4-sp/hard\libc_nano.a(lib_a-isattyr.o)
 .ARM.attributes
                0x00000000000008b3       0x34 c:/st/stm32cubeide_1.5.0/stm32cubeide/plugins/com.st.stm32cube.ide.mcu.externaltools.gnu-tools-for-stm32.7-2018-q2-update.win32_1.5.0.202011040924/tools/bin/../lib/gcc/arm-none-eabi/7.3.1/../../../../arm-none-eabi/lib/thumb/v7e-m/fpv4-sp/hard\libc_nano.a(lib_a-lseekr.o)
 .ARM.attributes
                0x00000000000008e7       0x20 c:/st/stm32cubeide_1.5.0/stm32cubeide/plugins/com.st.stm32cube.ide.mcu.externaltools.gnu-tools-for-stm32.7-2018-q2-update.win32_1.5.0.202011040924/tools/bin/../lib/gcc/arm-none-eabi/7.3.1/../../../../arm-none-eabi/lib/thumb/v7e-m/fpv4-sp/hard\libc_nano.a(lib_a-memchr.o)
 .ARM.attributes
                0x0000000000000907       0x34 c:/st/stm32cubeide_1.5.0/stm32cubeide/plugins/com.st.stm32cube.ide.mcu.externaltools.gnu-tools-for-stm32.7-2018-q2-update.win32_1.5.0.202011040924/tools/bin/../lib/gcc/arm-none-eabi/7.3.1/../../../../arm-none-eabi/lib/thumb/v7e-m/fpv4-sp/hard\libc_nano.a(lib_a-mlock.o)
 .ARM.attributes
                0x000000000000093b       0x34 c:/st/stm32cubeide_1.5.0/stm32cubeide/plugins/com.st.stm32cube.ide.mcu.externaltools.gnu-tools-for-stm32.7-2018-q2-update.win32_1.5.0.202011040924/tools/bin/../lib/gcc/arm-none-eabi/7.3.1/../../../../arm-none-eabi/lib/thumb/v7e-m/fpv4-sp/hard\libc_nano.a(lib_a-readr.o)
 .ARM.attributes
                0x000000000000096f       0x34 c:/st/stm32cubeide_1.5.0/stm32cubeide/plugins/com.st.stm32cube.ide.mcu.externaltools.gnu-tools-for-stm32.7-2018-q2-update.win32_1.5.0.202011040924/tools/bin/../lib/gcc/arm-none-eabi/7.3.1/../../../../arm-none-eabi/lib/thumb/v7e-m/fpv4-sp/hard\libc_nano.a(lib_a-reent.o)
 .ARM.attributes
                0x00000000000009a3       0x22 c:/st/stm32cubeide_1.5.0/stm32cubeide/plugins/com.st.stm32cube.ide.mcu.externaltools.gnu-tools-for-stm32.7-2018-q2-update.win32_1.5.0.202011040924/tools/bin/../lib/gcc/arm-none-eabi/7.3.1/thumb/v7e-m/fpv4-sp/hard\libgcc.a(_aeabi_uldivmod.o)
 .ARM.attributes
                0x00000000000009c5       0x34 c:/st/stm32cubeide_1.5.0/stm32cubeide/plugins/com.st.stm32cube.ide.mcu.externaltools.gnu-tools-for-stm32.7-2018-q2-update.win32_1.5.0.202011040924/tools/bin/../lib/gcc/arm-none-eabi/7.3.1/thumb/v7e-m/fpv4-sp/hard\libgcc.a(_udivmoddi4.o)
 .ARM.attributes
                0x00000000000009f9       0x22 c:/st/stm32cubeide_1.5.0/stm32cubeide/plugins/com.st.stm32cube.ide.mcu.externaltools.gnu-tools-for-stm32.7-2018-q2-update.win32_1.5.0.202011040924/tools/bin/../lib/gcc/arm-none-eabi/7.3.1/thumb/v7e-m/fpv4-sp/hard\libgcc.a(_dvmd_tls.o)
 .ARM.attributes
                0x0000000000000a1b       0x22 c:/st/stm32cubeide_1.5.0/stm32cubeide/plugins/com.st.stm32cube.ide.mcu.externaltools.gnu-tools-for-stm32.7-2018-q2-update.win32_1.5.0.202011040924/tools/bin/../lib/gcc/arm-none-eabi/7.3.1/thumb/v7e-m/fpv4-sp/hard/crtn.o
OUTPUT(06_01_SteamBuffer_create.elf elf32-littlearm)

.debug_info     0x0000000000000000     0xbec5
 .debug_info    0x0000000000000000      0x344 Core/Src/freertos.o
 .debug_info    0x0000000000000344     0x127b Core/Src/main.o
 .debug_info    0x00000000000015bf      0x586 Core/Src/stm32f4xx_hal_msp.o
 .debug_info    0x0000000000001b45      0x1fa Core/Src/stm32f4xx_it.o
 .debug_info    0x0000000000001d3f      0xebd Core/Src/syscalls.o
 .debug_info    0x0000000000002bfc      0x985 Core/Src/sysmem.o
 .debug_info    0x0000000000003581      0x554 Core/Src/system_stm32f4xx.o
 .debug_info    0x0000000000003ad5       0x22 Core/Startup/startup_stm32f407vgtx.o
 .debug_info    0x0000000000003af7      0x945 Drivers/STM32F4xx_HAL_Driver/Src/stm32f4xx_hal.o
 .debug_info    0x000000000000443c      0xe28 Drivers/STM32F4xx_HAL_Driver/Src/stm32f4xx_hal_cortex.o
 .debug_info    0x0000000000005264      0x7b5 Drivers/STM32F4xx_HAL_Driver/Src/stm32f4xx_hal_gpio.o
 .debug_info    0x0000000000005a19      0x904 Drivers/STM32F4xx_HAL_Driver/Src/stm32f4xx_hal_rcc.o
 .debug_info    0x000000000000631d      0xacb Middlewares/Third_Party/FreeRTOS/Source/list.o
 .debug_info    0x0000000000006de8     0x1b2c Middlewares/Third_Party/FreeRTOS/Source/stream_buffer.o
 .debug_info    0x0000000000008914     0x2494 Middlewares/Third_Party/FreeRTOS/Source/tasks.o
 .debug_info    0x000000000000ada8      0x533 Middlewares/Third_Party/FreeRTOS/Source/portable/GCC/ARM_CM4F/port.o
 .debug_info    0x000000000000b2db      0xbea Middlewares/Third_Party/FreeRTOS/Source/portable/MemMang/heap_4.o

.debug_abbrev   0x0000000000000000     0x20e3
 .debug_abbrev  0x0000000000000000      0x109 Core/Src/freertos.o
 .debug_abbrev  0x0000000000000109      0x31a Core/Src/main.o
 .debug_abbrev  0x0000000000000423      0x112 Core/Src/stm32f4xx_hal_msp.o
 .debug_abbrev  0x0000000000000535       0xc6 Core/Src/stm32f4xx_it.o
 .debug_abbrev  0x00000000000005fb      0x261 Core/Src/syscalls.o
 .debug_abbrev  0x000000000000085c      0x19b Core/Src/sysmem.o
 .debug_abbrev  0x00000000000009f7      0x12b Core/Src/system_stm32f4xx.o
 .debug_abbrev  0x0000000000000b22       0x12 Core/Startup/startup_stm32f407vgtx.o
 .debug_abbrev  0x0000000000000b34      0x1c7 Drivers/STM32F4xx_HAL_Driver/Src/stm32f4xx_hal.o
 .debug_abbrev  0x0000000000000cfb      0x2fa Drivers/STM32F4xx_HAL_Driver/Src/stm32f4xx_hal_cortex.o
 .debug_abbrev  0x0000000000000ff5      0x1c9 Drivers/STM32F4xx_HAL_Driver/Src/stm32f4xx_hal_gpio.o
 .debug_abbrev  0x00000000000011be      0x245 Drivers/STM32F4xx_HAL_Driver/Src/stm32f4xx_hal_rcc.o
 .debug_abbrev  0x0000000000001403      0x1cf Middlewares/Third_Party/FreeRTOS/Source/list.o
 .debug_abbrev  0x00000000000015d2      0x32b Middlewares/Third_Party/FreeRTOS/Source/stream_buffer.o
 .debug_abbrev  0x00000000000018fd      0x338 Middlewares/Third_Party/FreeRTOS/Source/tasks.o
 .debug_abbrev  0x0000000000001c35      0x210 Middlewares/Third_Party/FreeRTOS/Source/portable/GCC/ARM_CM4F/port.o
 .debug_abbrev  0x0000000000001e45      0x29e Middlewares/Third_Party/FreeRTOS/Source/portable/MemMang/heap_4.o

.debug_aranges  0x0000000000000000      0x868
 .debug_aranges
                0x0000000000000000       0x20 Core/Src/freertos.o
 .debug_aranges
                0x0000000000000020       0x58 Core/Src/main.o
 .debug_aranges
                0x0000000000000078       0x20 Core/Src/stm32f4xx_hal_msp.o
 .debug_aranges
                0x0000000000000098       0x50 Core/Src/stm32f4xx_it.o
 .debug_aranges
                0x00000000000000e8       0xa8 Core/Src/syscalls.o
 .debug_aranges
                0x0000000000000190       0x20 Core/Src/sysmem.o
 .debug_aranges
                0x00000000000001b0       0x28 Core/Src/system_stm32f4xx.o
 .debug_aranges
                0x00000000000001d8       0x28 Core/Startup/startup_stm32f407vgtx.o
 .debug_aranges
                0x0000000000000200       0xf0 Drivers/STM32F4xx_HAL_Driver/Src/stm32f4xx_hal.o
 .debug_aranges
                0x00000000000002f0      0x118 Drivers/STM32F4xx_HAL_Driver/Src/stm32f4xx_hal_cortex.o
 .debug_aranges
                0x0000000000000408       0x58 Drivers/STM32F4xx_HAL_Driver/Src/stm32f4xx_hal_gpio.o
 .debug_aranges
                0x0000000000000460       0x88 Drivers/STM32F4xx_HAL_Driver/Src/stm32f4xx_hal_rcc.o
 .debug_aranges
                0x00000000000004e8       0x40 Middlewares/Third_Party/FreeRTOS/Source/list.o
 .debug_aranges
                0x0000000000000528       0xc8 Middlewares/Third_Party/FreeRTOS/Source/stream_buffer.o
 .debug_aranges
                0x00000000000005f0      0x1a8 Middlewares/Third_Party/FreeRTOS/Source/tasks.o
 .debug_aranges
                0x0000000000000798       0x80 Middlewares/Third_Party/FreeRTOS/Source/portable/GCC/ARM_CM4F/port.o
 .debug_aranges
                0x0000000000000818       0x50 Middlewares/Third_Party/FreeRTOS/Source/portable/MemMang/heap_4.o

.debug_ranges   0x0000000000000000      0x760
 .debug_ranges  0x0000000000000000       0x10 Core/Src/freertos.o
 .debug_ranges  0x0000000000000010       0x48 Core/Src/main.o
 .debug_ranges  0x0000000000000058       0x10 Core/Src/stm32f4xx_hal_msp.o
 .debug_ranges  0x0000000000000068       0x40 Core/Src/stm32f4xx_it.o
 .debug_ranges  0x00000000000000a8       0x98 Core/Src/syscalls.o
 .debug_ranges  0x0000000000000140       0x10 Core/Src/sysmem.o
 .debug_ranges  0x0000000000000150       0x18 Core/Src/system_stm32f4xx.o
 .debug_ranges  0x0000000000000168       0x20 Core/Startup/startup_stm32f407vgtx.o
 .debug_ranges  0x0000000000000188       0xe0 Drivers/STM32F4xx_HAL_Driver/Src/stm32f4xx_hal.o
 .debug_ranges  0x0000000000000268      0x108 Drivers/STM32F4xx_HAL_Driver/Src/stm32f4xx_hal_cortex.o
 .debug_ranges  0x0000000000000370       0x48 Drivers/STM32F4xx_HAL_Driver/Src/stm32f4xx_hal_gpio.o
 .debug_ranges  0x00000000000003b8       0x78 Drivers/STM32F4xx_HAL_Driver/Src/stm32f4xx_hal_rcc.o
 .debug_ranges  0x0000000000000430       0x30 Middlewares/Third_Party/FreeRTOS/Source/list.o
 .debug_ranges  0x0000000000000460       0xb8 Middlewares/Third_Party/FreeRTOS/Source/stream_buffer.o
 .debug_ranges  0x0000000000000518      0x198 Middlewares/Third_Party/FreeRTOS/Source/tasks.o
 .debug_ranges  0x00000000000006b0       0x70 Middlewares/Third_Party/FreeRTOS/Source/portable/GCC/ARM_CM4F/port.o
 .debug_ranges  0x0000000000000720       0x40 Middlewares/Third_Party/FreeRTOS/Source/portable/MemMang/heap_4.o

.debug_macro    0x0000000000000000    0x220bd
 .debug_macro   0x0000000000000000      0x222 Core/Src/freertos.o
 .debug_macro   0x0000000000000222      0xa5a Core/Src/freertos.o
 .debug_macro   0x0000000000000c7c      0x174 Core/Src/freertos.o
 .debug_macro   0x0000000000000df0       0x22 Core/Src/freertos.o
 .debug_macro   0x0000000000000e12       0x8e Core/Src/freertos.o
 .debug_macro   0x0000000000000ea0       0x51 Core/Src/freertos.o
 .debug_macro   0x0000000000000ef1       0xef Core/Src/freertos.o
 .debug_macro   0x0000000000000fe0       0x6a Core/Src/freertos.o
 .debug_macro   0x000000000000104a      0x1df Core/Src/freertos.o
 .debug_macro   0x0000000000001229       0xe4 Core/Src/freertos.o
 .debug_macro   0x000000000000130d      0x15a Core/Src/freertos.o
 .debug_macro   0x0000000000001467       0xde Core/Src/freertos.o
 .debug_macro   0x0000000000001545       0x1c Core/Src/freertos.o
 .debug_macro   0x0000000000001561       0x26 Core/Src/freertos.o
 .debug_macro   0x0000000000001587      0x4e8 Core/Src/freertos.o
 .debug_macro   0x0000000000001a6f       0xb5 Core/Src/freertos.o
 .debug_macro   0x0000000000001b24       0xaa Core/Src/freertos.o
 .debug_macro   0x0000000000001bce      0x288 Core/Src/freertos.o
 .debug_macro   0x0000000000001e56       0x2e Core/Src/freertos.o
 .debug_macro   0x0000000000001e84       0x2f Core/Src/freertos.o
 .debug_macro   0x0000000000001eb3       0x1c Core/Src/freertos.o
 .debug_macro   0x0000000000001ecf       0x22 Core/Src/freertos.o
 .debug_macro   0x0000000000001ef1       0xdf Core/Src/freertos.o
 .debug_macro   0x0000000000001fd0     0x102d Core/Src/freertos.o
 .debug_macro   0x0000000000002ffd      0x11f Core/Src/freertos.o
 .debug_macro   0x000000000000311c    0x15e3c Core/Src/freertos.o
 .debug_macro   0x0000000000018f58       0x43 Core/Src/freertos.o
 .debug_macro   0x0000000000018f9b     0x3659 Core/Src/freertos.o
 .debug_macro   0x000000000001c5f4       0x5a Core/Src/freertos.o
 .debug_macro   0x000000000001c64e      0x96b Core/Src/freertos.o
 .debug_macro   0x000000000001cfb9      0x9fe Core/Src/freertos.o
 .debug_macro   0x000000000001d9b7      0x117 Core/Src/freertos.o
 .debug_macro   0x000000000001dace      0x13e Core/Src/freertos.o
 .debug_macro   0x000000000001dc0c       0x27 Core/Src/freertos.o
 .debug_macro   0x000000000001dc33      0x174 Core/Src/freertos.o
 .debug_macro   0x000000000001dda7      0x287 Core/Src/freertos.o
 .debug_macro   0x000000000001e02e       0x5f Core/Src/freertos.o
 .debug_macro   0x000000000001e08d      0x236 Core/Src/freertos.o
 .debug_macro   0x000000000001e2c3      0x12c Core/Src/freertos.o
 .debug_macro   0x000000000001e3ef      0x21e Core/Src/freertos.o
 .debug_macro   0x000000000001e60d       0x2e Core/Src/freertos.o
 .debug_macro   0x000000000001e63b      0x11a Core/Src/freertos.o
 .debug_macro   0x000000000001e755       0x7e Core/Src/freertos.o
 .debug_macro   0x000000000001e7d3       0x89 Core/Src/freertos.o
 .debug_macro   0x000000000001e85c      0x12d Core/Src/freertos.o
 .debug_macro   0x000000000001e989      0x3c3 Core/Src/main.o
 .debug_macro   0x000000000001ed4c       0xe4 Core/Src/main.o
 .debug_macro   0x000000000001ee30       0x91 Core/Src/main.o
 .debug_macro   0x000000000001eec1       0x8d Core/Src/main.o
 .debug_macro   0x000000000001ef4e       0x7e Core/Src/main.o
 .debug_macro   0x000000000001efcc       0x19 Core/Src/main.o
 .debug_macro   0x000000000001efe5       0x18 Core/Src/main.o
 .debug_macro   0x000000000001effd       0x46 Core/Src/main.o
 .debug_macro   0x000000000001f043       0x18 Core/Src/main.o
 .debug_macro   0x000000000001f05b       0x3c Core/Src/main.o
 .debug_macro   0x000000000001f097       0x34 Core/Src/main.o
 .debug_macro   0x000000000001f0cb       0x16 Core/Src/main.o
 .debug_macro   0x000000000001f0e1       0x35 Core/Src/main.o
 .debug_macro   0x000000000001f116      0x32a Core/Src/main.o
 .debug_macro   0x000000000001f440       0x10 Core/Src/main.o
 .debug_macro   0x000000000001f450       0x52 Core/Src/main.o
 .debug_macro   0x000000000001f4a2       0x1f Core/Src/main.o
 .debug_macro   0x000000000001f4c1       0x43 Core/Src/main.o
 .debug_macro   0x000000000001f504       0x20 Core/Src/main.o
 .debug_macro   0x000000000001f524      0x1a3 Core/Src/main.o
 .debug_macro   0x000000000001f6c7       0x10 Core/Src/main.o
 .debug_macro   0x000000000001f6d7       0x1c Core/Src/main.o
 .debug_macro   0x000000000001f6f3       0x52 Core/Src/main.o
 .debug_macro   0x000000000001f745       0x40 Core/Src/main.o
 .debug_macro   0x000000000001f785       0x10 Core/Src/main.o
 .debug_macro   0x000000000001f795       0x40 Core/Src/main.o
 .debug_macro   0x000000000001f7d5       0xd7 Core/Src/main.o
 .debug_macro   0x000000000001f8ac       0x1c Core/Src/main.o
 .debug_macro   0x000000000001f8c8       0x3d Core/Src/main.o
 .debug_macro   0x000000000001f905       0x16 Core/Src/main.o
 .debug_macro   0x000000000001f91b      0x145 Core/Src/main.o
 .debug_macro   0x000000000001fa60      0x1ba Core/Src/stm32f4xx_hal_msp.o
 .debug_macro   0x000000000001fc1a      0x22c Core/Src/stm32f4xx_it.o
 .debug_macro   0x000000000001fe46      0x243 Core/Src/syscalls.o
 .debug_macro   0x0000000000020089       0x40 Core/Src/syscalls.o
 .debug_macro   0x00000000000200c9       0x94 Core/Src/syscalls.o
 .debug_macro   0x000000000002015d       0x57 Core/Src/syscalls.o
 .debug_macro   0x00000000000201b4      0x330 Core/Src/syscalls.o
 .debug_macro   0x00000000000204e4       0x10 Core/Src/syscalls.o
 .debug_macro   0x00000000000204f4       0x10 Core/Src/syscalls.o
 .debug_macro   0x0000000000020504       0x10 Core/Src/syscalls.o
 .debug_macro   0x0000000000020514       0x35 Core/Src/syscalls.o
 .debug_macro   0x0000000000020549      0x122 Core/Src/syscalls.o
 .debug_macro   0x000000000002066b       0x16 Core/Src/syscalls.o
 .debug_macro   0x0000000000020681       0x16 Core/Src/syscalls.o
 .debug_macro   0x0000000000020697       0x29 Core/Src/syscalls.o
 .debug_macro   0x00000000000206c0       0x10 Core/Src/syscalls.o
 .debug_macro   0x00000000000206d0      0x241 Core/Src/syscalls.o
 .debug_macro   0x0000000000020911       0x1c Core/Src/syscalls.o
 .debug_macro   0x000000000002092d       0x10 Core/Src/syscalls.o
 .debug_macro   0x000000000002093d      0x189 Core/Src/syscalls.o
 .debug_macro   0x0000000000020ac6       0x16 Core/Src/syscalls.o
 .debug_macro   0x0000000000020adc       0x88 Core/Src/syscalls.o
 .debug_macro   0x0000000000020b64       0xee Core/Src/sysmem.o
 .debug_macro   0x0000000000020c52      0x23b Core/Src/sysmem.o
 .debug_macro   0x0000000000020e8d      0x1b6 Core/Src/system_stm32f4xx.o
 .debug_macro   0x0000000000021043      0x210 Drivers/STM32F4xx_HAL_Driver/Src/stm32f4xx_hal.o
 .debug_macro   0x0000000000021253      0x1b0 Drivers/STM32F4xx_HAL_Driver/Src/stm32f4xx_hal_cortex.o
 .debug_macro   0x0000000000021403      0x1e6 Drivers/STM32F4xx_HAL_Driver/Src/stm32f4xx_hal_gpio.o
 .debug_macro   0x00000000000215e9      0x1d4 Drivers/STM32F4xx_HAL_Driver/Src/stm32f4xx_hal_rcc.o
 .debug_macro   0x00000000000217bd      0x17a Middlewares/Third_Party/FreeRTOS/Source/list.o
 .debug_macro   0x0000000000021937      0x1d3 Middlewares/Third_Party/FreeRTOS/Source/stream_buffer.o
 .debug_macro   0x0000000000021b0a      0x26c Middlewares/Third_Party/FreeRTOS/Source/tasks.o
 .debug_macro   0x0000000000021d76       0x10 Middlewares/Third_Party/FreeRTOS/Source/tasks.o
 .debug_macro   0x0000000000021d86      0x196 Middlewares/Third_Party/FreeRTOS/Source/portable/GCC/ARM_CM4F/port.o
 .debug_macro   0x0000000000021f1c      0x1a1 Middlewares/Third_Party/FreeRTOS/Source/portable/MemMang/heap_4.o

.debug_line     0x0000000000000000     0x88b6
 .debug_line    0x0000000000000000      0x772 Core/Src/freertos.o
 .debug_line    0x0000000000000772      0xaa7 Core/Src/main.o
 .debug_line    0x0000000000001219      0x679 Core/Src/stm32f4xx_hal_msp.o
 .debug_line    0x0000000000001892      0x803 Core/Src/stm32f4xx_it.o
 .debug_line    0x0000000000002095      0x73e Core/Src/syscalls.o
 .debug_line    0x00000000000027d3      0x4c7 Core/Src/sysmem.o
 .debug_line    0x0000000000002c9a      0x693 Core/Src/system_stm32f4xx.o
 .debug_line    0x000000000000332d       0x85 Core/Startup/startup_stm32f407vgtx.o
 .debug_line    0x00000000000033b2      0x87d Drivers/STM32F4xx_HAL_Driver/Src/stm32f4xx_hal.o
 .debug_line    0x0000000000003c2f      0x9a1 Drivers/STM32F4xx_HAL_Driver/Src/stm32f4xx_hal_cortex.o
 .debug_line    0x00000000000045d0      0x85c Drivers/STM32F4xx_HAL_Driver/Src/stm32f4xx_hal_gpio.o
 .debug_line    0x0000000000004e2c      0x8d5 Drivers/STM32F4xx_HAL_Driver/Src/stm32f4xx_hal_rcc.o
 .debug_line    0x0000000000005701      0x66c Middlewares/Third_Party/FreeRTOS/Source/list.o
 .debug_line    0x0000000000005d6d      0xc21 Middlewares/Third_Party/FreeRTOS/Source/stream_buffer.o
 .debug_line    0x000000000000698e     0x1133 Middlewares/Third_Party/FreeRTOS/Source/tasks.o
 .debug_line    0x0000000000007ac1      0x6a3 Middlewares/Third_Party/FreeRTOS/Source/portable/GCC/ARM_CM4F/port.o
 .debug_line    0x0000000000008164      0x752 Middlewares/Third_Party/FreeRTOS/Source/portable/MemMang/heap_4.o

.debug_str      0x0000000000000000    0xc89f4
 .debug_str     0x0000000000000000    0xbdbd3 Core/Src/freertos.o
                                      0xbde81 (size before relaxing)
 .debug_str     0x00000000000bdbd3     0x5efc Core/Src/main.o
                                      0xc3ccb (size before relaxing)
 .debug_str     0x00000000000c3acf      0x4fd Core/Src/stm32f4xx_hal_msp.o
                                      0xba621 (size before relaxing)
 .debug_str     0x00000000000c3fcc       0xa2 Core/Src/stm32f4xx_it.o
                                      0xbddd1 (size before relaxing)
 .debug_str     0x00000000000c406e     0x1078 Core/Src/syscalls.o
                                       0x888b (size before relaxing)
 .debug_str     0x00000000000c50e6       0x6b Core/Src/sysmem.o
                                       0x5f59 (size before relaxing)
 .debug_str     0x00000000000c5151       0xc4 Core/Src/system_stm32f4xx.o
                                      0xba1ba (size before relaxing)
 .debug_str     0x00000000000c5215       0x36 Core/Startup/startup_stm32f407vgtx.o
                                         0x66 (size before relaxing)
 .debug_str     0x00000000000c524b      0x588 Drivers/STM32F4xx_HAL_Driver/Src/stm32f4xx_hal.o
                                      0xbac87 (size before relaxing)
 .debug_str     0x00000000000c57d3      0x392 Drivers/STM32F4xx_HAL_Driver/Src/stm32f4xx_hal_cortex.o
                                      0xbaa76 (size before relaxing)
 .debug_str     0x00000000000c5b65      0x20c Drivers/STM32F4xx_HAL_Driver/Src/stm32f4xx_hal_gpio.o
                                      0xba3f9 (size before relaxing)
 .debug_str     0x00000000000c5d71      0x259 Drivers/STM32F4xx_HAL_Driver/Src/stm32f4xx_hal_rcc.o
                                      0xba5a7 (size before relaxing)
 .debug_str     0x00000000000c5fca      0x13c Middlewares/Third_Party/FreeRTOS/Source/list.o
                                       0xa73c (size before relaxing)
 .debug_str     0x00000000000c6106      0xd35 Middlewares/Third_Party/FreeRTOS/Source/stream_buffer.o
                                       0xbae2 (size before relaxing)
 .debug_str     0x00000000000c6e3b     0x1148 Middlewares/Third_Party/FreeRTOS/Source/tasks.o
                                       0xc95d (size before relaxing)
 .debug_str     0x00000000000c7f83      0x817 Middlewares/Third_Party/FreeRTOS/Source/portable/GCC/ARM_CM4F/port.o
                                       0x8509 (size before relaxing)
 .debug_str     0x00000000000c879a      0x25a Middlewares/Third_Party/FreeRTOS/Source/portable/MemMang/heap_4.o
                                       0xaf2f (size before relaxing)

.comment        0x0000000000000000       0x7b
 .comment       0x0000000000000000       0x7b Core/Src/freertos.o
                                         0x7c (size before relaxing)
 .comment       0x000000000000007b       0x7c Core/Src/main.o
 .comment       0x000000000000007b       0x7c Core/Src/stm32f4xx_hal_msp.o